###############################################################################
#
# IAR ELF Linker V8.40.1.212/W32 for ARM                  19/Jun/2023  14:39:38
# Copyright 2007-2019 IAR Systems AB.
#
#    Output file  =  E:\Git\FY\SM5001\Boot\SM5001\Build\Exe\Boot.out
#    Map file     =  E:\Git\FY\SM5001\Boot\SM5001\Build\List\Boot.map
#    Command line =
#        -f C:\Users\xue\AppData\Local\Temp\EW36B6.tmp
#        (E:\Git\FY\SM5001\Boot\SM5001\Build\Obj\AnyID_Boot_Device.o
#        E:\Git\FY\SM5001\Boot\SM5001\Build\Obj\AnyID_Boot_EC20.o
#        E:\Git\FY\SM5001\Boot\SM5001\Build\Obj\AnyID_Boot_EC20_HL.o
#        E:\Git\FY\SM5001\Boot\SM5001\Build\Obj\AnyID_Boot_Flash_HL.o
#        E:\Git\FY\SM5001\Boot\SM5001\Build\Obj\AnyID_Boot_FlashM25.o
#        E:\Git\FY\SM5001\Boot\SM5001\Build\Obj\AnyID_Boot_FRam.o
#        E:\Git\FY\SM5001\Boot\SM5001\Build\Obj\AnyID_Boot_FRam_HL.o
#        E:\Git\FY\SM5001\Boot\SM5001\Build\Obj\AnyID_Boot_SysCfg.o
#        E:\Git\FY\SM5001\Boot\SM5001\Build\Obj\AnyID_Boot_SysTick_HL.o
#        E:\Git\FY\SM5001\Boot\SM5001\Build\Obj\AnyID_Boot_Uart.o
#        E:\Git\FY\SM5001\Boot\SM5001\Build\Obj\AnyID_Boot_Uart_HL.o
#        E:\Git\FY\SM5001\Boot\SM5001\Build\Obj\AnyID_FlashM25.o
#        E:\Git\FY\SM5001\Boot\SM5001\Build\Obj\AnyID_FRam.o
#        E:\Git\FY\SM5001\Boot\SM5001\Build\Obj\AnyID_Stdlib.o
#        E:\Git\FY\SM5001\Boot\SM5001\Build\Obj\AnyID_Uart_Receive.o
#        E:\Git\FY\SM5001\Boot\SM5001\Build\Obj\main.o
#        E:\Git\FY\SM5001\Boot\SM5001\Build\Obj\misc.o
#        E:\Git\FY\SM5001\Boot\SM5001\Build\Obj\startup_stm32f10x_hd.o
#        E:\Git\FY\SM5001\Boot\SM5001\Build\Obj\stm32f10x_flash.o
#        E:\Git\FY\SM5001\Boot\SM5001\Build\Obj\stm32f10x_gpio.o
#        E:\Git\FY\SM5001\Boot\SM5001\Build\Obj\stm32f10x_it.o
#        E:\Git\FY\SM5001\Boot\SM5001\Build\Obj\stm32f10x_iwdg.o
#        E:\Git\FY\SM5001\Boot\SM5001\Build\Obj\stm32f10x_rcc.o
#        E:\Git\FY\SM5001\Boot\SM5001\Build\Obj\stm32f10x_spi.o
#        E:\Git\FY\SM5001\Boot\SM5001\Build\Obj\stm32f10x_usart.o
#        E:\Git\FY\SM5001\Boot\SM5001\Build\Obj\system_stm32f10x.o --redirect
#        _Printf=_PrintfFull --redirect _Scanf=_ScanfFull --no_out_extension -o
#        E:\Git\FY\SM5001\Boot\SM5001\Build\Exe\Boot.out --map
#        E:\Git\FY\SM5001\Boot\SM5001\Build\List\Boot.map --config
#        E:\Git\FY\SM5001\Boot\SM5001\GD32F303xC.icf --semihosting --entry
#        __iar_program_start --vfe --text_out locale)
#
###############################################################################

*******************************************************************************
*** RUNTIME MODEL ATTRIBUTES
***

CppFlavor       = *
__SystemLibrary = DLib
__dlib_version  = 6


*******************************************************************************
*** HEAP SELECTION
***

The basic heap was selected because no calls to memory allocation
functions were found in the application outside of system library
functions, and there are calls to deallocation functions in the
application.


*******************************************************************************
*** PLACEMENT SUMMARY
***

"A0":  place at address 0x800'0000 { ro section .intvec };
"P1":  place in [from 0x800'0000 to 0x800'4000] { ro };
define block CSTACK with size = 4608, alignment = 8 { };
define block HEAP with size = 2K, alignment = 8 { };
"P2":  place in [from 0x2000'0000 to 0x2000'bfff] {
          rw, block CSTACK, block HEAP };
initialize by copy { rw };

  Section            Kind         Address    Size  Object
  -------            ----         -------    ----  ------
"A0":                                       0x130
  .intvec            ro code   0x800'0000   0x130  startup_stm32f10x_hd.o [1]
                             - 0x800'0130   0x130

"P1":                                      0x33e0
  .text              ro code   0x800'0130   0x8cc  AnyID_Boot_SysCfg.o [1]
  .text              ro code   0x800'09fc   0x254  stm32f10x_rcc.o [1]
  .text              ro code   0x800'0c50   0x14a  stm32f10x_flash.o [1]
  .text              ro code   0x800'0d9a    0x3a  zero_init3.o [3]
  .text              ro code   0x800'0dd4    0xac  misc.o [1]
  .text              ro code   0x800'0e80   0x10c  stm32f10x_gpio.o [1]
  .text              ro code   0x800'0f8c   0x1a4  AnyID_Boot_FRam_HL.o [1]
  .text              ro code   0x800'1130   0x140  AnyID_Boot_FRam.o [1]
  .text              ro code   0x800'1270   0x104  AnyID_Boot_Flash_HL.o [1]
  .text              ro code   0x800'1374   0x2cc  AnyID_FlashM25.o [1]
  .text              ro code   0x800'1640    0x10  AnyID_Boot_FlashM25.o [1]
  .text              ro code   0x800'1650   0x158  AnyID_Boot_Uart_HL.o [1]
  .text              ro code   0x800'17a8   0x6c0  AnyID_Boot_EC20.o [1]
  .text              ro code   0x800'1e68    0xa6  ABImemcpy.o [3]
  .text              ro code   0x800'1f0e    0x2e  copy_init3.o [3]
  .text              ro code   0x800'1f3c    0x78  AnyID_Boot_SysTick_HL.o [1]
  .text              ro code   0x800'1fb4   0x64c  AnyID_Boot_Device.o [1]
  .text              ro code   0x800'2600   0x212  stm32f10x_usart.o [1]
  .text              ro code   0x800'2814    0x68  memcmp.o [3]
  .text              ro code   0x800'287c   0x170  AnyID_Boot_EC20_HL.o [1]
  .text              ro code   0x800'29ec    0x3a  ABImemset48.o [3]
  .text              ro code   0x800'2a28    0x46  AnyID_Boot_Uart.o [1]
  .text              ro code   0x800'2a6e   0x1aa  AnyID_FRam.o [1]
  .text              ro code   0x800'2c18   0x1e4  AnyID_Stdlib.o [1]
  .text              ro code   0x800'2dfc    0x68  stm32f10x_spi.o [1]
  .text              ro code   0x800'2e64    0x36  strlen.o [3]
  .text              ro code   0x800'2e9a    0x2c  strstr.o [2]
  .text              ro code   0x800'2ec6    0x1e  strcat.o [2]
  .text              ro code   0x800'2ee4    0x66  ABImemset.o [3]
  .text              ro code   0x800'2f4c    0x16  strchr.o [3]
  .rodata            const     0x800'2f64   0x100  AnyID_Stdlib.o [1]
  .text              ro code   0x800'3064    0xec  system_stm32f10x.o [1]
  .text              ro code   0x800'3150    0xba  stm32f10x_it.o [1]
  .rodata            const     0x800'320c    0xb4  AnyID_Boot_Device.o [1]
  .rodata            const     0x800'32c0    0x68  AnyID_Boot_EC20.o [1]
  .text              ro code   0x800'3328    0x28  data_init.o [3]
  .text              ro code   0x800'3350    0x24  main.o [1]
  .iar.init_table    const     0x800'3374    0x24  - Linker created -
  .text              ro code   0x800'3398    0x1e  cmain.o [3]
  .text              ro code   0x800'33b6     0x4  low_level_init.o [2]
  .text              ro code   0x800'33ba     0x4  exit.o [2]
  .text              ro code   0x800'33c0     0xa  cexit.o [3]
  .text              ro code   0x800'33cc    0x14  exit.o [4]
  Initializer bytes  const     0x800'33e0    0x14  <for P2-1>
  .text              ro code   0x800'33f4    0x10  startup_stm32f10x_hd.o [1]
  .text              ro code   0x800'3404     0xc  cstartup_M.o [3]
  .rodata            const     0x800'3410     0x8  AnyID_Boot_EC20_HL.o [1]
  .rodata            const     0x800'3418     0x8  AnyID_Boot_EC20_HL.o [1]
  .rodata            const     0x800'3420     0x8  AnyID_Boot_Flash_HL.o [1]
  .text              ro code   0x800'3428     0x4  startup_stm32f10x_hd.o [1]
  .text              ro code   0x800'342c     0x4  startup_stm32f10x_hd.o [1]
  .text              ro code   0x800'3430     0x4  startup_stm32f10x_hd.o [1]
  .text              ro code   0x800'3434     0x4  startup_stm32f10x_hd.o [1]
  .text              ro code   0x800'3438     0x4  startup_stm32f10x_hd.o [1]
  .text              ro code   0x800'343c     0x4  startup_stm32f10x_hd.o [1]
  .text              ro code   0x800'3440     0x4  startup_stm32f10x_hd.o [1]
  .text              ro code   0x800'3444     0x4  startup_stm32f10x_hd.o [1]
  .text              ro code   0x800'3448     0x4  startup_stm32f10x_hd.o [1]
  .text              ro code   0x800'344c     0x4  startup_stm32f10x_hd.o [1]
  .text              ro code   0x800'3450     0x4  startup_stm32f10x_hd.o [1]
  .text              ro code   0x800'3454     0x4  startup_stm32f10x_hd.o [1]
  .text              ro code   0x800'3458     0x4  startup_stm32f10x_hd.o [1]
  .text              ro code   0x800'345c     0x4  startup_stm32f10x_hd.o [1]
  .text              ro code   0x800'3460     0x4  startup_stm32f10x_hd.o [1]
  .text              ro code   0x800'3464     0x4  startup_stm32f10x_hd.o [1]
  .text              ro code   0x800'3468     0x4  startup_stm32f10x_hd.o [1]
  .text              ro code   0x800'346c     0x4  startup_stm32f10x_hd.o [1]
  .text              ro code   0x800'3470     0x4  startup_stm32f10x_hd.o [1]
  .text              ro code   0x800'3474     0x4  startup_stm32f10x_hd.o [1]
  .text              ro code   0x800'3478     0x4  startup_stm32f10x_hd.o [1]
  .text              ro code   0x800'347c     0x4  startup_stm32f10x_hd.o [1]
  .text              ro code   0x800'3480     0x4  startup_stm32f10x_hd.o [1]
  .text              ro code   0x800'3484     0x4  startup_stm32f10x_hd.o [1]
  .text              ro code   0x800'3488     0x4  startup_stm32f10x_hd.o [1]
  .text              ro code   0x800'348c     0x4  startup_stm32f10x_hd.o [1]
  .text              ro code   0x800'3490     0x4  startup_stm32f10x_hd.o [1]
  .text              ro code   0x800'3494     0x4  startup_stm32f10x_hd.o [1]
  .text              ro code   0x800'3498     0x4  startup_stm32f10x_hd.o [1]
  .text              ro code   0x800'349c     0x4  startup_stm32f10x_hd.o [1]
  .text              ro code   0x800'34a0     0x4  startup_stm32f10x_hd.o [1]
  .text              ro code   0x800'34a4     0x4  startup_stm32f10x_hd.o [1]
  .text              ro code   0x800'34a8     0x4  startup_stm32f10x_hd.o [1]
  .text              ro code   0x800'34ac     0x4  startup_stm32f10x_hd.o [1]
  .text              ro code   0x800'34b0     0x4  startup_stm32f10x_hd.o [1]
  .text              ro code   0x800'34b4     0x4  startup_stm32f10x_hd.o [1]
  .text              ro code   0x800'34b8     0x4  startup_stm32f10x_hd.o [1]
  .text              ro code   0x800'34bc     0x4  startup_stm32f10x_hd.o [1]
  .text              ro code   0x800'34c0     0x4  startup_stm32f10x_hd.o [1]
  .text              ro code   0x800'34c4     0x4  startup_stm32f10x_hd.o [1]
  .text              ro code   0x800'34c8     0x4  startup_stm32f10x_hd.o [1]
  .text              ro code   0x800'34cc     0x4  startup_stm32f10x_hd.o [1]
  .text              ro code   0x800'34d0     0x4  startup_stm32f10x_hd.o [1]
  .text              ro code   0x800'34d4     0x4  startup_stm32f10x_hd.o [1]
  .text              ro code   0x800'34d8     0x4  startup_stm32f10x_hd.o [1]
  .text              ro code   0x800'34dc     0x4  startup_stm32f10x_hd.o [1]
  .text              ro code   0x800'34e0     0x4  startup_stm32f10x_hd.o [1]
  .text              ro code   0x800'34e4     0x4  startup_stm32f10x_hd.o [1]
  .text              ro code   0x800'34e8     0x4  startup_stm32f10x_hd.o [1]
  .text              ro code   0x800'34ec     0x4  startup_stm32f10x_hd.o [1]
  .text              ro code   0x800'34f0     0x4  startup_stm32f10x_hd.o [1]
  .text              ro code   0x800'34f4     0x4  startup_stm32f10x_hd.o [1]
  .text              ro code   0x800'34f8     0x4  startup_stm32f10x_hd.o [1]
  .text              ro code   0x800'34fc     0x4  startup_stm32f10x_hd.o [1]
  .text              ro code   0x800'3500     0x4  startup_stm32f10x_hd.o [1]
  .text              ro code   0x800'3504     0x4  startup_stm32f10x_hd.o [1]
  .text              ro code   0x800'3508     0x4  startup_stm32f10x_hd.o [1]
  .text              ro code   0x800'350c     0x4  startup_stm32f10x_hd.o [1]
  .rodata            const     0x800'3510     0x0  zero_init3.o [3]
  .rodata            const     0x800'3510     0x0  copy_init3.o [3]
                             - 0x800'3510  0x33e0

"P2", part 1 of 3:                           0x14
  P2-1                        0x2000'0000    0x14  <Init block>
    .data            inited   0x2000'0000    0x14  stm32f10x_rcc.o [1]
                            - 0x2000'0014    0x14

"P2", part 2 of 3:                         0x242c
  .bss               zero     0x2000'0014   0xa50  AnyID_Boot_Device.o [1]
  .bss               zero     0x2000'0a64   0x80c  AnyID_Boot_EC20.o [1]
  .bss               zero     0x2000'1270   0x610  AnyID_Boot_EC20.o [1]
  .bss               zero     0x2000'1880   0x400  AnyID_Boot_FlashM25.o [1]
  .bss               zero     0x2000'1c80   0x400  AnyID_Boot_FlashM25.o [1]
  .bss               zero     0x2000'2080   0x1ec  AnyID_Boot_Device.o [1]
  .bss               zero     0x2000'226c   0x12c  AnyID_Boot_EC20.o [1]
  .bss               zero     0x2000'2398    0x48  AnyID_Boot_EC20.o [1]
  .bss               zero     0x2000'23e0    0x20  AnyID_Boot_SysCfg.o [1]
  .bss               zero     0x2000'2400    0x1c  AnyID_Boot_FRam.o [1]
  .bss               zero     0x2000'241c    0x14  AnyID_Boot_EC20.o [1]
  .bss               zero     0x2000'2430     0x8  AnyID_Boot_SysTick_HL.o [1]
  .bss               zero     0x2000'2438     0x4  AnyID_Boot_Device.o [1]
  .bss               zero     0x2000'243c     0x2  AnyID_FlashM25.o [1]
  .bss               zero     0x2000'243e     0x1  stm32f10x_it.o [1]
                            - 0x2000'243f  0x242b

"P2", part 3 of 3:                         0x1200
  CSTACK                      0x2000'2440  0x1200  <Block>
    CSTACK           uninit   0x2000'2440  0x1200  <Block tail>
                            - 0x2000'3640  0x1200

Unused ranges:

         From           To    Size
         ----           --    ----
   0x800'3510   0x800'4000   0xaf1
  0x2000'3640  0x2000'bfff  0x89c0


*******************************************************************************
*** INIT TABLE
***

          Address      Size
          -------      ----
Zero (__iar_zero_init3)
    1 destination range, total size 0x242b:
          0x2000'0014  0x242b

Copy (__iar_copy_init3)
    1 source range, total size 0x14:
           0x800'33e0    0x14
    1 destination range, total size 0x14:
          0x2000'0000    0x14



*******************************************************************************
*** MODULE SUMMARY
***

    Module                   ro code  ro data  rw data
    ------                   -------  -------  -------
command line/config:
    --------------------------------------------------
    Total:

E:\Git\FY\SM5001\Boot\SM5001\Build\Obj: [1]
    AnyID_Boot_Device.o        1'612      180    3'136
    AnyID_Boot_EC20.o          1'728      104    4'004
    AnyID_Boot_EC20_HL.o         368       16
    AnyID_Boot_FRam.o            320                28
    AnyID_Boot_FRam_HL.o         420
    AnyID_Boot_FlashM25.o         16             2'048
    AnyID_Boot_Flash_HL.o        260        8
    AnyID_Boot_SysCfg.o        2'252                32
    AnyID_Boot_SysTick_HL.o      120                 8
    AnyID_Boot_Uart.o             70
    AnyID_Boot_Uart_HL.o         344
    AnyID_FRam.o                 426
    AnyID_FlashM25.o             716                 2
    AnyID_Stdlib.o               484      256
    main.o                        36
    misc.o                       172
    startup_stm32f10x_hd.o       552
    stm32f10x_flash.o            330
    stm32f10x_gpio.o             268
    stm32f10x_it.o               186                 1
    stm32f10x_rcc.o              596       20       20
    stm32f10x_spi.o              104
    stm32f10x_usart.o            530
    system_stm32f10x.o           236
    --------------------------------------------------
    Total:                    12'146      584    9'279

dl7M_tlf.a: [2]
    exit.o                         4
    low_level_init.o               4
    strcat.o                      30
    strstr.o                      44
    --------------------------------------------------
    Total:                        82

rt7M_tl.a: [3]
    ABImemcpy.o                  166
    ABImemset.o                  102
    ABImemset48.o                 58
    cexit.o                       10
    cmain.o                       30
    copy_init3.o                  46
    cstartup_M.o                  12
    data_init.o                   40
    memcmp.o                     104
    strchr.o                      22
    strlen.o                      54
    zero_init3.o                  58
    --------------------------------------------------
    Total:                       702

shb_l.a: [4]
    exit.o                        20
    --------------------------------------------------
    Total:                        20

    Gaps                          10        4
    Linker created                         36    4'608
------------------------------------------------------
    Grand Total:              12'960      624   13'887


*******************************************************************************
*** ENTRY LIST
***

Entry                       Address   Size  Type      Object
-----                       -------   ----  ----      ------
.iar.init_table$$Base    0x800'3374          --   Gb  - Linker created -
.iar.init_table$$Limit   0x800'3398          --   Gb  - Linker created -
?main                    0x800'3399         Code  Gb  cmain.o [3]
ADCPrescTable           0x2000'0010    0x4  Data  Lc  stm32f10x_rcc.o [1]
APBAHBPrescTable        0x2000'0000   0x10  Data  Lc  stm32f10x_rcc.o [1]
BL_WriteImagePage        0x800'2a3b   0x34  Code  Gb  AnyID_Boot_Uart.o [1]
BusFault_Handler         0x800'3157    0x2  Code  Gb  stm32f10x_it.o [1]
CSTACK$$Base            0x2000'2440          --   Gb  - Linker created -
CSTACK$$Limit           0x2000'3640          --   Gb  - Linker created -
DMA1_Channel1_IRQHandler
                         0x800'3209    0x2  Code  Gb  stm32f10x_it.o [1]
DebugMon_Handler         0x800'315d    0x2  Code  Gb  stm32f10x_it.o [1]
Device_Analys_Data       0x800'2401   0x1a  Code  Gb  AnyID_Boot_Device.o [1]
Device_Analys_Data::len
                        0x2000'2438    0x4  Data  Lc  AnyID_Boot_Device.o [1]
Device_Analys_Data_Len   0x800'241d   0x62  Code  Gb  AnyID_Boot_Device.o [1]
Device_Chk_Version       0x800'24b5   0x4e  Code  Gb  AnyID_Boot_Device.o [1]
Device_Chk_VersionFrame
                         0x800'220d  0x1a0  Code  Gb  AnyID_Boot_Device.o [1]
Device_CommunCheckRsp    0x800'2163   0x82  Code  Gb  AnyID_Boot_Device.o [1]
Device_CommunStep        0x800'21e9   0x22  Code  Gb  AnyID_Boot_Device.o [1]
Device_CommunTxCmd       0x800'1fc7  0x19c  Code  Gb  AnyID_Boot_Device.o [1]
Device_Delayms           0x800'1fb5   0x12  Code  Gb  AnyID_Boot_Device.o [1]
Device_Search_Data       0x800'247f   0x36  Code  Gb  AnyID_Boot_Device.o [1]
Device_WeiteData         0x800'23b1   0x50  Code  Gb  AnyID_Boot_Device.o [1]
EC20_ConfigInt           0x800'2927   0x22  Code  Gb  AnyID_Boot_EC20_HL.o [1]
EC20_ConnectCheckClose   0x800'1c85   0x24  Code  Gb  AnyID_Boot_EC20.o [1]
EC20_ConnectCheckRsp     0x800'1a8d  0x172  Code  Gb  AnyID_Boot_EC20.o [1]
EC20_ConnectInit         0x800'17c3  0x176  Code  Gb  AnyID_Boot_EC20.o [1]
EC20_ConnectStep         0x800'1c25   0x60  Code  Gb  AnyID_Boot_EC20.o [1]
EC20_ConnectTxCmd        0x800'1939  0x154  Code  Gb  AnyID_Boot_EC20.o [1]
EC20_Delayms             0x800'2983   0x12  Code  Gb  AnyID_Boot_EC20_HL.o [1]
EC20_EnableInt           0x800'2949   0x2e  Code  Gb  AnyID_Boot_EC20_HL.o [1]
EC20_Init                0x800'17a9   0x1a  Code  Gb  AnyID_Boot_EC20.o [1]
EC20_InitInterface       0x800'287d   0xaa  Code  Gb  AnyID_Boot_EC20_HL.o [1]
EC20_PORT_CTRL           0x800'3418    0x8  Data  Gb  AnyID_Boot_EC20_HL.o [1]
EC20_PORT_KEY            0x800'3410    0x8  Data  Gb  AnyID_Boot_EC20_HL.o [1]
EC20_WriteBuffer         0x800'2995   0x26  Code  Gb  AnyID_Boot_EC20_HL.o [1]
EC20_WriteByte           0x800'2977    0xc  Code  Gb  AnyID_Boot_EC20_HL.o [1]
EC20_WriteCmd            0x800'29cd   0x20  Code  Gb  AnyID_Boot_EC20_HL.o [1]
FLASH_CS_COM             0x800'3420    0x8  Data  Gb  AnyID_Boot_Flash_HL.o [1]
FLASH_ErasePage          0x800'0c95   0x42  Code  Gb  stm32f10x_flash.o [1]
FLASH_GetBank1Status     0x800'0d3d   0x22  Code  Gb  stm32f10x_flash.o [1]
FLASH_Lock               0x800'0c87    0xe  Code  Gb  stm32f10x_flash.o [1]
FLASH_PrefetchBufferCmd
                         0x800'0c61   0x14  Code  Gb  stm32f10x_flash.o [1]
FLASH_ProgramWord        0x800'0cd7   0x66  Code  Gb  stm32f10x_flash.o [1]
FLASH_SetLatency         0x800'0c51   0x10  Code  Gb  stm32f10x_flash.o [1]
FLASH_Unlock             0x800'0c75   0x12  Code  Gb  stm32f10x_flash.o [1]
FLASH_WaitForLastOperation
                         0x800'0d79   0x22  Code  Gb  stm32f10x_flash.o [1]
FRam_Delayms             0x800'0fc7   0x12  Code  Gb  AnyID_Boot_FRam_HL.o [1]
FRam_I2CAck              0x800'102f   0x26  Code  Gb  AnyID_Boot_FRam_HL.o [1]
FRam_I2CDelay            0x800'0fbb    0xc  Code  Gb  AnyID_Boot_FRam_HL.o [1]
FRam_I2CNoAck            0x800'1055   0x26  Code  Gb  AnyID_Boot_FRam_HL.o [1]
FRam_I2CReceiveByte      0x800'10e7   0x3e  Code  Gb  AnyID_Boot_FRam_HL.o [1]
FRam_I2CSendByte         0x800'10ad   0x3a  Code  Gb  AnyID_Boot_FRam_HL.o [1]
FRam_I2CStart            0x800'0fd9   0x30  Code  Gb  AnyID_Boot_FRam_HL.o [1]
FRam_I2CStop             0x800'1009   0x26  Code  Gb  AnyID_Boot_FRam_HL.o [1]
FRam_I2CWaitAck          0x800'107b   0x32  Code  Gb  AnyID_Boot_FRam_HL.o [1]
FRam_InitInterface       0x800'0f8d   0x2e  Code  Gb  AnyID_Boot_FRam_HL.o [1]
FRam_ReadBuffer          0x800'2a6f   0xb4  Code  Gb  AnyID_FRam.o [1]
FRam_WriteBuffer         0x800'2bab   0x6e  Code  Gb  AnyID_FRam.o [1]
FRam_WritePage           0x800'2b23   0x88  Code  Gb  AnyID_FRam.o [1]
Flash_Delay16us          0x800'135d   0x18  Code  Gb  AnyID_Boot_Flash_HL.o [1]
Flash_Demo               0x800'1641   0x10  Code  Gb  AnyID_Boot_FlashM25.o [1]
Flash_EraseSector        0x800'14b5   0xa8  Code  Gb  AnyID_FlashM25.o [1]
Flash_Init               0x800'1375   0x14  Code  Gb  AnyID_FlashM25.o [1]
Flash_InitInterface      0x800'1271   0xa2  Code  Gb  AnyID_Boot_Flash_HL.o [1]
Flash_ReadBuffer         0x800'155d   0x98  Code  Gb  AnyID_FlashM25.o [1]
Flash_ReadId             0x800'15f5   0x44  Code  Gb  AnyID_FlashM25.o [1]
Flash_ReadId::id        0x2000'243c    0x2  Data  Lc  AnyID_FlashM25.o [1]
Flash_WriteBuffer        0x800'144d   0x68  Code  Gb  AnyID_FlashM25.o [1]
Flash_WriteByte          0x800'1313   0x42  Code  Gb  AnyID_Boot_Flash_HL.o [1]
Flash_WritePage          0x800'1389   0xc4  Code  Gb  AnyID_FlashM25.o [1]
Fram_ReadBootParamenter
                         0x800'1131   0xb8  Code  Gb  AnyID_Boot_FRam.o [1]
Fram_WriteBackupBootParamenter
                         0x800'1233   0x38  Code  Gb  AnyID_Boot_FRam.o [1]
Fram_WriteBootParamenter
                         0x800'11e9   0x4a  Code  Gb  AnyID_Boot_FRam.o [1]
GPIO_Init                0x800'0e81   0x9c  Code  Gb  stm32f10x_gpio.o [1]
GPIO_PinRemapConfig      0x800'0f1d   0x6a  Code  Gb  stm32f10x_gpio.o [1]
HardFault_Handler        0x800'3153    0x2  Code  Gb  stm32f10x_it.o [1]
JumpAddress             0x2000'23f8    0x4  Data  Gb  AnyID_Boot_SysCfg.o [1]
Jump_To_Application     0x2000'23f4    0x4  Data  Gb  AnyID_Boot_SysCfg.o [1]
MemManage_Handler        0x800'3155    0x2  Code  Gb  stm32f10x_it.o [1]
NMI_Handler              0x800'3151    0x2  Code  Gb  stm32f10x_it.o [1]
NVIC_Init                0x800'0ddf   0x5a  Code  Gb  misc.o [1]
NVIC_PriorityGroupConfig
                         0x800'0dd5    0xa  Code  Gb  misc.o [1]
NVIC_SetVectorTable      0x800'0e39    0xc  Code  Gb  misc.o [1]
PendSV_Handler           0x800'315f    0x2  Code  Gb  stm32f10x_it.o [1]
RCC_ADCCLKConfig         0x800'0af5    0xe  Code  Gb  stm32f10x_rcc.o [1]
RCC_APB1PeriphClockCmd   0x800'0baf   0x16  Code  Gb  stm32f10x_rcc.o [1]
RCC_APB1PeriphResetCmd   0x800'0bdb   0x16  Code  Gb  stm32f10x_rcc.o [1]
RCC_APB2PeriphClockCmd   0x800'0b99   0x16  Code  Gb  stm32f10x_rcc.o [1]
RCC_APB2PeriphResetCmd   0x800'0bc5   0x16  Code  Gb  stm32f10x_rcc.o [1]
RCC_DeInit               0x800'09fd   0x32  Code  Gb  stm32f10x_rcc.o [1]
RCC_GetClocksFreq        0x800'0b03   0x96  Code  Gb  stm32f10x_rcc.o [1]
RCC_GetFlagStatus        0x800'0bf1   0x24  Code  Gb  stm32f10x_rcc.o [1]
RCC_GetSYSCLKSource      0x800'0ab9    0xa  Code  Gb  stm32f10x_rcc.o [1]
RCC_HCLKConfig           0x800'0ac3    0xe  Code  Gb  stm32f10x_rcc.o [1]
RCC_HSEConfig            0x800'0a2f   0x34  Code  Gb  stm32f10x_rcc.o [1]
RCC_PCLK1Config          0x800'0ad1    0xe  Code  Gb  stm32f10x_rcc.o [1]
RCC_PCLK2Config          0x800'0adf   0x10  Code  Gb  stm32f10x_rcc.o [1]
RCC_PLLCmd               0x800'0aa5    0x6  Code  Gb  stm32f10x_rcc.o [1]
RCC_PLLConfig            0x800'0a95   0x10  Code  Gb  stm32f10x_rcc.o [1]
RCC_SYSCLKConfig         0x800'0aab    0xe  Code  Gb  stm32f10x_rcc.o [1]
RCC_USBCLKConfig         0x800'0aef    0x6  Code  Gb  stm32f10x_rcc.o [1]
RCC_WaitForHSEStartUp    0x800'0a63   0x32  Code  Gb  stm32f10x_rcc.o [1]
Region$$Table$$Base      0x800'3374          --   Gb  - Linker created -
Region$$Table$$Limit     0x800'3398          --   Gb  - Linker created -
SPI_Cmd                  0x800'2e35   0x1a  Code  Gb  stm32f10x_spi.o [1]
SPI_I2S_GetFlagStatus    0x800'2e57    0xe  Code  Gb  stm32f10x_spi.o [1]
SPI_I2S_ReceiveData      0x800'2e53    0x4  Code  Gb  stm32f10x_spi.o [1]
SPI_I2S_SendData         0x800'2e4f    0x4  Code  Gb  stm32f10x_spi.o [1]
SPI_Init                 0x800'2dfd   0x38  Code  Gb  stm32f10x_spi.o [1]
STick_InitSysTick        0x800'1f7f   0x22  Code  Gb  AnyID_Boot_SysTick_HL.o [1]
SVC_Handler              0x800'315b    0x2  Code  Gb  stm32f10x_it.o [1]
SetSysClock              0x800'3099    0x2  Code  Lc  system_stm32f10x.o [1]
SetSysClockTo72          0x800'309b   0xa6  Code  Lc  system_stm32f10x.o [1]
SysTick_CLKSourceConfig
                         0x800'0e45   0x18  Code  Gb  misc.o [1]
SysTick_Config           0x800'1f57   0x28  Code  Lc  AnyID_Boot_SysTick_HL.o [1]
SysTick_Handler          0x800'3161   0x42  Code  Gb  stm32f10x_it.o [1]
Sys_BootTask             0x800'02f9  0x134  Code  Gb  AnyID_Boot_SysCfg.o [1]
Sys_BootTask::bootState
                        0x2000'23fc    0x4  Data  Lc  AnyID_Boot_SysCfg.o [1]
Sys_CfgClock             0x800'0143   0x70  Code  Gb  AnyID_Boot_SysCfg.o [1]
Sys_CfgNVIC              0x800'01cd   0x18  Code  Gb  AnyID_Boot_SysCfg.o [1]
Sys_CfgPeriphClk         0x800'01b3   0x1a  Code  Gb  AnyID_Boot_SysCfg.o [1]
Sys_CheckVersion         0x800'0461   0x5a  Code  Gb  AnyID_Boot_SysCfg.o [1]
Sys_CtrlIOInit           0x800'01e5   0x2a  Code  Gb  AnyID_Boot_SysCfg.o [1]
Sys_Delayms              0x800'0131   0x12  Code  Gb  AnyID_Boot_SysCfg.o [1]
Sys_DownDataTask         0x800'07bf   0xd2  Code  Gb  AnyID_Boot_SysCfg.o [1]
Sys_DownDataTask::upTick
                        0x2000'23e1    0x1  Data  Lc  AnyID_Boot_SysCfg.o [1]
Sys_DownDataTask::upTime
                        0x2000'23e0    0x1  Data  Lc  AnyID_Boot_SysCfg.o [1]
Sys_EC20Task             0x800'04bb  0x18a  Code  Gb  AnyID_Boot_SysCfg.o [1]
Sys_Init                 0x800'020f   0x84  Code  Gb  AnyID_Boot_SysCfg.o [1]
Sys_Jump                 0x800'02bd   0x3c  Code  Gb  AnyID_Boot_SysCfg.o [1]
Sys_LedTask              0x800'0293   0x2a  Code  Gb  AnyID_Boot_SysCfg.o [1]
Sys_LedTask{1}{2}::ledTimes
                        0x2000'23f0    0x4  Data  Lc  AnyID_Boot_SysCfg.o [1]
Sys_ReplaceDeviceTask    0x800'0891   0xf2  Code  Gb  AnyID_Boot_SysCfg.o [1]
Sys_ReplaceDeviceTask::flashTime
                        0x2000'23e2    0x1  Data  Lc  AnyID_Boot_SysCfg.o [1]
Sys_ReplaceDeviceTask::sector
                        0x2000'23e3    0x1  Data  Lc  AnyID_Boot_SysCfg.o [1]
Sys_ServerTask           0x800'0645  0x17a  Code  Gb  AnyID_Boot_SysCfg.o [1]
Sys_UartTask             0x800'042d   0x34  Code  Gb  AnyID_Boot_SysCfg.o [1]
SystemInit               0x800'3065   0x32  Code  Gb  system_stm32f10x.o [1]
UART5_IRQHandler         0x800'31a3   0x52  Code  Gb  stm32f10x_it.o [1]
USART_ClearFlag          0x800'27b7    0x6  Code  Gb  stm32f10x_usart.o [1]
USART_ClearITPendingBit
                         0x800'2803   0x10  Code  Gb  stm32f10x_usart.o [1]
USART_Cmd                0x800'2755   0x1a  Code  Gb  stm32f10x_usart.o [1]
USART_DeInit             0x800'2601   0x9a  Code  Gb  stm32f10x_usart.o [1]
USART_GetFlagStatus      0x800'27a9    0xe  Code  Gb  stm32f10x_usart.o [1]
USART_GetITStatus        0x800'27bd   0x46  Code  Gb  stm32f10x_usart.o [1]
USART_ITConfig           0x800'276f   0x3a  Code  Gb  stm32f10x_usart.o [1]
USART_Init               0x800'269b   0xa4  Code  Gb  stm32f10x_usart.o [1]
Uart_ConfigInt           0x800'16f3   0x22  Code  Gb  AnyID_Boot_Uart_HL.o [1]
Uart_EnableInt           0x800'1715   0x2e  Code  Gb  AnyID_Boot_Uart_HL.o [1]
Uart_EraseFlash          0x800'2a29   0x12  Code  Gb  AnyID_Boot_Uart.o [1]
Uart_InitInterface       0x800'1651   0xa2  Code  Gb  AnyID_Boot_Uart_HL.o [1]
Uart_WriteBuffer         0x800'174f   0x2c  Code  Gb  AnyID_Boot_Uart_HL.o [1]
Uart_WriteByte           0x800'1743    0xc  Code  Gb  AnyID_Boot_Uart_HL.o [1]
Uart_WriteCmd            0x800'1789   0x20  Code  Gb  AnyID_Boot_Uart_HL.o [1]
UsageFault_Handler       0x800'3159    0x2  Code  Gb  stm32f10x_it.o [1]
__ICFEDIT_region_RAM_end__ {Abs}
                        0x2000'bfff         Data  Gb  <internal module>
__ICFEDIT_region_RAM_start__ {Abs}
                        0x2000'0000         Data  Gb  <internal module>
__NVIC_SetPriority       0x800'1f3d   0x1a  Code  Lc  AnyID_Boot_SysTick_HL.o [1]
__aeabi_memcpy           0x800'1e69         Code  Gb  ABImemcpy.o [3]
__aeabi_memcpy4          0x800'1e89         Code  Gb  ABImemcpy.o [3]
__aeabi_memcpy8          0x800'1e89         Code  Gb  ABImemcpy.o [3]
__aeabi_memset           0x800'2ee5         Code  Gb  ABImemset.o [3]
__aeabi_memset4          0x800'29ed         Code  Gb  ABImemset48.o [3]
__aeabi_memset8          0x800'29ed         Code  Gb  ABImemset48.o [3]
__cmain                  0x800'3399         Code  Gb  cmain.o [3]
__exit                   0x800'33cd   0x14  Code  Gb  exit.o [4]
__iar_Memset             0x800'2ee5         Code  Gb  ABImemset.o [3]
__iar_Memset4_word       0x800'29f5         Code  Gb  ABImemset48.o [3]
__iar_Memset8_word       0x800'29f5         Code  Gb  ABImemset48.o [3]
__iar_Memset_word        0x800'2eed         Code  Gb  ABImemset.o [3]
__iar_Strchr             0x800'2f4d         Code  Gb  strchr.o [3]
__iar_copy_init3         0x800'1f0f   0x2e  Code  Gb  copy_init3.o [3]
__iar_data_init3         0x800'3329   0x28  Code  Gb  data_init.o [3]
__iar_program_start      0x800'3405         Code  Gb  cstartup_M.o [3]
__iar_zero_init3         0x800'0d9b   0x3a  Code  Gb  zero_init3.o [3]
__low_level_init         0x800'33b7    0x4  Code  Gb  low_level_init.o [2]
__vector_table           0x800'0000         Data  Gb  startup_stm32f10x_hd.o [1]
_call_main               0x800'33a5         Code  Gb  cmain.o [3]
_exit                    0x800'33c1         Code  Gb  cexit.o [3]
_main                    0x800'33b3         Code  Gb  cmain.o [3]
a_GetCrc                 0x800'2c19   0x40  Code  Gb  AnyID_Stdlib.o [1]
a_Str2Hex                0x800'2c59   0x3c  Code  Gb  AnyID_Stdlib.o [1]
a_atoi                   0x800'2c99  0x102  Code  Gb  AnyID_Stdlib.o [1]
a_itoa                   0x800'2d9b   0x62  Code  Gb  AnyID_Stdlib.o [1]
exit                     0x800'33bb    0x4  Code  Gb  exit.o [2]
g_aAsicto                0x800'2f64  0x100  Data  Gb  AnyID_Stdlib.o [1]
g_nDeviceNxtDownloadAddr
                        0x2000'23ec    0x4  Data  Gb  AnyID_Boot_SysCfg.o [1]
g_nDeviceNxtEraseAddr   0x2000'23e8    0x4  Data  Gb  AnyID_Boot_SysCfg.o [1]
g_nEC20RxByte           0x2000'243e    0x1  Data  Gb  stm32f10x_it.o [1]
g_nFlashUpData          0x2000'1880  0x400  Data  Gb  AnyID_Boot_FlashM25.o [1]
g_nFlashUpTempData      0x2000'1c80  0x400  Data  Gb  AnyID_Boot_FlashM25.o [1]
g_nHttpAtBuf            0x2000'0864  0x200  Data  Gb  AnyID_Boot_Device.o [1]
g_nImei                 0x2000'1860   0x10  Data  Gb  AnyID_Boot_EC20.o [1]
g_nImsiStr              0x2000'1870   0x10  Data  Gb  AnyID_Boot_EC20.o [1]
g_nSoftWare             0x2000'241c   0x14  Data  Gb  AnyID_Boot_EC20.o [1]
g_nSysDelay             0x2000'2434    0x4  Data  Gb  AnyID_Boot_SysTick_HL.o [1]
g_nSysState             0x2000'23e4    0x4  Data  Gb  AnyID_Boot_SysCfg.o [1]
g_nSysTick              0x2000'2430    0x4  Data  Gb  AnyID_Boot_SysTick_HL.o [1]
g_sDeviceServerTxBuf    0x2000'2080  0x1ec  Data  Gb  AnyID_Boot_Device.o [1]
g_sDeviceUpDataInfo     0x2000'0014  0x850  Data  Gb  AnyID_Boot_Device.o [1]
g_sEC20Connect          0x2000'226c  0x12c  Data  Gb  AnyID_Boot_EC20.o [1]
g_sEC20Params           0x2000'2398   0x48  Data  Gb  AnyID_Boot_EC20.o [1]
g_sEC20RcvBuffer        0x2000'1270  0x5f0  Data  Gb  AnyID_Boot_EC20.o [1]
g_sEC20RcvFrame         0x2000'0a64  0x80c  Data  Gb  AnyID_Boot_EC20.o [1]
g_sFramBootParamenter   0x2000'2400   0x1c  Data  Gb  AnyID_Boot_FRam.o [1]
main                     0x800'3351   0x24  Code  Gb  main.o [1]
memcmp                   0x800'2815         Code  Gb  memcmp.o [3]
strcat                   0x800'2ec7   0x1e  Code  Gb  strcat.o [2]
strchr                   0x800'2f4d         Code  Gb  strchr.o [3]
strlen                   0x800'2e65         Code  Gb  strlen.o [3]
strstr                   0x800'2e9b   0x2c  Code  Gb  strstr.o [2]


[1] = E:\Git\FY\SM5001\Boot\SM5001\Build\Obj
[2] = dl7M_tlf.a
[3] = rt7M_tl.a
[4] = shb_l.a

  12'960 bytes of readonly  code memory
     624 bytes of readonly  data memory
  13'887 bytes of readwrite data memory

Errors: none
Warnings: none
