###############################################################################
#
# IAR ELF Linker V8.40.1.212/W32 for ARM                  17/Jul/2023  10:47:01
# Copyright 2007-2019 IAR Systems AB.
#
#    Output file  =  E:\AnyID\Git\FY\SM5001_New\Boot\SM5001\Build\Exe\Boot.out
#    Map file     =  E:\AnyID\Git\FY\SM5001_New\Boot\SM5001\Build\List\Boot.map
#    Command line =
#        -f C:\Users\Administrator\AppData\Local\Temp\EW44C1.tmp
#        (E:\AnyID\Git\FY\SM5001_New\Boot\SM5001\Build\Obj\AnyID_Boot_Device.o
#        E:\AnyID\Git\FY\SM5001_New\Boot\SM5001\Build\Obj\AnyID_Boot_EC20.o
#        E:\AnyID\Git\FY\SM5001_New\Boot\SM5001\Build\Obj\AnyID_Boot_EC20_HL.o
#        E:\AnyID\Git\FY\SM5001_New\Boot\SM5001\Build\Obj\AnyID_Boot_Flash_HL.o
#        E:\AnyID\Git\FY\SM5001_New\Boot\SM5001\Build\Obj\AnyID_Boot_FlashM25.o
#        E:\AnyID\Git\FY\SM5001_New\Boot\SM5001\Build\Obj\AnyID_Boot_FRam.o
#        E:\AnyID\Git\FY\SM5001_New\Boot\SM5001\Build\Obj\AnyID_Boot_FRam_HL.o
#        E:\AnyID\Git\FY\SM5001_New\Boot\SM5001\Build\Obj\AnyID_Boot_Gate.o
#        E:\AnyID\Git\FY\SM5001_New\Boot\SM5001\Build\Obj\AnyID_Boot_Gate_HL.o
#        E:\AnyID\Git\FY\SM5001_New\Boot\SM5001\Build\Obj\AnyID_Boot_SysCfg.o
#        E:\AnyID\Git\FY\SM5001_New\Boot\SM5001\Build\Obj\AnyID_Boot_SysTick_HL.o
#        E:\AnyID\Git\FY\SM5001_New\Boot\SM5001\Build\Obj\AnyID_Boot_Uart.o
#        E:\AnyID\Git\FY\SM5001_New\Boot\SM5001\Build\Obj\AnyID_FlashM25.o
#        E:\AnyID\Git\FY\SM5001_New\Boot\SM5001\Build\Obj\AnyID_FRam.o
#        E:\AnyID\Git\FY\SM5001_New\Boot\SM5001\Build\Obj\AnyID_Stdlib.o
#        E:\AnyID\Git\FY\SM5001_New\Boot\SM5001\Build\Obj\AnyID_Uart_Receive.o
#        E:\AnyID\Git\FY\SM5001_New\Boot\SM5001\Build\Obj\main.o
#        E:\AnyID\Git\FY\SM5001_New\Boot\SM5001\Build\Obj\misc.o
#        E:\AnyID\Git\FY\SM5001_New\Boot\SM5001\Build\Obj\startup_stm32f10x_hd.o
#        E:\AnyID\Git\FY\SM5001_New\Boot\SM5001\Build\Obj\stm32f10x_flash.o
#        E:\AnyID\Git\FY\SM5001_New\Boot\SM5001\Build\Obj\stm32f10x_gpio.o
#        E:\AnyID\Git\FY\SM5001_New\Boot\SM5001\Build\Obj\stm32f10x_it.o
#        E:\AnyID\Git\FY\SM5001_New\Boot\SM5001\Build\Obj\stm32f10x_iwdg.o
#        E:\AnyID\Git\FY\SM5001_New\Boot\SM5001\Build\Obj\stm32f10x_rcc.o
#        E:\AnyID\Git\FY\SM5001_New\Boot\SM5001\Build\Obj\stm32f10x_spi.o
#        E:\AnyID\Git\FY\SM5001_New\Boot\SM5001\Build\Obj\stm32f10x_usart.o
#        E:\AnyID\Git\FY\SM5001_New\Boot\SM5001\Build\Obj\system_stm32f10x.o
#        --redirect _Printf=_PrintfFull --redirect _Scanf=_ScanfFull
#        --no_out_extension -o
#        E:\AnyID\Git\FY\SM5001_New\Boot\SM5001\Build\Exe\Boot.out --map
#        E:\AnyID\Git\FY\SM5001_New\Boot\SM5001\Build\List\Boot.map --config
#        E:\AnyID\Git\FY\SM5001_New\Boot\SM5001\GD32F303xC.icf --semihosting
#        --entry __iar_program_start --vfe --text_out locale)
#
###############################################################################

*******************************************************************************
*** RUNTIME MODEL ATTRIBUTES
***

CppFlavor       = *
__SystemLibrary = DLib
__dlib_version  = 6


*******************************************************************************
*** HEAP SELECTION
***

The basic heap was selected because no calls to memory allocation
functions were found in the application outside of system library
functions, and there are calls to deallocation functions in the
application.


*******************************************************************************
*** PLACEMENT SUMMARY
***

"A0":  place at address 0x800'0000 { ro section .intvec };
"P1":  place in [from 0x800'0000 to 0x800'4000] { ro };
define block CSTACK with size = 4608, alignment = 8 { };
define block HEAP with size = 2K, alignment = 8 { };
"P2":  place in [from 0x2000'0000 to 0x2000'bfff] {
          rw, block CSTACK, block HEAP };
initialize by copy { rw };

  Section            Kind         Address    Size  Object
  -------            ----         -------    ----  ------
"A0":                                       0x130
  .intvec            ro code   0x800'0000   0x130  startup_stm32f10x_hd.o [1]
                             - 0x800'0130   0x130

"P1":                                      0x3a7c
  .text              ro code   0x800'0130   0xb54  AnyID_Boot_SysCfg.o [1]
  .text              ro code   0x800'0c84   0x254  stm32f10x_rcc.o [1]
  .text              ro code   0x800'0ed8   0x14a  stm32f10x_flash.o [1]
  .text              ro code   0x800'1022    0x3a  zero_init3.o [3]
  .text              ro code   0x800'105c    0xac  misc.o [1]
  .text              ro code   0x800'1108   0x10c  stm32f10x_gpio.o [1]
  .text              ro code   0x800'1214   0x1a4  AnyID_Boot_FRam_HL.o [1]
  .text              ro code   0x800'13b8   0x14c  AnyID_Boot_FRam.o [1]
  .text              ro code   0x800'1504   0x104  AnyID_Boot_Flash_HL.o [1]
  .text              ro code   0x800'1608   0x2cc  AnyID_FlashM25.o [1]
  .text              ro code   0x800'18d4    0x10  AnyID_Boot_FlashM25.o [1]
  .text              ro code   0x800'18e4   0x164  AnyID_Boot_Gate_HL.o [1]
  .text              ro code   0x800'1a48   0x6c0  AnyID_Boot_EC20.o [1]
  .text              ro code   0x800'2108    0x78  AnyID_Boot_SysTick_HL.o [1]
  .text              ro code   0x800'2180   0x212  stm32f10x_usart.o [1]
  .text              ro code   0x800'2392    0x2e  copy_init3.o [3]
  .text              ro code   0x800'23c0    0x3a  ABImemset48.o [3]
  .text              ro code   0x800'23fc   0x1a4  AnyID_Boot_Gate.o [1]
  .text              ro code   0x800'25a0   0x204  AnyID_Boot_Uart.o [1]
  .text              ro code   0x800'27a4    0xa6  ABImemcpy.o [3]
  .text              ro code   0x800'284c   0x5dc  AnyID_Boot_Device.o [1]
  .text              ro code   0x800'2e28    0x68  memcmp.o [3]
  .text              ro code   0x800'2e90   0x170  AnyID_Boot_EC20_HL.o [1]
  .text              ro code   0x800'3000   0x1e4  AnyID_Stdlib.o [1]
  .text              ro code   0x800'31e4   0x1aa  AnyID_FRam.o [1]
  .text              ro code   0x800'3390    0x68  stm32f10x_spi.o [1]
  .text              ro code   0x800'33f8    0x2c  strstr.o [2]
  .text              ro code   0x800'3424    0x1e  strcat.o [2]
  .text              ro code   0x800'3444    0x66  ABImemset.o [3]
  .text              ro code   0x800'34ac    0x36  strlen.o [3]
  .text              ro code   0x800'34e4    0x16  strchr.o [3]
  .rodata            const     0x800'34fc   0x100  AnyID_Stdlib.o [1]
  .text              ro code   0x800'35fc    0xf6  stm32f10x_it.o [1]
  .text              ro code   0x800'36f2    0xcc  AnyID_Uart_Receive.o [1]
  .text              ro code   0x800'37c0    0xec  system_stm32f10x.o [1]
  .rodata            const     0x800'38ac    0xb4  AnyID_Boot_Device.o [1]
  .rodata            const     0x800'3960    0x68  AnyID_Boot_EC20.o [1]
  .text              ro code   0x800'39c8    0x28  data_init.o [3]
  .text              ro code   0x800'39f0    0x24  main.o [1]
  .iar.init_table    const     0x800'3a14    0x24  - Linker created -
  .text              ro code   0x800'3a38    0x1e  cmain.o [3]
  .text              ro code   0x800'3a56     0x4  low_level_init.o [2]
  .text              ro code   0x800'3a5a     0x4  exit.o [2]
  .text              ro code   0x800'3a60     0xa  cexit.o [3]
  .text              ro code   0x800'3a6c    0x14  exit.o [4]
  Initializer bytes  const     0x800'3a80    0x14  <for P2-1>
  .text              ro code   0x800'3a94    0x10  startup_stm32f10x_hd.o [1]
  .text              ro code   0x800'3aa4     0xc  cstartup_M.o [3]
  .rodata            const     0x800'3ab0     0x8  AnyID_Boot_EC20_HL.o [1]
  .rodata            const     0x800'3ab8     0x8  AnyID_Boot_EC20_HL.o [1]
  .rodata            const     0x800'3ac0     0x8  AnyID_Boot_Flash_HL.o [1]
  .text              ro code   0x800'3ac8     0x4  startup_stm32f10x_hd.o [1]
  .text              ro code   0x800'3acc     0x4  startup_stm32f10x_hd.o [1]
  .text              ro code   0x800'3ad0     0x4  startup_stm32f10x_hd.o [1]
  .text              ro code   0x800'3ad4     0x4  startup_stm32f10x_hd.o [1]
  .text              ro code   0x800'3ad8     0x4  startup_stm32f10x_hd.o [1]
  .text              ro code   0x800'3adc     0x4  startup_stm32f10x_hd.o [1]
  .text              ro code   0x800'3ae0     0x4  startup_stm32f10x_hd.o [1]
  .text              ro code   0x800'3ae4     0x4  startup_stm32f10x_hd.o [1]
  .text              ro code   0x800'3ae8     0x4  startup_stm32f10x_hd.o [1]
  .text              ro code   0x800'3aec     0x4  startup_stm32f10x_hd.o [1]
  .text              ro code   0x800'3af0     0x4  startup_stm32f10x_hd.o [1]
  .text              ro code   0x800'3af4     0x4  startup_stm32f10x_hd.o [1]
  .text              ro code   0x800'3af8     0x4  startup_stm32f10x_hd.o [1]
  .text              ro code   0x800'3afc     0x4  startup_stm32f10x_hd.o [1]
  .text              ro code   0x800'3b00     0x4  startup_stm32f10x_hd.o [1]
  .text              ro code   0x800'3b04     0x4  startup_stm32f10x_hd.o [1]
  .text              ro code   0x800'3b08     0x4  startup_stm32f10x_hd.o [1]
  .text              ro code   0x800'3b0c     0x4  startup_stm32f10x_hd.o [1]
  .text              ro code   0x800'3b10     0x4  startup_stm32f10x_hd.o [1]
  .text              ro code   0x800'3b14     0x4  startup_stm32f10x_hd.o [1]
  .text              ro code   0x800'3b18     0x4  startup_stm32f10x_hd.o [1]
  .text              ro code   0x800'3b1c     0x4  startup_stm32f10x_hd.o [1]
  .text              ro code   0x800'3b20     0x4  startup_stm32f10x_hd.o [1]
  .text              ro code   0x800'3b24     0x4  startup_stm32f10x_hd.o [1]
  .text              ro code   0x800'3b28     0x4  startup_stm32f10x_hd.o [1]
  .text              ro code   0x800'3b2c     0x4  startup_stm32f10x_hd.o [1]
  .text              ro code   0x800'3b30     0x4  startup_stm32f10x_hd.o [1]
  .text              ro code   0x800'3b34     0x4  startup_stm32f10x_hd.o [1]
  .text              ro code   0x800'3b38     0x4  startup_stm32f10x_hd.o [1]
  .text              ro code   0x800'3b3c     0x4  startup_stm32f10x_hd.o [1]
  .text              ro code   0x800'3b40     0x4  startup_stm32f10x_hd.o [1]
  .text              ro code   0x800'3b44     0x4  startup_stm32f10x_hd.o [1]
  .text              ro code   0x800'3b48     0x4  startup_stm32f10x_hd.o [1]
  .text              ro code   0x800'3b4c     0x4  startup_stm32f10x_hd.o [1]
  .text              ro code   0x800'3b50     0x4  startup_stm32f10x_hd.o [1]
  .text              ro code   0x800'3b54     0x4  startup_stm32f10x_hd.o [1]
  .text              ro code   0x800'3b58     0x4  startup_stm32f10x_hd.o [1]
  .text              ro code   0x800'3b5c     0x4  startup_stm32f10x_hd.o [1]
  .text              ro code   0x800'3b60     0x4  startup_stm32f10x_hd.o [1]
  .text              ro code   0x800'3b64     0x4  startup_stm32f10x_hd.o [1]
  .text              ro code   0x800'3b68     0x4  startup_stm32f10x_hd.o [1]
  .text              ro code   0x800'3b6c     0x4  startup_stm32f10x_hd.o [1]
  .text              ro code   0x800'3b70     0x4  startup_stm32f10x_hd.o [1]
  .text              ro code   0x800'3b74     0x4  startup_stm32f10x_hd.o [1]
  .text              ro code   0x800'3b78     0x4  startup_stm32f10x_hd.o [1]
  .text              ro code   0x800'3b7c     0x4  startup_stm32f10x_hd.o [1]
  .text              ro code   0x800'3b80     0x4  startup_stm32f10x_hd.o [1]
  .text              ro code   0x800'3b84     0x4  startup_stm32f10x_hd.o [1]
  .text              ro code   0x800'3b88     0x4  startup_stm32f10x_hd.o [1]
  .text              ro code   0x800'3b8c     0x4  startup_stm32f10x_hd.o [1]
  .text              ro code   0x800'3b90     0x4  startup_stm32f10x_hd.o [1]
  .text              ro code   0x800'3b94     0x4  startup_stm32f10x_hd.o [1]
  .text              ro code   0x800'3b98     0x4  startup_stm32f10x_hd.o [1]
  .text              ro code   0x800'3b9c     0x4  startup_stm32f10x_hd.o [1]
  .text              ro code   0x800'3ba0     0x4  startup_stm32f10x_hd.o [1]
  .text              ro code   0x800'3ba4     0x4  startup_stm32f10x_hd.o [1]
  .text              ro code   0x800'3ba8     0x4  startup_stm32f10x_hd.o [1]
  .rodata            const     0x800'3bac     0x0  zero_init3.o [3]
  .rodata            const     0x800'3bac     0x0  copy_init3.o [3]
                             - 0x800'3bac  0x3a7c

"P2", part 1 of 3:                           0x14
  P2-1                        0x2000'0000    0x14  <Init block>
    .data            inited   0x2000'0000    0x14  stm32f10x_rcc.o [1]
                            - 0x2000'0014    0x14

"P2", part 2 of 3:                         0x4854
  .bss               zero     0x2000'0014   0xe30  AnyID_Boot_Device.o [1]
  .bss               zero     0x2000'0e44   0xc14  AnyID_Boot_Gate.o [1]
  .bss               zero     0x2000'1a58   0x80c  AnyID_Boot_EC20.o [1]
  .bss               zero     0x2000'2264   0x80c  AnyID_Boot_Gate.o [1]
  .bss               zero     0x2000'2a70   0x80c  AnyID_Uart_Receive.o [1]
  .bss               zero     0x2000'327c   0x610  AnyID_Boot_EC20.o [1]
  .bss               zero     0x2000'388c   0x414  AnyID_Boot_FlashM25.o [1]
  .bss               zero     0x2000'3ca0   0x400  AnyID_Boot_FlashM25.o [1]
  .bss               zero     0x2000'40a0   0x400  AnyID_Boot_FlashM25.o [1]
  .bss               zero     0x2000'44a0   0x1ec  AnyID_Boot_Device.o [1]
  .bss               zero     0x2000'468c   0x12c  AnyID_Boot_EC20.o [1]
  .bss               zero     0x2000'47b8    0x48  AnyID_Boot_EC20.o [1]
  .bss               zero     0x2000'4800    0x38  AnyID_Boot_FRam.o [1]
  .bss               zero     0x2000'4838    0x20  AnyID_Boot_SysCfg.o [1]
  .bss               zero     0x2000'4858     0x8  AnyID_Boot_SysTick_HL.o [1]
  .bss               zero     0x2000'4860     0x4  AnyID_Boot_Device.o [1]
  .bss               zero     0x2000'4864     0x2  AnyID_FlashM25.o [1]
  .bss               zero     0x2000'4866     0x1  stm32f10x_it.o [1]
  .bss               zero     0x2000'4867     0x1  stm32f10x_it.o [1]
                            - 0x2000'4868  0x4854

"P2", part 3 of 3:                         0x1200
  CSTACK                      0x2000'4868  0x1200  <Block>
    CSTACK           uninit   0x2000'4868  0x1200  <Block tail>
                            - 0x2000'5a68  0x1200

Unused ranges:

         From           To    Size
         ----           --    ----
   0x800'3bac   0x800'4000   0x455
  0x2000'5a68  0x2000'bfff  0x6598


*******************************************************************************
*** INIT TABLE
***

          Address      Size
          -------      ----
Zero (__iar_zero_init3)
    1 destination range, total size 0x4854:
          0x2000'0014  0x4854

Copy (__iar_copy_init3)
    1 source range, total size 0x14:
           0x800'3a80    0x14
    1 destination range, total size 0x14:
          0x2000'0000    0x14



*******************************************************************************
*** MODULE SUMMARY
***

    Module                   ro code  ro data  rw data
    ------                   -------  -------  -------
command line/config:
    --------------------------------------------------
    Total:

E:\AnyID\Git\FY\SM5001_New\Boot\SM5001\Build\Obj: [1]
    AnyID_Boot_Device.o        1'500      180    4'128
    AnyID_Boot_EC20.o          1'728      104    3'984
    AnyID_Boot_EC20_HL.o         368       16
    AnyID_Boot_FRam.o            332                56
    AnyID_Boot_FRam_HL.o         420
    AnyID_Boot_FlashM25.o         16             3'092
    AnyID_Boot_Flash_HL.o        260        8
    AnyID_Boot_Gate.o            420             5'152
    AnyID_Boot_Gate_HL.o         356
    AnyID_Boot_SysCfg.o        2'900                32
    AnyID_Boot_SysTick_HL.o      120                 8
    AnyID_Boot_Uart.o            516
    AnyID_FRam.o                 426
    AnyID_FlashM25.o             716                 2
    AnyID_Stdlib.o               484      256
    AnyID_Uart_Receive.o         204             2'060
    main.o                        36
    misc.o                       172
    startup_stm32f10x_hd.o       548
    stm32f10x_flash.o            330
    stm32f10x_gpio.o             268
    stm32f10x_it.o               246                 2
    stm32f10x_rcc.o              596       20       20
    stm32f10x_spi.o              104
    stm32f10x_usart.o            530
    system_stm32f10x.o           236
    --------------------------------------------------
    Total:                    13'832      584   18'536

dl7M_tlf.a: [2]
    exit.o                         4
    low_level_init.o               4
    strcat.o                      30
    strstr.o                      44
    --------------------------------------------------
    Total:                        82

rt7M_tl.a: [3]
    ABImemcpy.o                  166
    ABImemset.o                  102
    ABImemset48.o                 58
    cexit.o                       10
    cmain.o                       30
    copy_init3.o                  46
    cstartup_M.o                  12
    data_init.o                   40
    memcmp.o                     104
    strchr.o                      22
    strlen.o                      54
    zero_init3.o                  58
    --------------------------------------------------
    Total:                       702

shb_l.a: [4]
    exit.o                        20
    --------------------------------------------------
    Total:                        20

    Gaps                          18        2
    Linker created                         36    4'608
------------------------------------------------------
    Grand Total:              14'654      622   23'144


*******************************************************************************
*** ENTRY LIST
***

Entry                       Address   Size  Type      Object
-----                       -------   ----  ----      ------
.iar.init_table$$Base    0x800'3a14          --   Gb  - Linker created -
.iar.init_table$$Limit   0x800'3a38          --   Gb  - Linker created -
?main                    0x800'3a39         Code  Gb  cmain.o [3]
ADCPrescTable           0x2000'0010    0x4  Data  Lc  stm32f10x_rcc.o [1]
APBAHBPrescTable        0x2000'0000   0x10  Data  Lc  stm32f10x_rcc.o [1]
BL_WriteImagePage        0x800'2771   0x34  Code  Gb  AnyID_Boot_Uart.o [1]
BusFault_Handler         0x800'3603    0x2  Code  Gb  stm32f10x_it.o [1]
CSTACK$$Base            0x2000'4868          --   Gb  - Linker created -
CSTACK$$Limit           0x2000'5a68          --   Gb  - Linker created -
DMA1_Channel1_IRQHandler
                         0x800'36f1    0x2  Code  Gb  stm32f10x_it.o [1]
DebugMon_Handler         0x800'3609    0x2  Code  Gb  stm32f10x_it.o [1]
Device_Analys_Data       0x800'2c1d   0x20  Code  Gb  AnyID_Boot_Device.o [1]
Device_Analys_Data::len
                        0x2000'4860    0x4  Data  Lc  AnyID_Boot_Device.o [1]
Device_Analys_Data_Len   0x800'2c3d   0x76  Code  Gb  AnyID_Boot_Device.o [1]
Device_Chk_Version       0x800'2ce9   0x4c  Code  Gb  AnyID_Boot_Device.o [1]
Device_Chk_VersionFrame
                         0x800'2ab7  0x10c  Code  Gb  AnyID_Boot_Device.o [1]
Device_CommunCheckRsp    0x800'29c5   0xd0  Code  Gb  AnyID_Boot_Device.o [1]
Device_CommunStep        0x800'2a95   0x22  Code  Gb  AnyID_Boot_Device.o [1]
Device_CommunTxCmd       0x800'285f  0x166  Code  Gb  AnyID_Boot_Device.o [1]
Device_Delayms           0x800'284d   0x12  Code  Gb  AnyID_Boot_Device.o [1]
Device_Search_Data       0x800'2cb3   0x36  Code  Gb  AnyID_Boot_Device.o [1]
Device_WeiteData         0x800'2bc9   0x50  Code  Gb  AnyID_Boot_Device.o [1]
EC20_ConfigInt           0x800'2f3b   0x22  Code  Gb  AnyID_Boot_EC20_HL.o [1]
EC20_ConnectCheckClose   0x800'1f25   0x24  Code  Gb  AnyID_Boot_EC20.o [1]
EC20_ConnectCheckRsp     0x800'1d2d  0x172  Code  Gb  AnyID_Boot_EC20.o [1]
EC20_ConnectInit         0x800'1a63  0x176  Code  Gb  AnyID_Boot_EC20.o [1]
EC20_ConnectStep         0x800'1ec5   0x60  Code  Gb  AnyID_Boot_EC20.o [1]
EC20_ConnectTxCmd        0x800'1bd9  0x154  Code  Gb  AnyID_Boot_EC20.o [1]
EC20_Delayms             0x800'2f97   0x12  Code  Gb  AnyID_Boot_EC20_HL.o [1]
EC20_EnableInt           0x800'2f5d   0x2e  Code  Gb  AnyID_Boot_EC20_HL.o [1]
EC20_Init                0x800'1a49   0x1a  Code  Gb  AnyID_Boot_EC20.o [1]
EC20_InitInterface       0x800'2e91   0xaa  Code  Gb  AnyID_Boot_EC20_HL.o [1]
EC20_PORT_CTRL           0x800'3ab8    0x8  Data  Gb  AnyID_Boot_EC20_HL.o [1]
EC20_PORT_KEY            0x800'3ab0    0x8  Data  Gb  AnyID_Boot_EC20_HL.o [1]
EC20_WriteBuffer         0x800'2fa9   0x26  Code  Gb  AnyID_Boot_EC20_HL.o [1]
EC20_WriteByte           0x800'2f8b    0xc  Code  Gb  AnyID_Boot_EC20_HL.o [1]
EC20_WriteCmd            0x800'2fe1   0x20  Code  Gb  AnyID_Boot_EC20_HL.o [1]
FLASH_CS_COM             0x800'3ac0    0x8  Data  Gb  AnyID_Boot_Flash_HL.o [1]
FLASH_ErasePage          0x800'0f1d   0x42  Code  Gb  stm32f10x_flash.o [1]
FLASH_GetBank1Status     0x800'0fc5   0x22  Code  Gb  stm32f10x_flash.o [1]
FLASH_Lock               0x800'0f0f    0xe  Code  Gb  stm32f10x_flash.o [1]
FLASH_PrefetchBufferCmd
                         0x800'0ee9   0x14  Code  Gb  stm32f10x_flash.o [1]
FLASH_ProgramWord        0x800'0f5f   0x66  Code  Gb  stm32f10x_flash.o [1]
FLASH_SetLatency         0x800'0ed9   0x10  Code  Gb  stm32f10x_flash.o [1]
FLASH_Unlock             0x800'0efd   0x12  Code  Gb  stm32f10x_flash.o [1]
FLASH_WaitForLastOperation
                         0x800'1001   0x22  Code  Gb  stm32f10x_flash.o [1]
FRam_Delayms             0x800'124f   0x12  Code  Gb  AnyID_Boot_FRam_HL.o [1]
FRam_I2CAck              0x800'12b7   0x26  Code  Gb  AnyID_Boot_FRam_HL.o [1]
FRam_I2CDelay            0x800'1243    0xc  Code  Gb  AnyID_Boot_FRam_HL.o [1]
FRam_I2CNoAck            0x800'12dd   0x26  Code  Gb  AnyID_Boot_FRam_HL.o [1]
FRam_I2CReceiveByte      0x800'136f   0x3e  Code  Gb  AnyID_Boot_FRam_HL.o [1]
FRam_I2CSendByte         0x800'1335   0x3a  Code  Gb  AnyID_Boot_FRam_HL.o [1]
FRam_I2CStart            0x800'1261   0x30  Code  Gb  AnyID_Boot_FRam_HL.o [1]
FRam_I2CStop             0x800'1291   0x26  Code  Gb  AnyID_Boot_FRam_HL.o [1]
FRam_I2CWaitAck          0x800'1303   0x32  Code  Gb  AnyID_Boot_FRam_HL.o [1]
FRam_InitInterface       0x800'1215   0x2e  Code  Gb  AnyID_Boot_FRam_HL.o [1]
FRam_ReadBuffer          0x800'31e5   0xb4  Code  Gb  AnyID_FRam.o [1]
FRam_WriteBuffer         0x800'3321   0x6e  Code  Gb  AnyID_FRam.o [1]
FRam_WritePage           0x800'3299   0x88  Code  Gb  AnyID_FRam.o [1]
Flash_Delay16us          0x800'15f1   0x18  Code  Gb  AnyID_Boot_Flash_HL.o [1]
Flash_Demo               0x800'18d5   0x10  Code  Gb  AnyID_Boot_FlashM25.o [1]
Flash_EraseSector        0x800'1749   0xa8  Code  Gb  AnyID_FlashM25.o [1]
Flash_Init               0x800'1609   0x14  Code  Gb  AnyID_FlashM25.o [1]
Flash_InitInterface      0x800'1505   0xa2  Code  Gb  AnyID_Boot_Flash_HL.o [1]
Flash_ReadBuffer         0x800'17f1   0x98  Code  Gb  AnyID_FlashM25.o [1]
Flash_ReadId             0x800'1889   0x44  Code  Gb  AnyID_FlashM25.o [1]
Flash_ReadId::id        0x2000'4864    0x2  Data  Lc  AnyID_FlashM25.o [1]
Flash_WriteBuffer        0x800'16e1   0x68  Code  Gb  AnyID_FlashM25.o [1]
Flash_WriteByte          0x800'15a7   0x42  Code  Gb  AnyID_Boot_Flash_HL.o [1]
Flash_WritePage          0x800'161d   0xc4  Code  Gb  AnyID_FlashM25.o [1]
Fram_ReadBootParamenter
                         0x800'13b9   0xc6  Code  Gb  AnyID_Boot_FRam.o [1]
Fram_WriteBackupBootParamenter
                         0x800'14c9   0x38  Code  Gb  AnyID_Boot_FRam.o [1]
Fram_WriteBootParamenter
                         0x800'147f   0x4a  Code  Gb  AnyID_Boot_FRam.o [1]
GPIO_Init                0x800'1109   0x9c  Code  Gb  stm32f10x_gpio.o [1]
GPIO_PinRemapConfig      0x800'11a5   0x6a  Code  Gb  stm32f10x_gpio.o [1]
Gate_ConfigInt           0x800'1991   0x2a  Code  Gb  AnyID_Boot_Gate_HL.o [1]
Gate_Delayms             0x800'19e9   0x12  Code  Gb  AnyID_Boot_Gate_HL.o [1]
Gate_EnableInt           0x800'19bb   0x2e  Code  Gb  AnyID_Boot_Gate_HL.o [1]
Gate_InitInterface       0x800'18e5   0xac  Code  Gb  AnyID_Boot_Gate_HL.o [1]
Gate_ProcessBootFrame    0x800'24fd   0x92  Code  Gb  AnyID_Boot_Gate.o [1]
Gate_StepBoot            0x800'23fd  0x100  Code  Gb  AnyID_Boot_Gate.o [1]
Gate_WriteBuffer         0x800'19fb   0x3c  Code  Gb  AnyID_Boot_Gate_HL.o [1]
HardFault_Handler        0x800'35ff    0x2  Code  Gb  stm32f10x_it.o [1]
JumpAddress             0x2000'4850    0x4  Data  Gb  AnyID_Boot_SysCfg.o [1]
Jump_To_Application     0x2000'484c    0x4  Data  Gb  AnyID_Boot_SysCfg.o [1]
MemManage_Handler        0x800'3601    0x2  Code  Gb  stm32f10x_it.o [1]
NMI_Handler              0x800'35fd    0x2  Code  Gb  stm32f10x_it.o [1]
NVIC_Init                0x800'1067   0x5a  Code  Gb  misc.o [1]
NVIC_PriorityGroupConfig
                         0x800'105d    0xa  Code  Gb  misc.o [1]
NVIC_SetVectorTable      0x800'10c1    0xc  Code  Gb  misc.o [1]
PendSV_Handler           0x800'360b    0x2  Code  Gb  stm32f10x_it.o [1]
RCC_ADCCLKConfig         0x800'0d7d    0xe  Code  Gb  stm32f10x_rcc.o [1]
RCC_APB1PeriphClockCmd   0x800'0e37   0x16  Code  Gb  stm32f10x_rcc.o [1]
RCC_APB1PeriphResetCmd   0x800'0e63   0x16  Code  Gb  stm32f10x_rcc.o [1]
RCC_APB2PeriphClockCmd   0x800'0e21   0x16  Code  Gb  stm32f10x_rcc.o [1]
RCC_APB2PeriphResetCmd   0x800'0e4d   0x16  Code  Gb  stm32f10x_rcc.o [1]
RCC_DeInit               0x800'0c85   0x32  Code  Gb  stm32f10x_rcc.o [1]
RCC_GetClocksFreq        0x800'0d8b   0x96  Code  Gb  stm32f10x_rcc.o [1]
RCC_GetFlagStatus        0x800'0e79   0x24  Code  Gb  stm32f10x_rcc.o [1]
RCC_GetSYSCLKSource      0x800'0d41    0xa  Code  Gb  stm32f10x_rcc.o [1]
RCC_HCLKConfig           0x800'0d4b    0xe  Code  Gb  stm32f10x_rcc.o [1]
RCC_HSEConfig            0x800'0cb7   0x34  Code  Gb  stm32f10x_rcc.o [1]
RCC_PCLK1Config          0x800'0d59    0xe  Code  Gb  stm32f10x_rcc.o [1]
RCC_PCLK2Config          0x800'0d67   0x10  Code  Gb  stm32f10x_rcc.o [1]
RCC_PLLCmd               0x800'0d2d    0x6  Code  Gb  stm32f10x_rcc.o [1]
RCC_PLLConfig            0x800'0d1d   0x10  Code  Gb  stm32f10x_rcc.o [1]
RCC_SYSCLKConfig         0x800'0d33    0xe  Code  Gb  stm32f10x_rcc.o [1]
RCC_USBCLKConfig         0x800'0d77    0x6  Code  Gb  stm32f10x_rcc.o [1]
RCC_WaitForHSEStartUp    0x800'0ceb   0x32  Code  Gb  stm32f10x_rcc.o [1]
Region$$Table$$Base      0x800'3a14          --   Gb  - Linker created -
Region$$Table$$Limit     0x800'3a38          --   Gb  - Linker created -
SPI_Cmd                  0x800'33c9   0x1a  Code  Gb  stm32f10x_spi.o [1]
SPI_I2S_GetFlagStatus    0x800'33eb    0xe  Code  Gb  stm32f10x_spi.o [1]
SPI_I2S_ReceiveData      0x800'33e7    0x4  Code  Gb  stm32f10x_spi.o [1]
SPI_I2S_SendData         0x800'33e3    0x4  Code  Gb  stm32f10x_spi.o [1]
SPI_Init                 0x800'3391   0x38  Code  Gb  stm32f10x_spi.o [1]
STick_InitSysTick        0x800'214b   0x22  Code  Gb  AnyID_Boot_SysTick_HL.o [1]
SVC_Handler              0x800'3607    0x2  Code  Gb  stm32f10x_it.o [1]
SetSysClock              0x800'37f5    0x2  Code  Lc  system_stm32f10x.o [1]
SetSysClockTo72          0x800'37f7   0xa6  Code  Lc  system_stm32f10x.o [1]
SysTick_CLKSourceConfig
                         0x800'10cd   0x18  Code  Gb  misc.o [1]
SysTick_Config           0x800'2123   0x28  Code  Lc  AnyID_Boot_SysTick_HL.o [1]
SysTick_Handler          0x800'360d   0x42  Code  Gb  stm32f10x_it.o [1]
Sys_BootTask             0x800'049b  0x16e  Code  Gb  AnyID_Boot_SysCfg.o [1]
Sys_BootTask::bootState
                        0x2000'4854    0x4  Data  Lc  AnyID_Boot_SysCfg.o [1]
Sys_CfgClock             0x800'0143   0x70  Code  Gb  AnyID_Boot_SysCfg.o [1]
Sys_CfgNVIC              0x800'01cd   0x18  Code  Gb  AnyID_Boot_SysCfg.o [1]
Sys_CfgPeriphClk         0x800'01b3   0x1a  Code  Gb  AnyID_Boot_SysCfg.o [1]
Sys_CheckVersion         0x800'0609   0x5a  Code  Gb  AnyID_Boot_SysCfg.o [1]
Sys_CtrlIOInit           0x800'01e5   0x3a  Code  Gb  AnyID_Boot_SysCfg.o [1]
Sys_Delayms              0x800'0131   0x12  Code  Gb  AnyID_Boot_SysCfg.o [1]
Sys_DownDataTask         0x800'0977  0x16a  Code  Gb  AnyID_Boot_SysCfg.o [1]
Sys_DownDataTask::infromTick
                        0x2000'483a    0x1  Data  Lc  AnyID_Boot_SysCfg.o [1]
Sys_DownDataTask::infromTime
                        0x2000'483b    0x1  Data  Lc  AnyID_Boot_SysCfg.o [1]
Sys_DownDataTask::upTick
                        0x2000'4839    0x1  Data  Lc  AnyID_Boot_SysCfg.o [1]
Sys_DownDataTask::upTime
                        0x2000'4838    0x1  Data  Lc  AnyID_Boot_SysCfg.o [1]
Sys_EC20Task             0x800'0663  0x192  Code  Gb  AnyID_Boot_SysCfg.o [1]
Sys_GateTask             0x800'030d  0x18e  Code  Gb  AnyID_Boot_SysCfg.o [1]
Sys_Init                 0x800'021f   0x80  Code  Gb  AnyID_Boot_SysCfg.o [1]
Sys_Jump                 0x800'02d1   0x3c  Code  Gb  AnyID_Boot_SysCfg.o [1]
Sys_LedTask              0x800'029f   0x32  Code  Gb  AnyID_Boot_SysCfg.o [1]
Sys_LedTask::ledTimes   0x2000'4848    0x4  Data  Lc  AnyID_Boot_SysCfg.o [1]
Sys_ReplaceDeviceTask    0x800'0ae1  0x122  Code  Gb  AnyID_Boot_SysCfg.o [1]
Sys_ReplaceDeviceTask::flashTime
                        0x2000'483c    0x1  Data  Lc  AnyID_Boot_SysCfg.o [1]
Sys_ReplaceDeviceTask::sector
                        0x2000'483d    0x1  Data  Lc  AnyID_Boot_SysCfg.o [1]
Sys_ServerTask           0x800'07f5  0x182  Code  Gb  AnyID_Boot_SysCfg.o [1]
SystemInit               0x800'37c1   0x32  Code  Gb  system_stm32f10x.o [1]
UART4_IRQHandler         0x800'36a1   0x2e  Code  Gb  stm32f10x_it.o [1]
UART5_IRQHandler         0x800'364f   0x52  Code  Gb  stm32f10x_it.o [1]
USART_ClearFlag          0x800'2337    0x6  Code  Gb  stm32f10x_usart.o [1]
USART_ClearITPendingBit
                         0x800'2383   0x10  Code  Gb  stm32f10x_usart.o [1]
USART_Cmd                0x800'22d5   0x1a  Code  Gb  stm32f10x_usart.o [1]
USART_DeInit             0x800'2181   0x9a  Code  Gb  stm32f10x_usart.o [1]
USART_GetFlagStatus      0x800'2329    0xe  Code  Gb  stm32f10x_usart.o [1]
USART_GetITStatus        0x800'233d   0x46  Code  Gb  stm32f10x_usart.o [1]
USART_ITConfig           0x800'22ef   0x3a  Code  Gb  stm32f10x_usart.o [1]
USART_Init               0x800'221b   0xa4  Code  Gb  stm32f10x_usart.o [1]
Uart_CalCrc              0x800'25a1   0x4e  Code  Gb  AnyID_Boot_Uart.o [1]
Uart_EraseFlash          0x800'275f   0x12  Code  Gb  AnyID_Boot_Uart.o [1]
Uart_ReceiveFrame        0x800'36f3   0xcc  Code  Gb  AnyID_Uart_Receive.o [1]
Uart_ReqDownload         0x800'26af   0x76  Code  Gb  AnyID_Boot_Uart.o [1]
Uart_ReqEnableBoot       0x800'2629   0x3a  Code  Gb  AnyID_Boot_Uart.o [1]
Uart_ReqErase            0x800'2663   0x4c  Code  Gb  AnyID_Boot_Uart.o [1]
Uart_ReqJump             0x800'2725   0x3a  Code  Gb  AnyID_Boot_Uart.o [1]
Uart_ReqReset            0x800'25ef   0x3a  Code  Gb  AnyID_Boot_Uart.o [1]
UsageFault_Handler       0x800'3605    0x2  Code  Gb  stm32f10x_it.o [1]
__ICFEDIT_region_RAM_end__ {Abs}
                        0x2000'bfff         Data  Gb  <internal module>
__ICFEDIT_region_RAM_start__ {Abs}
                        0x2000'0000         Data  Gb  <internal module>
__NVIC_SetPriority       0x800'2109   0x1a  Code  Lc  AnyID_Boot_SysTick_HL.o [1]
__aeabi_memcpy           0x800'27a5         Code  Gb  ABImemcpy.o [3]
__aeabi_memcpy4          0x800'27c5         Code  Gb  ABImemcpy.o [3]
__aeabi_memcpy8          0x800'27c5         Code  Gb  ABImemcpy.o [3]
__aeabi_memset           0x800'3445         Code  Gb  ABImemset.o [3]
__aeabi_memset4          0x800'23c1         Code  Gb  ABImemset48.o [3]
__aeabi_memset8          0x800'23c1         Code  Gb  ABImemset48.o [3]
__cmain                  0x800'3a39         Code  Gb  cmain.o [3]
__exit                   0x800'3a6d   0x14  Code  Gb  exit.o [4]
__iar_Memset             0x800'3445         Code  Gb  ABImemset.o [3]
__iar_Memset4_word       0x800'23c9         Code  Gb  ABImemset48.o [3]
__iar_Memset8_word       0x800'23c9         Code  Gb  ABImemset48.o [3]
__iar_Memset_word        0x800'344d         Code  Gb  ABImemset.o [3]
__iar_Strchr             0x800'34e5         Code  Gb  strchr.o [3]
__iar_copy_init3         0x800'2393   0x2e  Code  Gb  copy_init3.o [3]
__iar_data_init3         0x800'39c9   0x28  Code  Gb  data_init.o [3]
__iar_program_start      0x800'3aa5         Code  Gb  cstartup_M.o [3]
__iar_zero_init3         0x800'1023   0x3a  Code  Gb  zero_init3.o [3]
__low_level_init         0x800'3a57    0x4  Code  Gb  low_level_init.o [2]
__vector_table           0x800'0000         Data  Gb  startup_stm32f10x_hd.o [1]
_call_main               0x800'3a45         Code  Gb  cmain.o [3]
_exit                    0x800'3a61         Code  Gb  cexit.o [3]
_main                    0x800'3a53         Code  Gb  cmain.o [3]
a_GetCrc                 0x800'3001   0x40  Code  Gb  AnyID_Stdlib.o [1]
a_Str2Hex                0x800'3041   0x3c  Code  Gb  AnyID_Stdlib.o [1]
a_atoi                   0x800'3081  0x102  Code  Gb  AnyID_Stdlib.o [1]
a_itoa                   0x800'3183   0x62  Code  Gb  AnyID_Stdlib.o [1]
exit                     0x800'3a5b    0x4  Code  Gb  exit.o [2]
g_aAsicto                0x800'34fc  0x100  Data  Gb  AnyID_Stdlib.o [1]
g_nDeviceNxtEraseAddr   0x2000'4844    0x4  Data  Gb  AnyID_Boot_SysCfg.o [1]
g_nEC20RxByte           0x2000'4866    0x1  Data  Gb  stm32f10x_it.o [1]
g_nFlashDownData        0x2000'388c  0x414  Data  Gb  AnyID_Boot_FlashM25.o [1]
g_nFlashUpData          0x2000'3ca0  0x400  Data  Gb  AnyID_Boot_FlashM25.o [1]
g_nFlashUpTempData      0x2000'40a0  0x400  Data  Gb  AnyID_Boot_FlashM25.o [1]
g_nGateRxByte           0x2000'4867    0x1  Data  Gb  stm32f10x_it.o [1]
g_nHttpAtBuf            0x2000'0868  0x5dc  Data  Gb  AnyID_Boot_Device.o [1]
g_nImei                 0x2000'386c   0x10  Data  Gb  AnyID_Boot_EC20.o [1]
g_nImsiStr              0x2000'387c   0x10  Data  Gb  AnyID_Boot_EC20.o [1]
g_nSysDelay             0x2000'485c    0x4  Data  Gb  AnyID_Boot_SysTick_HL.o [1]
g_nSysState             0x2000'4840    0x4  Data  Gb  AnyID_Boot_SysCfg.o [1]
g_nSysTick              0x2000'4858    0x4  Data  Gb  AnyID_Boot_SysTick_HL.o [1]
g_sDeviceServerTxBuf    0x2000'44a0  0x1ec  Data  Gb  AnyID_Boot_Device.o [1]
g_sDeviceUpDataInfo     0x2000'0014  0x854  Data  Gb  AnyID_Boot_Device.o [1]
g_sEC20Connect          0x2000'468c  0x12c  Data  Gb  AnyID_Boot_EC20.o [1]
g_sEC20Params           0x2000'47b8   0x48  Data  Gb  AnyID_Boot_EC20.o [1]
g_sEC20RcvBuffer        0x2000'327c  0x5f0  Data  Gb  AnyID_Boot_EC20.o [1]
g_sEC20RcvFrame         0x2000'1a58  0x80c  Data  Gb  AnyID_Boot_EC20.o [1]
g_sFramBootParamenter   0x2000'4800   0x38  Data  Gb  AnyID_Boot_FRam.o [1]
g_sGateBootInfo         0x2000'0e44  0xc14  Data  Gb  AnyID_Boot_Gate.o [1]
g_sGateRcvFrame         0x2000'2264  0x80c  Data  Gb  AnyID_Boot_Gate.o [1]
g_sUartTempRcvFrame     0x2000'2a70  0x80c  Data  Gb  AnyID_Uart_Receive.o [1]
main                     0x800'39f1   0x24  Code  Gb  main.o [1]
memcmp                   0x800'2e29         Code  Gb  memcmp.o [3]
strcat                   0x800'3425   0x1e  Code  Gb  strcat.o [2]
strchr                   0x800'34e5         Code  Gb  strchr.o [3]
strlen                   0x800'34ad         Code  Gb  strlen.o [3]
strstr                   0x800'33f9   0x2c  Code  Gb  strstr.o [2]


[1] = E:\AnyID\Git\FY\SM5001_New\Boot\SM5001\Build\Obj
[2] = dl7M_tlf.a
[3] = rt7M_tl.a
[4] = shb_l.a

  14'654 bytes of readonly  code memory
     622 bytes of readonly  data memory
  23'144 bytes of readwrite data memory

Errors: none
Warnings: none
