###############################################################################
#
# IAR ELF Linker V8.40.1.212/W32 for ARM                  09/Jun/2023  03:19:12
# Copyright 2007-2019 IAR Systems AB.
#
#    Output file  =  E:\Git\FY\SM5001\Boot\SM5001\Build\Exe\Boot.out
#    Map file     =  E:\Git\FY\SM5001\Boot\SM5001\Build\List\Boot.map
#    Command line =
#        -f C:\Users\xue\AppData\Local\Temp\EWC275.tmp
#        (E:\Git\FY\SM5001\Boot\SM5001\Build\Obj\AnyID_Boot_Device.o
#        E:\Git\FY\SM5001\Boot\SM5001\Build\Obj\AnyID_Boot_EC20.o
#        E:\Git\FY\SM5001\Boot\SM5001\Build\Obj\AnyID_Boot_EC20_HL.o
#        E:\Git\FY\SM5001\Boot\SM5001\Build\Obj\AnyID_Boot_FRam.o
#        E:\Git\FY\SM5001\Boot\SM5001\Build\Obj\AnyID_Boot_FRam_HL.o
#        E:\Git\FY\SM5001\Boot\SM5001\Build\Obj\AnyID_Boot_SysCfg.o
#        E:\Git\FY\SM5001\Boot\SM5001\Build\Obj\AnyID_Boot_SysTick_HL.o
#        E:\Git\FY\SM5001\Boot\SM5001\Build\Obj\AnyID_Boot_Uart.o
#        E:\Git\FY\SM5001\Boot\SM5001\Build\Obj\AnyID_Boot_Uart_HL.o
#        E:\Git\FY\SM5001\Boot\SM5001\Build\Obj\AnyID_FRam.o
#        E:\Git\FY\SM5001\Boot\SM5001\Build\Obj\AnyID_Stdlib.o
#        E:\Git\FY\SM5001\Boot\SM5001\Build\Obj\AnyID_Uart_Receive.o
#        E:\Git\FY\SM5001\Boot\SM5001\Build\Obj\main.o
#        E:\Git\FY\SM5001\Boot\SM5001\Build\Obj\misc.o
#        E:\Git\FY\SM5001\Boot\SM5001\Build\Obj\startup_stm32f10x_hd.o
#        E:\Git\FY\SM5001\Boot\SM5001\Build\Obj\stm32f10x_flash.o
#        E:\Git\FY\SM5001\Boot\SM5001\Build\Obj\stm32f10x_gpio.o
#        E:\Git\FY\SM5001\Boot\SM5001\Build\Obj\stm32f10x_it.o
#        E:\Git\FY\SM5001\Boot\SM5001\Build\Obj\stm32f10x_iwdg.o
#        E:\Git\FY\SM5001\Boot\SM5001\Build\Obj\stm32f10x_rcc.o
#        E:\Git\FY\SM5001\Boot\SM5001\Build\Obj\stm32f10x_usart.o
#        E:\Git\FY\SM5001\Boot\SM5001\Build\Obj\system_stm32f10x.o --redirect
#        _Printf=_PrintfFull --redirect _Scanf=_ScanfFull --no_out_extension -o
#        E:\Git\FY\SM5001\Boot\SM5001\Build\Exe\Boot.out --map
#        E:\Git\FY\SM5001\Boot\SM5001\Build\List\Boot.map --config
#        E:\Git\FY\SM5001\Boot\SM5001\GD32F303xC.icf --semihosting --entry
#        __iar_program_start --vfe --text_out locale)
#
###############################################################################

*******************************************************************************
*** RUNTIME MODEL ATTRIBUTES
***

CppFlavor       = *
__SystemLibrary = DLib
__dlib_version  = 6


*******************************************************************************
*** HEAP SELECTION
***

The basic heap was selected because no calls to memory allocation
functions were found in the application outside of system library
functions, and there are calls to deallocation functions in the
application.


*******************************************************************************
*** PLACEMENT SUMMARY
***

"A0":  place at address 0x800'0000 { ro section .intvec };
"P1":  place in [from 0x800'0000 to 0x800'4000] { ro };
define block CSTACK with size = 2K, alignment = 8 { };
define block HEAP with size = 1K, alignment = 8 { };
"P2":  place in [from 0x2000'0000 to 0x2000'bfff] {
          rw, block CSTACK, block HEAP };
initialize by copy { rw };

  Section            Kind         Address    Size  Object
  -------            ----         -------    ----  ------
"A0":                                       0x130
  .intvec            ro code   0x800'0000   0x130  startup_stm32f10x_hd.o [1]
                             - 0x800'0130   0x130

"P1":                                      0x2690
  .text              ro code   0x800'0130   0x64c  AnyID_Boot_SysCfg.o [1]
  .text              ro code   0x800'077c   0x254  stm32f10x_rcc.o [1]
  .text              ro code   0x800'09d0    0x28  stm32f10x_flash.o [1]
  .text              ro code   0x800'09f8    0xac  misc.o [1]
  .text              ro code   0x800'0aa4   0x10c  stm32f10x_gpio.o [1]
  .text              ro code   0x800'0bb0   0x1a4  AnyID_Boot_FRam_HL.o [1]
  .text              ro code   0x800'0d54   0x140  AnyID_Boot_FRam.o [1]
  .text              ro code   0x800'0e94   0x158  AnyID_Boot_Uart_HL.o [1]
  .text              ro code   0x800'0fec   0x63c  AnyID_Boot_EC20.o [1]
  .text              ro code   0x800'1628    0xa6  ABImemcpy.o [3]
  .text              ro code   0x800'16ce    0x3a  zero_init3.o [3]
  .text              ro code   0x800'1708    0x78  AnyID_Boot_SysTick_HL.o [1]
  .text              ro code   0x800'1780   0x212  stm32f10x_usart.o [1]
  .text              ro code   0x800'1992    0x2e  copy_init3.o [3]
  .text              ro code   0x800'19c0    0x68  memcmp.o [3]
  .text              ro code   0x800'1a28   0x170  AnyID_Boot_EC20_HL.o [1]
  .text              ro code   0x800'1b98    0x3a  ABImemset48.o [3]
  .text              ro code   0x800'1bd4   0x398  AnyID_Boot_Device.o [1]
  .text              ro code   0x800'1f6c   0x1aa  AnyID_FRam.o [1]
  .text              ro code   0x800'2118    0xe2  AnyID_Stdlib.o [1]
  .text              ro code   0x800'21fc    0x36  strlen.o [3]
  .text              ro code   0x800'2232    0x2c  strstr.o [2]
  .text              ro code   0x800'225e    0x1e  strcat.o [2]
  .text              ro code   0x800'227c    0x16  strchr.o [3]
  .rodata            const     0x800'2294   0x100  AnyID_Stdlib.o [1]
  .text              ro code   0x800'2394    0xec  system_stm32f10x.o [1]
  .text              ro code   0x800'2480    0xd6  stm32f10x_it.o [1]
  .rodata            const     0x800'2558    0x90  AnyID_Boot_Device.o [1]
  .text              ro code   0x800'25e8    0x28  data_init.o [3]
  .iar.init_table    const     0x800'2610    0x24  - Linker created -
  .text              ro code   0x800'2634    0x1e  cmain.o [3]
  .text              ro code   0x800'2652     0x4  low_level_init.o [2]
  .text              ro code   0x800'2656    0x1c  main.o [1]
  .text              ro code   0x800'2672     0x4  exit.o [2]
  .text              ro code   0x800'2678     0xa  cexit.o [3]
  .text              ro code   0x800'2684    0x14  exit.o [4]
  Initializer bytes  const     0x800'2698    0x14  <for P2-1>
  .text              ro code   0x800'26ac    0x10  startup_stm32f10x_hd.o [1]
  .text              ro code   0x800'26bc     0xc  cstartup_M.o [3]
  .rodata            const     0x800'26c8     0x8  AnyID_Boot_EC20_HL.o [1]
  .rodata            const     0x800'26d0     0x8  AnyID_Boot_EC20_HL.o [1]
  .text              ro code   0x800'26d8     0x4  startup_stm32f10x_hd.o [1]
  .text              ro code   0x800'26dc     0x4  startup_stm32f10x_hd.o [1]
  .text              ro code   0x800'26e0     0x4  startup_stm32f10x_hd.o [1]
  .text              ro code   0x800'26e4     0x4  startup_stm32f10x_hd.o [1]
  .text              ro code   0x800'26e8     0x4  startup_stm32f10x_hd.o [1]
  .text              ro code   0x800'26ec     0x4  startup_stm32f10x_hd.o [1]
  .text              ro code   0x800'26f0     0x4  startup_stm32f10x_hd.o [1]
  .text              ro code   0x800'26f4     0x4  startup_stm32f10x_hd.o [1]
  .text              ro code   0x800'26f8     0x4  startup_stm32f10x_hd.o [1]
  .text              ro code   0x800'26fc     0x4  startup_stm32f10x_hd.o [1]
  .text              ro code   0x800'2700     0x4  startup_stm32f10x_hd.o [1]
  .text              ro code   0x800'2704     0x4  startup_stm32f10x_hd.o [1]
  .text              ro code   0x800'2708     0x4  startup_stm32f10x_hd.o [1]
  .text              ro code   0x800'270c     0x4  startup_stm32f10x_hd.o [1]
  .text              ro code   0x800'2710     0x4  startup_stm32f10x_hd.o [1]
  .text              ro code   0x800'2714     0x4  startup_stm32f10x_hd.o [1]
  .text              ro code   0x800'2718     0x4  startup_stm32f10x_hd.o [1]
  .text              ro code   0x800'271c     0x4  startup_stm32f10x_hd.o [1]
  .text              ro code   0x800'2720     0x4  startup_stm32f10x_hd.o [1]
  .text              ro code   0x800'2724     0x4  startup_stm32f10x_hd.o [1]
  .text              ro code   0x800'2728     0x4  startup_stm32f10x_hd.o [1]
  .text              ro code   0x800'272c     0x4  startup_stm32f10x_hd.o [1]
  .text              ro code   0x800'2730     0x4  startup_stm32f10x_hd.o [1]
  .text              ro code   0x800'2734     0x4  startup_stm32f10x_hd.o [1]
  .text              ro code   0x800'2738     0x4  startup_stm32f10x_hd.o [1]
  .text              ro code   0x800'273c     0x4  startup_stm32f10x_hd.o [1]
  .text              ro code   0x800'2740     0x4  startup_stm32f10x_hd.o [1]
  .text              ro code   0x800'2744     0x4  startup_stm32f10x_hd.o [1]
  .text              ro code   0x800'2748     0x4  startup_stm32f10x_hd.o [1]
  .text              ro code   0x800'274c     0x4  startup_stm32f10x_hd.o [1]
  .text              ro code   0x800'2750     0x4  startup_stm32f10x_hd.o [1]
  .text              ro code   0x800'2754     0x4  startup_stm32f10x_hd.o [1]
  .text              ro code   0x800'2758     0x4  startup_stm32f10x_hd.o [1]
  .text              ro code   0x800'275c     0x4  startup_stm32f10x_hd.o [1]
  .text              ro code   0x800'2760     0x4  startup_stm32f10x_hd.o [1]
  .text              ro code   0x800'2764     0x4  startup_stm32f10x_hd.o [1]
  .text              ro code   0x800'2768     0x4  startup_stm32f10x_hd.o [1]
  .text              ro code   0x800'276c     0x4  startup_stm32f10x_hd.o [1]
  .text              ro code   0x800'2770     0x4  startup_stm32f10x_hd.o [1]
  .text              ro code   0x800'2774     0x4  startup_stm32f10x_hd.o [1]
  .text              ro code   0x800'2778     0x4  startup_stm32f10x_hd.o [1]
  .text              ro code   0x800'277c     0x4  startup_stm32f10x_hd.o [1]
  .text              ro code   0x800'2780     0x4  startup_stm32f10x_hd.o [1]
  .text              ro code   0x800'2784     0x4  startup_stm32f10x_hd.o [1]
  .text              ro code   0x800'2788     0x4  startup_stm32f10x_hd.o [1]
  .text              ro code   0x800'278c     0x4  startup_stm32f10x_hd.o [1]
  .text              ro code   0x800'2790     0x4  startup_stm32f10x_hd.o [1]
  .text              ro code   0x800'2794     0x4  startup_stm32f10x_hd.o [1]
  .text              ro code   0x800'2798     0x4  startup_stm32f10x_hd.o [1]
  .text              ro code   0x800'279c     0x4  startup_stm32f10x_hd.o [1]
  .text              ro code   0x800'27a0     0x4  startup_stm32f10x_hd.o [1]
  .text              ro code   0x800'27a4     0x4  startup_stm32f10x_hd.o [1]
  .text              ro code   0x800'27a8     0x4  startup_stm32f10x_hd.o [1]
  .text              ro code   0x800'27ac     0x4  startup_stm32f10x_hd.o [1]
  .text              ro code   0x800'27b0     0x4  startup_stm32f10x_hd.o [1]
  .text              ro code   0x800'27b4     0x4  startup_stm32f10x_hd.o [1]
  .text              ro code   0x800'27b8     0x4  startup_stm32f10x_hd.o [1]
  .text              ro code   0x800'27bc     0x4  startup_stm32f10x_hd.o [1]
  .rodata            const     0x800'27c0     0x0  zero_init3.o [3]
  .rodata            const     0x800'27c0     0x0  copy_init3.o [3]
                             - 0x800'27c0  0x2690

"P2", part 1 of 3:                           0x14
  P2-1                        0x2000'0000    0x14  <Init block>
    .data            inited   0x2000'0000    0x14  stm32f10x_rcc.o [1]
                            - 0x2000'0014    0x14

"P2", part 2 of 3:                         0x1194
  .bss               zero     0x2000'0014   0x610  AnyID_Boot_EC20.o [1]
  .bss               zero     0x2000'0624   0x5e8  AnyID_Boot_EC20.o [1]
  .bss               zero     0x2000'0c0c   0x208  AnyID_Boot_Device.o [1]
  .bss               zero     0x2000'0e14   0x1ec  AnyID_Boot_Device.o [1]
  .bss               zero     0x2000'1000   0x12c  AnyID_Boot_EC20.o [1]
  .bss               zero     0x2000'112c    0x48  AnyID_Boot_EC20.o [1]
  .bss               zero     0x2000'1174    0x18  AnyID_Boot_SysCfg.o [1]
  .bss               zero     0x2000'118c     0x8  AnyID_Boot_EC20.o [1]
  .bss               zero     0x2000'1194     0x8  AnyID_Boot_FRam.o [1]
  .bss               zero     0x2000'119c     0x8  AnyID_Boot_SysTick_HL.o [1]
  .bss               zero     0x2000'11a4     0x1  stm32f10x_it.o [1]
                            - 0x2000'11a5  0x1191

"P2", part 3 of 3:                          0x800
  CSTACK                      0x2000'11a8   0x800  <Block>
    CSTACK           uninit   0x2000'11a8   0x800  <Block tail>
                            - 0x2000'19a8   0x800

Unused ranges:

         From           To    Size
         ----           --    ----
   0x800'27c0   0x800'4000  0x1841
  0x2000'19a8  0x2000'bfff  0xa658


*******************************************************************************
*** INIT TABLE
***

          Address      Size
          -------      ----
Zero (__iar_zero_init3)
    1 destination range, total size 0x1191:
          0x2000'0014  0x1191

Copy (__iar_copy_init3)
    1 source range, total size 0x14:
           0x800'2698    0x14
    1 destination range, total size 0x14:
          0x2000'0000    0x14



*******************************************************************************
*** MODULE SUMMARY
***

    Module                   ro code  ro data  rw data
    ------                   -------  -------  -------
command line/config:
    --------------------------------------------------
    Total:

E:\Git\FY\SM5001\Boot\SM5001\Build\Obj: [1]
    AnyID_Boot_Device.o          920      144    1'012
    AnyID_Boot_EC20.o          1'596             3'444
    AnyID_Boot_EC20_HL.o         368       16
    AnyID_Boot_FRam.o            320                 8
    AnyID_Boot_FRam_HL.o         420
    AnyID_Boot_SysCfg.o        1'612                24
    AnyID_Boot_SysTick_HL.o      120                 8
    AnyID_Boot_Uart_HL.o         344
    AnyID_FRam.o                 426
    AnyID_Stdlib.o               226      256
    main.o                        28
    misc.o                       172
    startup_stm32f10x_hd.o       552
    stm32f10x_flash.o             40
    stm32f10x_gpio.o             268
    stm32f10x_it.o               214                 1
    stm32f10x_rcc.o              596       20       20
    stm32f10x_usart.o            530
    system_stm32f10x.o           236
    --------------------------------------------------
    Total:                     8'988      436    4'517

dl7M_tlf.a: [2]
    exit.o                         4
    low_level_init.o               4
    strcat.o                      30
    strstr.o                      44
    --------------------------------------------------
    Total:                        82

rt7M_tl.a: [3]
    ABImemcpy.o                  166
    ABImemset48.o                 58
    cexit.o                       10
    cmain.o                       30
    copy_init3.o                  46
    cstartup_M.o                  12
    data_init.o                   40
    memcmp.o                     104
    strchr.o                      22
    strlen.o                      54
    zero_init3.o                  58
    --------------------------------------------------
    Total:                       600

shb_l.a: [4]
    exit.o                        20
    --------------------------------------------------
    Total:                        20

    Gaps                          10        4
    Linker created                         36    2'048
------------------------------------------------------
    Grand Total:               9'700      476    6'565


*******************************************************************************
*** ENTRY LIST
***

Entry                       Address   Size  Type      Object
-----                       -------   ----  ----      ------
.iar.init_table$$Base    0x800'2610          --   Gb  - Linker created -
.iar.init_table$$Limit   0x800'2634          --   Gb  - Linker created -
?main                    0x800'2635         Code  Gb  cmain.o [3]
ADCPrescTable           0x2000'0010    0x4  Data  Lc  stm32f10x_rcc.o [1]
APBAHBPrescTable        0x2000'0000   0x10  Data  Lc  stm32f10x_rcc.o [1]
BusFault_Handler         0x800'2487    0x2  Code  Gb  stm32f10x_it.o [1]
CSTACK$$Base            0x2000'11a8          --   Gb  - Linker created -
CSTACK$$Limit           0x2000'19a8          --   Gb  - Linker created -
DMA1_Channel1_IRQHandler
                         0x800'2555    0x2  Code  Gb  stm32f10x_it.o [1]
DebugMon_Handler         0x800'248d    0x2  Code  Gb  stm32f10x_it.o [1]
Device_CheckRsp          0x800'1dad   0xa4  Code  Gb  AnyID_Boot_Device.o [1]
Device_CommunCheckRsp    0x800'1cf9   0x90  Code  Gb  AnyID_Boot_Device.o [1]
Device_CommunStep        0x800'1d89   0x22  Code  Gb  AnyID_Boot_Device.o [1]
Device_CommunTxCmd       0x800'1bd5  0x122  Code  Gb  AnyID_Boot_Device.o [1]
Device_ServerProcessRxInfo
                         0x800'1e71    0x2  Code  Gb  AnyID_Boot_Device.o [1]
EC20_ConfigInt           0x800'1ad3   0x22  Code  Gb  AnyID_Boot_EC20_HL.o [1]
EC20_ConnectCheckClose   0x800'1495   0x24  Code  Gb  AnyID_Boot_EC20.o [1]
EC20_ConnectCheckRsp     0x800'1281  0x19a  Code  Gb  AnyID_Boot_EC20.o [1]
EC20_ConnectInit         0x800'1007  0x14e  Code  Gb  AnyID_Boot_EC20.o [1]
EC20_ConnectStep         0x800'1439   0x5a  Code  Gb  AnyID_Boot_EC20.o [1]
EC20_ConnectTxCmd        0x800'1155  0x12c  Code  Gb  AnyID_Boot_EC20.o [1]
EC20_Delayms             0x800'1b2f   0x12  Code  Gb  AnyID_Boot_EC20_HL.o [1]
EC20_EnableInt           0x800'1af5   0x2e  Code  Gb  AnyID_Boot_EC20_HL.o [1]
EC20_Init                0x800'0fed   0x1a  Code  Gb  AnyID_Boot_EC20.o [1]
EC20_InitInterface       0x800'1a29   0xaa  Code  Gb  AnyID_Boot_EC20_HL.o [1]
EC20_PORT_CTRL           0x800'26d0    0x8  Data  Gb  AnyID_Boot_EC20_HL.o [1]
EC20_PORT_KEY            0x800'26c8    0x8  Data  Gb  AnyID_Boot_EC20_HL.o [1]
EC20_WriteBuffer         0x800'1b41   0x26  Code  Gb  AnyID_Boot_EC20_HL.o [1]
EC20_WriteByte           0x800'1b23    0xc  Code  Gb  AnyID_Boot_EC20_HL.o [1]
EC20_WriteCmd            0x800'1b79   0x20  Code  Gb  AnyID_Boot_EC20_HL.o [1]
FLASH_PrefetchBufferCmd
                         0x800'09e1   0x14  Code  Gb  stm32f10x_flash.o [1]
FLASH_SetLatency         0x800'09d1   0x10  Code  Gb  stm32f10x_flash.o [1]
FRam_Delayms             0x800'0beb   0x12  Code  Gb  AnyID_Boot_FRam_HL.o [1]
FRam_I2CAck              0x800'0c53   0x26  Code  Gb  AnyID_Boot_FRam_HL.o [1]
FRam_I2CDelay            0x800'0bdf    0xc  Code  Gb  AnyID_Boot_FRam_HL.o [1]
FRam_I2CNoAck            0x800'0c79   0x26  Code  Gb  AnyID_Boot_FRam_HL.o [1]
FRam_I2CReceiveByte      0x800'0d0b   0x3e  Code  Gb  AnyID_Boot_FRam_HL.o [1]
FRam_I2CSendByte         0x800'0cd1   0x3a  Code  Gb  AnyID_Boot_FRam_HL.o [1]
FRam_I2CStart            0x800'0bfd   0x30  Code  Gb  AnyID_Boot_FRam_HL.o [1]
FRam_I2CStop             0x800'0c2d   0x26  Code  Gb  AnyID_Boot_FRam_HL.o [1]
FRam_I2CWaitAck          0x800'0c9f   0x32  Code  Gb  AnyID_Boot_FRam_HL.o [1]
FRam_InitInterface       0x800'0bb1   0x2e  Code  Gb  AnyID_Boot_FRam_HL.o [1]
FRam_ReadBuffer          0x800'1f6d   0xb4  Code  Gb  AnyID_FRam.o [1]
FRam_WriteBuffer         0x800'20a9   0x6e  Code  Gb  AnyID_FRam.o [1]
FRam_WritePage           0x800'2021   0x88  Code  Gb  AnyID_FRam.o [1]
Fram_ReadBootParamenter
                         0x800'0d55   0xb8  Code  Gb  AnyID_Boot_FRam.o [1]
Fram_WriteBackupBootParamenter
                         0x800'0e57   0x38  Code  Gb  AnyID_Boot_FRam.o [1]
Fram_WriteBootParamenter
                         0x800'0e0d   0x4a  Code  Gb  AnyID_Boot_FRam.o [1]
GPIO_Init                0x800'0aa5   0x9c  Code  Gb  stm32f10x_gpio.o [1]
GPIO_PinRemapConfig      0x800'0b41   0x6a  Code  Gb  stm32f10x_gpio.o [1]
HardFault_Handler        0x800'2483    0x2  Code  Gb  stm32f10x_it.o [1]
JumpAddress             0x2000'1188    0x4  Data  Gb  AnyID_Boot_SysCfg.o [1]
Jump_To_Application     0x2000'1184    0x4  Data  Gb  AnyID_Boot_SysCfg.o [1]
MemManage_Handler        0x800'2485    0x2  Code  Gb  stm32f10x_it.o [1]
NMI_Handler              0x800'2481    0x2  Code  Gb  stm32f10x_it.o [1]
NVIC_Init                0x800'0a03   0x5a  Code  Gb  misc.o [1]
NVIC_PriorityGroupConfig
                         0x800'09f9    0xa  Code  Gb  misc.o [1]
NVIC_SetVectorTable      0x800'0a5d    0xc  Code  Gb  misc.o [1]
PendSV_Handler           0x800'248f    0x2  Code  Gb  stm32f10x_it.o [1]
RCC_ADCCLKConfig         0x800'0875    0xe  Code  Gb  stm32f10x_rcc.o [1]
RCC_APB1PeriphClockCmd   0x800'092f   0x16  Code  Gb  stm32f10x_rcc.o [1]
RCC_APB1PeriphResetCmd   0x800'095b   0x16  Code  Gb  stm32f10x_rcc.o [1]
RCC_APB2PeriphClockCmd   0x800'0919   0x16  Code  Gb  stm32f10x_rcc.o [1]
RCC_APB2PeriphResetCmd   0x800'0945   0x16  Code  Gb  stm32f10x_rcc.o [1]
RCC_DeInit               0x800'077d   0x32  Code  Gb  stm32f10x_rcc.o [1]
RCC_GetClocksFreq        0x800'0883   0x96  Code  Gb  stm32f10x_rcc.o [1]
RCC_GetFlagStatus        0x800'0971   0x24  Code  Gb  stm32f10x_rcc.o [1]
RCC_GetSYSCLKSource      0x800'0839    0xa  Code  Gb  stm32f10x_rcc.o [1]
RCC_HCLKConfig           0x800'0843    0xe  Code  Gb  stm32f10x_rcc.o [1]
RCC_HSEConfig            0x800'07af   0x34  Code  Gb  stm32f10x_rcc.o [1]
RCC_PCLK1Config          0x800'0851    0xe  Code  Gb  stm32f10x_rcc.o [1]
RCC_PCLK2Config          0x800'085f   0x10  Code  Gb  stm32f10x_rcc.o [1]
RCC_PLLCmd               0x800'0825    0x6  Code  Gb  stm32f10x_rcc.o [1]
RCC_PLLConfig            0x800'0815   0x10  Code  Gb  stm32f10x_rcc.o [1]
RCC_SYSCLKConfig         0x800'082b    0xe  Code  Gb  stm32f10x_rcc.o [1]
RCC_USBCLKConfig         0x800'086f    0x6  Code  Gb  stm32f10x_rcc.o [1]
RCC_WaitForHSEStartUp    0x800'07e3   0x32  Code  Gb  stm32f10x_rcc.o [1]
Region$$Table$$Base      0x800'2610          --   Gb  - Linker created -
Region$$Table$$Limit     0x800'2634          --   Gb  - Linker created -
STick_InitSysTick        0x800'174b   0x22  Code  Gb  AnyID_Boot_SysTick_HL.o [1]
SVC_Handler              0x800'248b    0x2  Code  Gb  stm32f10x_it.o [1]
SetSysClock              0x800'23c9    0x2  Code  Lc  system_stm32f10x.o [1]
SetSysClockTo72          0x800'23cb   0xa6  Code  Lc  system_stm32f10x.o [1]
SysTick_CLKSourceConfig
                         0x800'0a69   0x18  Code  Gb  misc.o [1]
SysTick_Config           0x800'1723   0x28  Code  Lc  AnyID_Boot_SysTick_HL.o [1]
SysTick_Handler          0x800'2491   0x5a  Code  Gb  stm32f10x_it.o [1]
Sys_BootTask             0x800'0319   0x3e  Code  Gb  AnyID_Boot_SysCfg.o [1]
Sys_CfgClock             0x800'0143   0x70  Code  Gb  AnyID_Boot_SysCfg.o [1]
Sys_CfgNVIC              0x800'01cd   0x18  Code  Gb  AnyID_Boot_SysCfg.o [1]
Sys_CfgPeriphClk         0x800'01b3   0x1a  Code  Gb  AnyID_Boot_SysCfg.o [1]
Sys_CheckVersion         0x800'038b   0x5a  Code  Gb  AnyID_Boot_SysCfg.o [1]
Sys_CtrlIOInit           0x800'01e5   0x2a  Code  Gb  AnyID_Boot_SysCfg.o [1]
Sys_Delayms              0x800'0131   0x12  Code  Gb  AnyID_Boot_SysCfg.o [1]
Sys_EC20Task             0x800'03e5  0x17a  Code  Gb  AnyID_Boot_SysCfg.o [1]
Sys_Init                 0x800'020f   0xa4  Code  Gb  AnyID_Boot_SysCfg.o [1]
Sys_Jump                 0x800'02dd   0x3c  Code  Gb  AnyID_Boot_SysCfg.o [1]
Sys_LedTask              0x800'02b3   0x2a  Code  Gb  AnyID_Boot_SysCfg.o [1]
Sys_LedTask{1}{2}::ledTimes
                        0x2000'1180    0x4  Data  Lc  AnyID_Boot_SysCfg.o [1]
Sys_ServerTask           0x800'055f  0x1b2  Code  Gb  AnyID_Boot_SysCfg.o [1]
Sys_UartTask             0x800'0357   0x34  Code  Gb  AnyID_Boot_SysCfg.o [1]
SystemInit               0x800'2395   0x32  Code  Gb  system_stm32f10x.o [1]
UART5_IRQHandler         0x800'24eb   0x54  Code  Gb  stm32f10x_it.o [1]
USART_ClearFlag          0x800'1937    0x6  Code  Gb  stm32f10x_usart.o [1]
USART_ClearITPendingBit
                         0x800'1983   0x10  Code  Gb  stm32f10x_usart.o [1]
USART_Cmd                0x800'18d5   0x1a  Code  Gb  stm32f10x_usart.o [1]
USART_DeInit             0x800'1781   0x9a  Code  Gb  stm32f10x_usart.o [1]
USART_GetFlagStatus      0x800'1929    0xe  Code  Gb  stm32f10x_usart.o [1]
USART_GetITStatus        0x800'193d   0x46  Code  Gb  stm32f10x_usart.o [1]
USART_ITConfig           0x800'18ef   0x3a  Code  Gb  stm32f10x_usart.o [1]
USART_Init               0x800'181b   0xa4  Code  Gb  stm32f10x_usart.o [1]
Uart_ConfigInt           0x800'0f37   0x22  Code  Gb  AnyID_Boot_Uart_HL.o [1]
Uart_EnableInt           0x800'0f59   0x2e  Code  Gb  AnyID_Boot_Uart_HL.o [1]
Uart_InitInterface       0x800'0e95   0xa2  Code  Gb  AnyID_Boot_Uart_HL.o [1]
Uart_WriteBuffer         0x800'0f93   0x2c  Code  Gb  AnyID_Boot_Uart_HL.o [1]
Uart_WriteByte           0x800'0f87    0xc  Code  Gb  AnyID_Boot_Uart_HL.o [1]
Uart_WriteCmd            0x800'0fcd   0x20  Code  Gb  AnyID_Boot_Uart_HL.o [1]
UsageFault_Handler       0x800'2489    0x2  Code  Gb  stm32f10x_it.o [1]
__ICFEDIT_region_RAM_end__ {Abs}
                        0x2000'bfff         Data  Gb  <internal module>
__ICFEDIT_region_RAM_start__ {Abs}
                        0x2000'0000         Data  Gb  <internal module>
__NVIC_SetPriority       0x800'1709   0x1a  Code  Lc  AnyID_Boot_SysTick_HL.o [1]
__aeabi_memcpy           0x800'1629         Code  Gb  ABImemcpy.o [3]
__aeabi_memcpy4          0x800'1649         Code  Gb  ABImemcpy.o [3]
__aeabi_memcpy8          0x800'1649         Code  Gb  ABImemcpy.o [3]
__aeabi_memset4          0x800'1b99         Code  Gb  ABImemset48.o [3]
__aeabi_memset8          0x800'1b99         Code  Gb  ABImemset48.o [3]
__cmain                  0x800'2635         Code  Gb  cmain.o [3]
__exit                   0x800'2685   0x14  Code  Gb  exit.o [4]
__iar_Memset4_word       0x800'1ba1         Code  Gb  ABImemset48.o [3]
__iar_Memset8_word       0x800'1ba1         Code  Gb  ABImemset48.o [3]
__iar_Strchr             0x800'227d         Code  Gb  strchr.o [3]
__iar_copy_init3         0x800'1993   0x2e  Code  Gb  copy_init3.o [3]
__iar_data_init3         0x800'25e9   0x28  Code  Gb  data_init.o [3]
__iar_program_start      0x800'26bd         Code  Gb  cstartup_M.o [3]
__iar_zero_init3         0x800'16cf   0x3a  Code  Gb  zero_init3.o [3]
__low_level_init         0x800'2653    0x4  Code  Gb  low_level_init.o [2]
__vector_table           0x800'0000         Data  Gb  startup_stm32f10x_hd.o [1]
_call_main               0x800'2641         Code  Gb  cmain.o [3]
_exit                    0x800'2679         Code  Gb  cexit.o [3]
_main                    0x800'264f         Code  Gb  cmain.o [3]
a_GetCrc                 0x800'2119   0x40  Code  Gb  AnyID_Stdlib.o [1]
a_Str2Hex                0x800'2159   0x3c  Code  Gb  AnyID_Stdlib.o [1]
a_itoa                   0x800'2199   0x62  Code  Gb  AnyID_Stdlib.o [1]
exit                     0x800'2673    0x4  Code  Gb  exit.o [2]
g_aAsicto                0x800'2294  0x100  Data  Gb  AnyID_Stdlib.o [1]
g_nAtLen                0x2000'0e10    0x4  Data  Gb  AnyID_Boot_Device.o [1]
g_nDeviceNxtDownloadAddr
                        0x2000'117c    0x4  Data  Gb  AnyID_Boot_SysCfg.o [1]
g_nDeviceNxtEraseAddr   0x2000'1178    0x4  Data  Gb  AnyID_Boot_SysCfg.o [1]
g_nEC20RxByte           0x2000'11a4    0x1  Data  Gb  stm32f10x_it.o [1]
g_nHttpAtBuf            0x2000'0c10  0x200  Data  Gb  AnyID_Boot_Device.o [1]
g_nImei                 0x2000'0604   0x10  Data  Gb  AnyID_Boot_EC20.o [1]
g_nImsiStr              0x2000'0614   0x10  Data  Gb  AnyID_Boot_EC20.o [1]
g_nSoftWare             0x2000'118c    0x8  Data  Gb  AnyID_Boot_EC20.o [1]
g_nSysDelay             0x2000'11a0    0x4  Data  Gb  AnyID_Boot_SysTick_HL.o [1]
g_nSysState             0x2000'1174    0x4  Data  Gb  AnyID_Boot_SysCfg.o [1]
g_nSysTick              0x2000'119c    0x4  Data  Gb  AnyID_Boot_SysTick_HL.o [1]
g_nlen                  0x2000'0c0c    0x1  Data  Gb  AnyID_Boot_Device.o [1]
g_sDeviceServerTxBuf    0x2000'0e14  0x1ec  Data  Gb  AnyID_Boot_Device.o [1]
g_sEC20Connect          0x2000'1000  0x12c  Data  Gb  AnyID_Boot_EC20.o [1]
g_sEC20Params           0x2000'112c   0x48  Data  Gb  AnyID_Boot_EC20.o [1]
g_sEC20RcvBuffer        0x2000'0014  0x5f0  Data  Gb  AnyID_Boot_EC20.o [1]
g_sEC20RcvFrame         0x2000'0624  0x5e8  Data  Gb  AnyID_Boot_EC20.o [1]
g_sFramBootParamenter   0x2000'1194    0x8  Data  Gb  AnyID_Boot_FRam.o [1]
main                     0x800'2657   0x1c  Code  Gb  main.o [1]
memcmp                   0x800'19c1         Code  Gb  memcmp.o [3]
strcat                   0x800'225f   0x1e  Code  Gb  strcat.o [2]
strchr                   0x800'227d         Code  Gb  strchr.o [3]
strlen                   0x800'21fd         Code  Gb  strlen.o [3]
strstr                   0x800'2233   0x2c  Code  Gb  strstr.o [2]


[1] = E:\Git\FY\SM5001\Boot\SM5001\Build\Obj
[2] = dl7M_tlf.a
[3] = rt7M_tl.a
[4] = shb_l.a

  9'700 bytes of readonly  code memory
    476 bytes of readonly  data memory
  6'565 bytes of readwrite data memory

Errors: none
Warnings: none
