###############################################################################
#
# IAR ELF Linker V8.40.1.212/W32 for ARM                  15/Jun/2023  16:28:54
# Copyright 2007-2019 IAR Systems AB.
#
#    Output file  =  E:\AnyID\Git\FY\SM5001\Boot\SM5001\Build\Exe\Boot.out
#    Map file     =  E:\AnyID\Git\FY\SM5001\Boot\SM5001\Build\List\Boot.map
#    Command line =
#        -f C:\Users\Administrator\AppData\Local\Temp\EW433B.tmp
#        (E:\AnyID\Git\FY\SM5001\Boot\SM5001\Build\Obj\AnyID_Boot_Device.o
#        E:\AnyID\Git\FY\SM5001\Boot\SM5001\Build\Obj\AnyID_Boot_EC20.o
#        E:\AnyID\Git\FY\SM5001\Boot\SM5001\Build\Obj\AnyID_Boot_EC20_HL.o
#        E:\AnyID\Git\FY\SM5001\Boot\SM5001\Build\Obj\AnyID_Boot_Flash_HL.o
#        E:\AnyID\Git\FY\SM5001\Boot\SM5001\Build\Obj\AnyID_Boot_FlashM25.o
#        E:\AnyID\Git\FY\SM5001\Boot\SM5001\Build\Obj\AnyID_Boot_FRam.o
#        E:\AnyID\Git\FY\SM5001\Boot\SM5001\Build\Obj\AnyID_Boot_FRam_HL.o
#        E:\AnyID\Git\FY\SM5001\Boot\SM5001\Build\Obj\AnyID_Boot_SysCfg.o
#        E:\AnyID\Git\FY\SM5001\Boot\SM5001\Build\Obj\AnyID_Boot_SysTick_HL.o
#        E:\AnyID\Git\FY\SM5001\Boot\SM5001\Build\Obj\AnyID_Boot_Uart.o
#        E:\AnyID\Git\FY\SM5001\Boot\SM5001\Build\Obj\AnyID_Boot_Uart_HL.o
#        E:\AnyID\Git\FY\SM5001\Boot\SM5001\Build\Obj\AnyID_FlashM25.o
#        E:\AnyID\Git\FY\SM5001\Boot\SM5001\Build\Obj\AnyID_FRam.o
#        E:\AnyID\Git\FY\SM5001\Boot\SM5001\Build\Obj\AnyID_Stdlib.o
#        E:\AnyID\Git\FY\SM5001\Boot\SM5001\Build\Obj\AnyID_Uart_Receive.o
#        E:\AnyID\Git\FY\SM5001\Boot\SM5001\Build\Obj\main.o
#        E:\AnyID\Git\FY\SM5001\Boot\SM5001\Build\Obj\misc.o
#        E:\AnyID\Git\FY\SM5001\Boot\SM5001\Build\Obj\startup_stm32f10x_hd.o
#        E:\AnyID\Git\FY\SM5001\Boot\SM5001\Build\Obj\stm32f10x_flash.o
#        E:\AnyID\Git\FY\SM5001\Boot\SM5001\Build\Obj\stm32f10x_gpio.o
#        E:\AnyID\Git\FY\SM5001\Boot\SM5001\Build\Obj\stm32f10x_it.o
#        E:\AnyID\Git\FY\SM5001\Boot\SM5001\Build\Obj\stm32f10x_iwdg.o
#        E:\AnyID\Git\FY\SM5001\Boot\SM5001\Build\Obj\stm32f10x_rcc.o
#        E:\AnyID\Git\FY\SM5001\Boot\SM5001\Build\Obj\stm32f10x_spi.o
#        E:\AnyID\Git\FY\SM5001\Boot\SM5001\Build\Obj\stm32f10x_usart.o
#        E:\AnyID\Git\FY\SM5001\Boot\SM5001\Build\Obj\system_stm32f10x.o
#        --redirect _Printf=_PrintfFull --redirect _Scanf=_ScanfFull
#        --no_out_extension -o
#        E:\AnyID\Git\FY\SM5001\Boot\SM5001\Build\Exe\Boot.out --map
#        E:\AnyID\Git\FY\SM5001\Boot\SM5001\Build\List\Boot.map --config
#        E:\AnyID\Git\FY\SM5001\Boot\SM5001\GD32F303xC.icf --semihosting
#        --entry __iar_program_start --vfe --text_out locale)
#
###############################################################################

*******************************************************************************
*** RUNTIME MODEL ATTRIBUTES
***

CppFlavor       = *
__SystemLibrary = DLib
__dlib_version  = 6


*******************************************************************************
*** HEAP SELECTION
***

The basic heap was selected because no calls to memory allocation
functions were found in the application outside of system library
functions, and there are calls to deallocation functions in the
application.


*******************************************************************************
*** PLACEMENT SUMMARY
***

"A0":  place at address 0x800'0000 { ro section .intvec };
"P1":  place in [from 0x800'0000 to 0x800'4000] { ro };
define block CSTACK with size = 4608, alignment = 8 { };
define block HEAP with size = 2K, alignment = 8 { };
"P2":  place in [from 0x2000'0000 to 0x2000'bfff] {
          rw, block CSTACK, block HEAP };
initialize by copy { rw };

  Section            Kind         Address    Size  Object
  -------            ----         -------    ----  ------
"A0":                                       0x130
  .intvec            ro code   0x800'0000   0x130  startup_stm32f10x_hd.o [1]
                             - 0x800'0130   0x130

"P1":                                      0x3148
  .text              ro code   0x800'0130   0x7ac  AnyID_Boot_SysCfg.o [1]
  .text              ro code   0x800'08dc   0x254  stm32f10x_rcc.o [1]
  .text              ro code   0x800'0b30    0x28  stm32f10x_flash.o [1]
  .text              ro code   0x800'0b58    0xac  misc.o [1]
  .text              ro code   0x800'0c04   0x10c  stm32f10x_gpio.o [1]
  .text              ro code   0x800'0d10   0x1a4  AnyID_Boot_FRam_HL.o [1]
  .text              ro code   0x800'0eb4   0x140  AnyID_Boot_FRam.o [1]
  .text              ro code   0x800'0ff4   0x104  AnyID_Boot_Flash_HL.o [1]
  .text              ro code   0x800'10f8   0x2cc  AnyID_FlashM25.o [1]
  .text              ro code   0x800'13c4    0x10  AnyID_Boot_FlashM25.o [1]
  .text              ro code   0x800'13d4   0x158  AnyID_Boot_Uart_HL.o [1]
  .text              ro code   0x800'152c   0x6c0  AnyID_Boot_EC20.o [1]
  .text              ro code   0x800'1bec    0xa6  ABImemcpy.o [3]
  .text              ro code   0x800'1c92    0x3a  zero_init3.o [3]
  .text              ro code   0x800'1ccc    0x78  AnyID_Boot_SysTick_HL.o [1]
  .text              ro code   0x800'1d44   0x640  AnyID_Boot_Device.o [1]
  .text              ro code   0x800'2384   0x212  stm32f10x_usart.o [1]
  .text              ro code   0x800'2596    0x2e  copy_init3.o [3]
  .text              ro code   0x800'25c4    0x68  memcmp.o [3]
  .text              ro code   0x800'262c   0x170  AnyID_Boot_EC20_HL.o [1]
  .text              ro code   0x800'279c    0x3a  ABImemset48.o [3]
  .text              ro code   0x800'27d6   0x1aa  AnyID_FRam.o [1]
  .text              ro code   0x800'2980   0x1e4  AnyID_Stdlib.o [1]
  .text              ro code   0x800'2b64    0x68  stm32f10x_spi.o [1]
  .text              ro code   0x800'2bcc    0x36  strlen.o [3]
  .text              ro code   0x800'2c02    0x2c  strstr.o [2]
  .text              ro code   0x800'2c2e    0x1e  strcat.o [2]
  .text              ro code   0x800'2c4c    0x66  ABImemset.o [3]
  .text              ro code   0x800'2cb4    0x16  strchr.o [3]
  .rodata            const     0x800'2ccc   0x100  AnyID_Stdlib.o [1]
  .text              ro code   0x800'2dcc    0xec  system_stm32f10x.o [1]
  .text              ro code   0x800'2eb8    0xba  stm32f10x_it.o [1]
  .rodata            const     0x800'2f74    0xb4  AnyID_Boot_Device.o [1]
  .rodata            const     0x800'3028    0x68  AnyID_Boot_EC20.o [1]
  .text              ro code   0x800'3090    0x28  data_init.o [3]
  .text              ro code   0x800'30b8    0x24  main.o [1]
  .iar.init_table    const     0x800'30dc    0x24  - Linker created -
  .text              ro code   0x800'3100    0x1e  cmain.o [3]
  .text              ro code   0x800'311e     0x4  low_level_init.o [2]
  .text              ro code   0x800'3122     0x4  exit.o [2]
  .text              ro code   0x800'3128     0xa  cexit.o [3]
  .text              ro code   0x800'3134    0x14  exit.o [4]
  Initializer bytes  const     0x800'3148    0x14  <for P2-1>
  .text              ro code   0x800'315c    0x10  startup_stm32f10x_hd.o [1]
  .text              ro code   0x800'316c     0xc  cstartup_M.o [3]
  .rodata            const     0x800'3178     0x8  AnyID_Boot_EC20_HL.o [1]
  .rodata            const     0x800'3180     0x8  AnyID_Boot_EC20_HL.o [1]
  .rodata            const     0x800'3188     0x8  AnyID_Boot_Flash_HL.o [1]
  .text              ro code   0x800'3190     0x4  startup_stm32f10x_hd.o [1]
  .text              ro code   0x800'3194     0x4  startup_stm32f10x_hd.o [1]
  .text              ro code   0x800'3198     0x4  startup_stm32f10x_hd.o [1]
  .text              ro code   0x800'319c     0x4  startup_stm32f10x_hd.o [1]
  .text              ro code   0x800'31a0     0x4  startup_stm32f10x_hd.o [1]
  .text              ro code   0x800'31a4     0x4  startup_stm32f10x_hd.o [1]
  .text              ro code   0x800'31a8     0x4  startup_stm32f10x_hd.o [1]
  .text              ro code   0x800'31ac     0x4  startup_stm32f10x_hd.o [1]
  .text              ro code   0x800'31b0     0x4  startup_stm32f10x_hd.o [1]
  .text              ro code   0x800'31b4     0x4  startup_stm32f10x_hd.o [1]
  .text              ro code   0x800'31b8     0x4  startup_stm32f10x_hd.o [1]
  .text              ro code   0x800'31bc     0x4  startup_stm32f10x_hd.o [1]
  .text              ro code   0x800'31c0     0x4  startup_stm32f10x_hd.o [1]
  .text              ro code   0x800'31c4     0x4  startup_stm32f10x_hd.o [1]
  .text              ro code   0x800'31c8     0x4  startup_stm32f10x_hd.o [1]
  .text              ro code   0x800'31cc     0x4  startup_stm32f10x_hd.o [1]
  .text              ro code   0x800'31d0     0x4  startup_stm32f10x_hd.o [1]
  .text              ro code   0x800'31d4     0x4  startup_stm32f10x_hd.o [1]
  .text              ro code   0x800'31d8     0x4  startup_stm32f10x_hd.o [1]
  .text              ro code   0x800'31dc     0x4  startup_stm32f10x_hd.o [1]
  .text              ro code   0x800'31e0     0x4  startup_stm32f10x_hd.o [1]
  .text              ro code   0x800'31e4     0x4  startup_stm32f10x_hd.o [1]
  .text              ro code   0x800'31e8     0x4  startup_stm32f10x_hd.o [1]
  .text              ro code   0x800'31ec     0x4  startup_stm32f10x_hd.o [1]
  .text              ro code   0x800'31f0     0x4  startup_stm32f10x_hd.o [1]
  .text              ro code   0x800'31f4     0x4  startup_stm32f10x_hd.o [1]
  .text              ro code   0x800'31f8     0x4  startup_stm32f10x_hd.o [1]
  .text              ro code   0x800'31fc     0x4  startup_stm32f10x_hd.o [1]
  .text              ro code   0x800'3200     0x4  startup_stm32f10x_hd.o [1]
  .text              ro code   0x800'3204     0x4  startup_stm32f10x_hd.o [1]
  .text              ro code   0x800'3208     0x4  startup_stm32f10x_hd.o [1]
  .text              ro code   0x800'320c     0x4  startup_stm32f10x_hd.o [1]
  .text              ro code   0x800'3210     0x4  startup_stm32f10x_hd.o [1]
  .text              ro code   0x800'3214     0x4  startup_stm32f10x_hd.o [1]
  .text              ro code   0x800'3218     0x4  startup_stm32f10x_hd.o [1]
  .text              ro code   0x800'321c     0x4  startup_stm32f10x_hd.o [1]
  .text              ro code   0x800'3220     0x4  startup_stm32f10x_hd.o [1]
  .text              ro code   0x800'3224     0x4  startup_stm32f10x_hd.o [1]
  .text              ro code   0x800'3228     0x4  startup_stm32f10x_hd.o [1]
  .text              ro code   0x800'322c     0x4  startup_stm32f10x_hd.o [1]
  .text              ro code   0x800'3230     0x4  startup_stm32f10x_hd.o [1]
  .text              ro code   0x800'3234     0x4  startup_stm32f10x_hd.o [1]
  .text              ro code   0x800'3238     0x4  startup_stm32f10x_hd.o [1]
  .text              ro code   0x800'323c     0x4  startup_stm32f10x_hd.o [1]
  .text              ro code   0x800'3240     0x4  startup_stm32f10x_hd.o [1]
  .text              ro code   0x800'3244     0x4  startup_stm32f10x_hd.o [1]
  .text              ro code   0x800'3248     0x4  startup_stm32f10x_hd.o [1]
  .text              ro code   0x800'324c     0x4  startup_stm32f10x_hd.o [1]
  .text              ro code   0x800'3250     0x4  startup_stm32f10x_hd.o [1]
  .text              ro code   0x800'3254     0x4  startup_stm32f10x_hd.o [1]
  .text              ro code   0x800'3258     0x4  startup_stm32f10x_hd.o [1]
  .text              ro code   0x800'325c     0x4  startup_stm32f10x_hd.o [1]
  .text              ro code   0x800'3260     0x4  startup_stm32f10x_hd.o [1]
  .text              ro code   0x800'3264     0x4  startup_stm32f10x_hd.o [1]
  .text              ro code   0x800'3268     0x4  startup_stm32f10x_hd.o [1]
  .text              ro code   0x800'326c     0x4  startup_stm32f10x_hd.o [1]
  .text              ro code   0x800'3270     0x4  startup_stm32f10x_hd.o [1]
  .text              ro code   0x800'3274     0x4  startup_stm32f10x_hd.o [1]
  .rodata            const     0x800'3278     0x0  zero_init3.o [3]
  .rodata            const     0x800'3278     0x0  copy_init3.o [3]
                             - 0x800'3278  0x3148

"P2", part 1 of 3:                           0x14
  P2-1                        0x2000'0000    0x14  <Init block>
    .data            inited   0x2000'0000    0x14  stm32f10x_rcc.o [1]
                            - 0x2000'0014    0x14

"P2", part 2 of 3:                         0x2c2c
  .bss               zero     0x2000'0014   0xa50  AnyID_Boot_Device.o [1]
  .bss               zero     0x2000'0a64   0x80c  AnyID_Boot_EC20.o [1]
  .bss               zero     0x2000'1270   0x800  AnyID_Boot_FlashM25.o [1]
  .bss               zero     0x2000'1a70   0x800  AnyID_Boot_FlashM25.o [1]
  .bss               zero     0x2000'2270   0x610  AnyID_Boot_EC20.o [1]
  .bss               zero     0x2000'2880   0x1ec  AnyID_Boot_Device.o [1]
  .bss               zero     0x2000'2a6c   0x12c  AnyID_Boot_EC20.o [1]
  .bss               zero     0x2000'2b98    0x48  AnyID_Boot_EC20.o [1]
  .bss               zero     0x2000'2be0    0x20  AnyID_Boot_SysCfg.o [1]
  .bss               zero     0x2000'2c00    0x1c  AnyID_Boot_FRam.o [1]
  .bss               zero     0x2000'2c1c    0x14  AnyID_Boot_EC20.o [1]
  .bss               zero     0x2000'2c30     0x8  AnyID_Boot_SysTick_HL.o [1]
  .bss               zero     0x2000'2c38     0x4  AnyID_Boot_Device.o [1]
  .bss               zero     0x2000'2c3c     0x2  AnyID_FlashM25.o [1]
  .bss               zero     0x2000'2c3e     0x1  stm32f10x_it.o [1]
                            - 0x2000'2c3f  0x2c2b

"P2", part 3 of 3:                         0x1200
  CSTACK                      0x2000'2c40  0x1200  <Block>
    CSTACK           uninit   0x2000'2c40  0x1200  <Block tail>
                            - 0x2000'3e40  0x1200

Unused ranges:

         From           To    Size
         ----           --    ----
   0x800'3278   0x800'4000   0xd89
  0x2000'3e40  0x2000'bfff  0x81c0


*******************************************************************************
*** INIT TABLE
***

          Address      Size
          -------      ----
Zero (__iar_zero_init3)
    1 destination range, total size 0x2c2b:
          0x2000'0014  0x2c2b

Copy (__iar_copy_init3)
    1 source range, total size 0x14:
           0x800'3148    0x14
    1 destination range, total size 0x14:
          0x2000'0000    0x14



*******************************************************************************
*** MODULE SUMMARY
***

    Module                   ro code  ro data  rw data
    ------                   -------  -------  -------
command line/config:
    --------------------------------------------------
    Total:

E:\AnyID\Git\FY\SM5001\Boot\SM5001\Build\Obj: [1]
    AnyID_Boot_Device.o        1'600      180    3'136
    AnyID_Boot_EC20.o          1'728      104    4'004
    AnyID_Boot_EC20_HL.o         368       16
    AnyID_Boot_FRam.o            320                28
    AnyID_Boot_FRam_HL.o         420
    AnyID_Boot_FlashM25.o         16             4'096
    AnyID_Boot_Flash_HL.o        260        8
    AnyID_Boot_SysCfg.o        1'964                32
    AnyID_Boot_SysTick_HL.o      120                 8
    AnyID_Boot_Uart_HL.o         344
    AnyID_FRam.o                 426
    AnyID_FlashM25.o             716                 2
    AnyID_Stdlib.o               484      256
    main.o                        36
    misc.o                       172
    startup_stm32f10x_hd.o       552
    stm32f10x_flash.o             40
    stm32f10x_gpio.o             268
    stm32f10x_it.o               186                 1
    stm32f10x_rcc.o              596       20       20
    stm32f10x_spi.o              104
    stm32f10x_usart.o            530
    system_stm32f10x.o           236
    --------------------------------------------------
    Total:                    11'486      584   11'327

dl7M_tlf.a: [2]
    exit.o                         4
    low_level_init.o               4
    strcat.o                      30
    strstr.o                      44
    --------------------------------------------------
    Total:                        82

rt7M_tl.a: [3]
    ABImemcpy.o                  166
    ABImemset.o                  102
    ABImemset48.o                 58
    cexit.o                       10
    cmain.o                       30
    copy_init3.o                  46
    cstartup_M.o                  12
    data_init.o                   40
    memcmp.o                     104
    strchr.o                      22
    strlen.o                      54
    zero_init3.o                  58
    --------------------------------------------------
    Total:                       702

shb_l.a: [4]
    exit.o                        20
    --------------------------------------------------
    Total:                        20

    Gaps                           6        4
    Linker created                         36    4'608
------------------------------------------------------
    Grand Total:              12'296      624   15'935


*******************************************************************************
*** ENTRY LIST
***

Entry                       Address   Size  Type      Object
-----                       -------   ----  ----      ------
.iar.init_table$$Base    0x800'30dc          --   Gb  - Linker created -
.iar.init_table$$Limit   0x800'3100          --   Gb  - Linker created -
?main                    0x800'3101         Code  Gb  cmain.o [3]
ADCPrescTable           0x2000'0010    0x4  Data  Lc  stm32f10x_rcc.o [1]
APBAHBPrescTable        0x2000'0000   0x10  Data  Lc  stm32f10x_rcc.o [1]
BusFault_Handler         0x800'2ebf    0x2  Code  Gb  stm32f10x_it.o [1]
CSTACK$$Base            0x2000'2c40          --   Gb  - Linker created -
CSTACK$$Limit           0x2000'3e40          --   Gb  - Linker created -
DMA1_Channel1_IRQHandler
                         0x800'2f71    0x2  Code  Gb  stm32f10x_it.o [1]
DebugMon_Handler         0x800'2ec5    0x2  Code  Gb  stm32f10x_it.o [1]
Device_Analys_Data       0x800'2185   0x1a  Code  Gb  AnyID_Boot_Device.o [1]
Device_Analys_Data::len
                        0x2000'2c38    0x4  Data  Lc  AnyID_Boot_Device.o [1]
Device_Analys_Data_Len   0x800'21a1   0x62  Code  Gb  AnyID_Boot_Device.o [1]
Device_Chk_Version       0x800'2239   0x4e  Code  Gb  AnyID_Boot_Device.o [1]
Device_Chk_VersionFrame
                         0x800'1f9d  0x192  Code  Gb  AnyID_Boot_Device.o [1]
Device_CommunCheckRsp    0x800'1ef3   0x82  Code  Gb  AnyID_Boot_Device.o [1]
Device_CommunStep        0x800'1f79   0x22  Code  Gb  AnyID_Boot_Device.o [1]
Device_CommunTxCmd       0x800'1d57  0x19c  Code  Gb  AnyID_Boot_Device.o [1]
Device_Delayms           0x800'1d45   0x12  Code  Gb  AnyID_Boot_Device.o [1]
Device_Search_Data       0x800'2203   0x36  Code  Gb  AnyID_Boot_Device.o [1]
Device_WeiteData         0x800'2135   0x50  Code  Gb  AnyID_Boot_Device.o [1]
EC20_ConfigInt           0x800'26d7   0x22  Code  Gb  AnyID_Boot_EC20_HL.o [1]
EC20_ConnectCheckClose   0x800'1a09   0x24  Code  Gb  AnyID_Boot_EC20.o [1]
EC20_ConnectCheckRsp     0x800'1811  0x172  Code  Gb  AnyID_Boot_EC20.o [1]
EC20_ConnectInit         0x800'1547  0x176  Code  Gb  AnyID_Boot_EC20.o [1]
EC20_ConnectStep         0x800'19a9   0x60  Code  Gb  AnyID_Boot_EC20.o [1]
EC20_ConnectTxCmd        0x800'16bd  0x154  Code  Gb  AnyID_Boot_EC20.o [1]
EC20_Delayms             0x800'2733   0x12  Code  Gb  AnyID_Boot_EC20_HL.o [1]
EC20_EnableInt           0x800'26f9   0x2e  Code  Gb  AnyID_Boot_EC20_HL.o [1]
EC20_Init                0x800'152d   0x1a  Code  Gb  AnyID_Boot_EC20.o [1]
EC20_InitInterface       0x800'262d   0xaa  Code  Gb  AnyID_Boot_EC20_HL.o [1]
EC20_PORT_CTRL           0x800'3180    0x8  Data  Gb  AnyID_Boot_EC20_HL.o [1]
EC20_PORT_KEY            0x800'3178    0x8  Data  Gb  AnyID_Boot_EC20_HL.o [1]
EC20_WriteBuffer         0x800'2745   0x26  Code  Gb  AnyID_Boot_EC20_HL.o [1]
EC20_WriteByte           0x800'2727    0xc  Code  Gb  AnyID_Boot_EC20_HL.o [1]
EC20_WriteCmd            0x800'277d   0x20  Code  Gb  AnyID_Boot_EC20_HL.o [1]
FLASH_CS_COM             0x800'3188    0x8  Data  Gb  AnyID_Boot_Flash_HL.o [1]
FLASH_PrefetchBufferCmd
                         0x800'0b41   0x14  Code  Gb  stm32f10x_flash.o [1]
FLASH_SetLatency         0x800'0b31   0x10  Code  Gb  stm32f10x_flash.o [1]
FRam_Delayms             0x800'0d4b   0x12  Code  Gb  AnyID_Boot_FRam_HL.o [1]
FRam_I2CAck              0x800'0db3   0x26  Code  Gb  AnyID_Boot_FRam_HL.o [1]
FRam_I2CDelay            0x800'0d3f    0xc  Code  Gb  AnyID_Boot_FRam_HL.o [1]
FRam_I2CNoAck            0x800'0dd9   0x26  Code  Gb  AnyID_Boot_FRam_HL.o [1]
FRam_I2CReceiveByte      0x800'0e6b   0x3e  Code  Gb  AnyID_Boot_FRam_HL.o [1]
FRam_I2CSendByte         0x800'0e31   0x3a  Code  Gb  AnyID_Boot_FRam_HL.o [1]
FRam_I2CStart            0x800'0d5d   0x30  Code  Gb  AnyID_Boot_FRam_HL.o [1]
FRam_I2CStop             0x800'0d8d   0x26  Code  Gb  AnyID_Boot_FRam_HL.o [1]
FRam_I2CWaitAck          0x800'0dff   0x32  Code  Gb  AnyID_Boot_FRam_HL.o [1]
FRam_InitInterface       0x800'0d11   0x2e  Code  Gb  AnyID_Boot_FRam_HL.o [1]
FRam_ReadBuffer          0x800'27d7   0xb4  Code  Gb  AnyID_FRam.o [1]
FRam_WriteBuffer         0x800'2913   0x6e  Code  Gb  AnyID_FRam.o [1]
FRam_WritePage           0x800'288b   0x88  Code  Gb  AnyID_FRam.o [1]
Flash_Delay16us          0x800'10e1   0x18  Code  Gb  AnyID_Boot_Flash_HL.o [1]
Flash_Demo               0x800'13c5   0x10  Code  Gb  AnyID_Boot_FlashM25.o [1]
Flash_EraseSector        0x800'1239   0xa8  Code  Gb  AnyID_FlashM25.o [1]
Flash_Init               0x800'10f9   0x14  Code  Gb  AnyID_FlashM25.o [1]
Flash_InitInterface      0x800'0ff5   0xa2  Code  Gb  AnyID_Boot_Flash_HL.o [1]
Flash_ReadBuffer         0x800'12e1   0x98  Code  Gb  AnyID_FlashM25.o [1]
Flash_ReadId             0x800'1379   0x44  Code  Gb  AnyID_FlashM25.o [1]
Flash_ReadId::id        0x2000'2c3c    0x2  Data  Lc  AnyID_FlashM25.o [1]
Flash_WriteBuffer        0x800'11d1   0x68  Code  Gb  AnyID_FlashM25.o [1]
Flash_WriteByte          0x800'1097   0x42  Code  Gb  AnyID_Boot_Flash_HL.o [1]
Flash_WritePage          0x800'110d   0xc4  Code  Gb  AnyID_FlashM25.o [1]
Fram_ReadBootParamenter
                         0x800'0eb5   0xb8  Code  Gb  AnyID_Boot_FRam.o [1]
Fram_WriteBackupBootParamenter
                         0x800'0fb7   0x38  Code  Gb  AnyID_Boot_FRam.o [1]
Fram_WriteBootParamenter
                         0x800'0f6d   0x4a  Code  Gb  AnyID_Boot_FRam.o [1]
GPIO_Init                0x800'0c05   0x9c  Code  Gb  stm32f10x_gpio.o [1]
GPIO_PinRemapConfig      0x800'0ca1   0x6a  Code  Gb  stm32f10x_gpio.o [1]
HardFault_Handler        0x800'2ebb    0x2  Code  Gb  stm32f10x_it.o [1]
JumpAddress             0x2000'2bf8    0x4  Data  Gb  AnyID_Boot_SysCfg.o [1]
Jump_To_Application     0x2000'2bf4    0x4  Data  Gb  AnyID_Boot_SysCfg.o [1]
MemManage_Handler        0x800'2ebd    0x2  Code  Gb  stm32f10x_it.o [1]
NMI_Handler              0x800'2eb9    0x2  Code  Gb  stm32f10x_it.o [1]
NVIC_Init                0x800'0b63   0x5a  Code  Gb  misc.o [1]
NVIC_PriorityGroupConfig
                         0x800'0b59    0xa  Code  Gb  misc.o [1]
NVIC_SetVectorTable      0x800'0bbd    0xc  Code  Gb  misc.o [1]
PendSV_Handler           0x800'2ec7    0x2  Code  Gb  stm32f10x_it.o [1]
RCC_ADCCLKConfig         0x800'09d5    0xe  Code  Gb  stm32f10x_rcc.o [1]
RCC_APB1PeriphClockCmd   0x800'0a8f   0x16  Code  Gb  stm32f10x_rcc.o [1]
RCC_APB1PeriphResetCmd   0x800'0abb   0x16  Code  Gb  stm32f10x_rcc.o [1]
RCC_APB2PeriphClockCmd   0x800'0a79   0x16  Code  Gb  stm32f10x_rcc.o [1]
RCC_APB2PeriphResetCmd   0x800'0aa5   0x16  Code  Gb  stm32f10x_rcc.o [1]
RCC_DeInit               0x800'08dd   0x32  Code  Gb  stm32f10x_rcc.o [1]
RCC_GetClocksFreq        0x800'09e3   0x96  Code  Gb  stm32f10x_rcc.o [1]
RCC_GetFlagStatus        0x800'0ad1   0x24  Code  Gb  stm32f10x_rcc.o [1]
RCC_GetSYSCLKSource      0x800'0999    0xa  Code  Gb  stm32f10x_rcc.o [1]
RCC_HCLKConfig           0x800'09a3    0xe  Code  Gb  stm32f10x_rcc.o [1]
RCC_HSEConfig            0x800'090f   0x34  Code  Gb  stm32f10x_rcc.o [1]
RCC_PCLK1Config          0x800'09b1    0xe  Code  Gb  stm32f10x_rcc.o [1]
RCC_PCLK2Config          0x800'09bf   0x10  Code  Gb  stm32f10x_rcc.o [1]
RCC_PLLCmd               0x800'0985    0x6  Code  Gb  stm32f10x_rcc.o [1]
RCC_PLLConfig            0x800'0975   0x10  Code  Gb  stm32f10x_rcc.o [1]
RCC_SYSCLKConfig         0x800'098b    0xe  Code  Gb  stm32f10x_rcc.o [1]
RCC_USBCLKConfig         0x800'09cf    0x6  Code  Gb  stm32f10x_rcc.o [1]
RCC_WaitForHSEStartUp    0x800'0943   0x32  Code  Gb  stm32f10x_rcc.o [1]
Region$$Table$$Base      0x800'30dc          --   Gb  - Linker created -
Region$$Table$$Limit     0x800'3100          --   Gb  - Linker created -
SPI_Cmd                  0x800'2b9d   0x1a  Code  Gb  stm32f10x_spi.o [1]
SPI_I2S_GetFlagStatus    0x800'2bbf    0xe  Code  Gb  stm32f10x_spi.o [1]
SPI_I2S_ReceiveData      0x800'2bbb    0x4  Code  Gb  stm32f10x_spi.o [1]
SPI_I2S_SendData         0x800'2bb7    0x4  Code  Gb  stm32f10x_spi.o [1]
SPI_Init                 0x800'2b65   0x38  Code  Gb  stm32f10x_spi.o [1]
STick_InitSysTick        0x800'1d0f   0x22  Code  Gb  AnyID_Boot_SysTick_HL.o [1]
SVC_Handler              0x800'2ec3    0x2  Code  Gb  stm32f10x_it.o [1]
SetSysClock              0x800'2e01    0x2  Code  Lc  system_stm32f10x.o [1]
SetSysClockTo72          0x800'2e03   0xa6  Code  Lc  system_stm32f10x.o [1]
SysTick_CLKSourceConfig
                         0x800'0bc9   0x18  Code  Gb  misc.o [1]
SysTick_Config           0x800'1ce7   0x28  Code  Lc  AnyID_Boot_SysTick_HL.o [1]
SysTick_Handler          0x800'2ec9   0x42  Code  Gb  stm32f10x_it.o [1]
Sys_BootTask             0x800'0303   0xec  Code  Gb  AnyID_Boot_SysCfg.o [1]
Sys_BootTask::bootState
                        0x2000'2bfc    0x4  Data  Lc  AnyID_Boot_SysCfg.o [1]
Sys_CfgClock             0x800'0143   0x70  Code  Gb  AnyID_Boot_SysCfg.o [1]
Sys_CfgNVIC              0x800'01cd   0x18  Code  Gb  AnyID_Boot_SysCfg.o [1]
Sys_CfgPeriphClk         0x800'01b3   0x1a  Code  Gb  AnyID_Boot_SysCfg.o [1]
Sys_CheckVersion         0x800'0423   0x5a  Code  Gb  AnyID_Boot_SysCfg.o [1]
Sys_CtrlIOInit           0x800'01e5   0x2a  Code  Gb  AnyID_Boot_SysCfg.o [1]
Sys_Delayms              0x800'0131   0x12  Code  Gb  AnyID_Boot_SysCfg.o [1]
Sys_DownDataTask         0x800'0771   0xd6  Code  Gb  AnyID_Boot_SysCfg.o [1]
Sys_DownDataTask::upTick
                        0x2000'2be1    0x1  Data  Lc  AnyID_Boot_SysCfg.o [1]
Sys_DownDataTask::upTime
                        0x2000'2be0    0x1  Data  Lc  AnyID_Boot_SysCfg.o [1]
Sys_EC20Task             0x800'047d  0x182  Code  Gb  AnyID_Boot_SysCfg.o [1]
Sys_Init                 0x800'020f   0x8e  Code  Gb  AnyID_Boot_SysCfg.o [1]
Sys_Jump                 0x800'02c7   0x3c  Code  Gb  AnyID_Boot_SysCfg.o [1]
Sys_LedTask              0x800'029d   0x2a  Code  Gb  AnyID_Boot_SysCfg.o [1]
Sys_LedTask{1}{2}::ledTimes
                        0x2000'2bf0    0x4  Data  Lc  AnyID_Boot_SysCfg.o [1]
Sys_ReplaceDeviceTask    0x800'0847   0x26  Code  Gb  AnyID_Boot_SysCfg.o [1]
Sys_ReplaceDeviceTask::flashTime
                        0x2000'2be2    0x1  Data  Lc  AnyID_Boot_SysCfg.o [1]
Sys_ServerTask           0x800'05ff  0x172  Code  Gb  AnyID_Boot_SysCfg.o [1]
Sys_UartTask             0x800'03ef   0x34  Code  Gb  AnyID_Boot_SysCfg.o [1]
SystemInit               0x800'2dcd   0x32  Code  Gb  system_stm32f10x.o [1]
UART5_IRQHandler         0x800'2f0b   0x52  Code  Gb  stm32f10x_it.o [1]
USART_ClearFlag          0x800'253b    0x6  Code  Gb  stm32f10x_usart.o [1]
USART_ClearITPendingBit
                         0x800'2587   0x10  Code  Gb  stm32f10x_usart.o [1]
USART_Cmd                0x800'24d9   0x1a  Code  Gb  stm32f10x_usart.o [1]
USART_DeInit             0x800'2385   0x9a  Code  Gb  stm32f10x_usart.o [1]
USART_GetFlagStatus      0x800'252d    0xe  Code  Gb  stm32f10x_usart.o [1]
USART_GetITStatus        0x800'2541   0x46  Code  Gb  stm32f10x_usart.o [1]
USART_ITConfig           0x800'24f3   0x3a  Code  Gb  stm32f10x_usart.o [1]
USART_Init               0x800'241f   0xa4  Code  Gb  stm32f10x_usart.o [1]
Uart_ConfigInt           0x800'1477   0x22  Code  Gb  AnyID_Boot_Uart_HL.o [1]
Uart_EnableInt           0x800'1499   0x2e  Code  Gb  AnyID_Boot_Uart_HL.o [1]
Uart_InitInterface       0x800'13d5   0xa2  Code  Gb  AnyID_Boot_Uart_HL.o [1]
Uart_WriteBuffer         0x800'14d3   0x2c  Code  Gb  AnyID_Boot_Uart_HL.o [1]
Uart_WriteByte           0x800'14c7    0xc  Code  Gb  AnyID_Boot_Uart_HL.o [1]
Uart_WriteCmd            0x800'150d   0x20  Code  Gb  AnyID_Boot_Uart_HL.o [1]
UsageFault_Handler       0x800'2ec1    0x2  Code  Gb  stm32f10x_it.o [1]
__ICFEDIT_region_RAM_end__ {Abs}
                        0x2000'bfff         Data  Gb  <internal module>
__ICFEDIT_region_RAM_start__ {Abs}
                        0x2000'0000         Data  Gb  <internal module>
__NVIC_SetPriority       0x800'1ccd   0x1a  Code  Lc  AnyID_Boot_SysTick_HL.o [1]
__aeabi_memcpy           0x800'1bed         Code  Gb  ABImemcpy.o [3]
__aeabi_memcpy4          0x800'1c0d         Code  Gb  ABImemcpy.o [3]
__aeabi_memcpy8          0x800'1c0d         Code  Gb  ABImemcpy.o [3]
__aeabi_memset           0x800'2c4d         Code  Gb  ABImemset.o [3]
__aeabi_memset4          0x800'279d         Code  Gb  ABImemset48.o [3]
__aeabi_memset8          0x800'279d         Code  Gb  ABImemset48.o [3]
__cmain                  0x800'3101         Code  Gb  cmain.o [3]
__exit                   0x800'3135   0x14  Code  Gb  exit.o [4]
__iar_Memset             0x800'2c4d         Code  Gb  ABImemset.o [3]
__iar_Memset4_word       0x800'27a5         Code  Gb  ABImemset48.o [3]
__iar_Memset8_word       0x800'27a5         Code  Gb  ABImemset48.o [3]
__iar_Memset_word        0x800'2c55         Code  Gb  ABImemset.o [3]
__iar_Strchr             0x800'2cb5         Code  Gb  strchr.o [3]
__iar_copy_init3         0x800'2597   0x2e  Code  Gb  copy_init3.o [3]
__iar_data_init3         0x800'3091   0x28  Code  Gb  data_init.o [3]
__iar_program_start      0x800'316d         Code  Gb  cstartup_M.o [3]
__iar_zero_init3         0x800'1c93   0x3a  Code  Gb  zero_init3.o [3]
__low_level_init         0x800'311f    0x4  Code  Gb  low_level_init.o [2]
__vector_table           0x800'0000         Data  Gb  startup_stm32f10x_hd.o [1]
_call_main               0x800'310d         Code  Gb  cmain.o [3]
_exit                    0x800'3129         Code  Gb  cexit.o [3]
_main                    0x800'311b         Code  Gb  cmain.o [3]
a_GetCrc                 0x800'2981   0x40  Code  Gb  AnyID_Stdlib.o [1]
a_Str2Hex                0x800'29c1   0x3c  Code  Gb  AnyID_Stdlib.o [1]
a_atoi                   0x800'2a01  0x102  Code  Gb  AnyID_Stdlib.o [1]
a_itoa                   0x800'2b03   0x62  Code  Gb  AnyID_Stdlib.o [1]
exit                     0x800'3123    0x4  Code  Gb  exit.o [2]
g_aAsicto                0x800'2ccc  0x100  Data  Gb  AnyID_Stdlib.o [1]
g_nDeviceNxtDownloadAddr
                        0x2000'2bec    0x4  Data  Gb  AnyID_Boot_SysCfg.o [1]
g_nDeviceNxtEraseAddr   0x2000'2be8    0x4  Data  Gb  AnyID_Boot_SysCfg.o [1]
g_nEC20RxByte           0x2000'2c3e    0x1  Data  Gb  stm32f10x_it.o [1]
g_nFlashUpData          0x2000'1270  0x800  Data  Gb  AnyID_Boot_FlashM25.o [1]
g_nFlashUpTempData      0x2000'1a70  0x800  Data  Gb  AnyID_Boot_FlashM25.o [1]
g_nHttpAtBuf            0x2000'0864  0x200  Data  Gb  AnyID_Boot_Device.o [1]
g_nImei                 0x2000'2860   0x10  Data  Gb  AnyID_Boot_EC20.o [1]
g_nImsiStr              0x2000'2870   0x10  Data  Gb  AnyID_Boot_EC20.o [1]
g_nSoftWare             0x2000'2c1c   0x14  Data  Gb  AnyID_Boot_EC20.o [1]
g_nSysDelay             0x2000'2c34    0x4  Data  Gb  AnyID_Boot_SysTick_HL.o [1]
g_nSysState             0x2000'2be4    0x4  Data  Gb  AnyID_Boot_SysCfg.o [1]
g_nSysTick              0x2000'2c30    0x4  Data  Gb  AnyID_Boot_SysTick_HL.o [1]
g_sDeviceServerTxBuf    0x2000'2880  0x1ec  Data  Gb  AnyID_Boot_Device.o [1]
g_sDeviceUpDataInfo     0x2000'0014  0x850  Data  Gb  AnyID_Boot_Device.o [1]
g_sEC20Connect          0x2000'2a6c  0x12c  Data  Gb  AnyID_Boot_EC20.o [1]
g_sEC20Params           0x2000'2b98   0x48  Data  Gb  AnyID_Boot_EC20.o [1]
g_sEC20RcvBuffer        0x2000'2270  0x5f0  Data  Gb  AnyID_Boot_EC20.o [1]
g_sEC20RcvFrame         0x2000'0a64  0x80c  Data  Gb  AnyID_Boot_EC20.o [1]
g_sFramBootParamenter   0x2000'2c00   0x1c  Data  Gb  AnyID_Boot_FRam.o [1]
main                     0x800'30b9   0x24  Code  Gb  main.o [1]
memcmp                   0x800'25c5         Code  Gb  memcmp.o [3]
strcat                   0x800'2c2f   0x1e  Code  Gb  strcat.o [2]
strchr                   0x800'2cb5         Code  Gb  strchr.o [3]
strlen                   0x800'2bcd         Code  Gb  strlen.o [3]
strstr                   0x800'2c03   0x2c  Code  Gb  strstr.o [2]


[1] = E:\AnyID\Git\FY\SM5001\Boot\SM5001\Build\Obj
[2] = dl7M_tlf.a
[3] = rt7M_tl.a
[4] = shb_l.a

  12'296 bytes of readonly  code memory
     624 bytes of readonly  data memory
  15'935 bytes of readwrite data memory

Errors: none
Warnings: none
