###############################################################################
#
# IAR ELF Linker V8.40.1.212/W32 for ARM                  14/Sep/2023  16:14:21
# Copyright 2007-2019 IAR Systems AB.
#
#    Output file  =
#        E:\AnyID\HFReader\software\SM5001\Boot\SM5001\Build\Exe\Boot.out
#    Map file     =
#        E:\AnyID\HFReader\software\SM5001\Boot\SM5001\Build\List\Boot.map
#    Command line =
#        -f C:\Users\Administrator\AppData\Local\Temp\EWC9C3.tmp
#        (E:\AnyID\HFReader\software\SM5001\Boot\SM5001\Build\Obj\AnyID_Boot_Device.o
#        E:\AnyID\HFReader\software\SM5001\Boot\SM5001\Build\Obj\AnyID_Boot_EC20.o
#        E:\AnyID\HFReader\software\SM5001\Boot\SM5001\Build\Obj\AnyID_Boot_EC20_HL.o
#        E:\AnyID\HFReader\software\SM5001\Boot\SM5001\Build\Obj\AnyID_Boot_Flash_HL.o
#        E:\AnyID\HFReader\software\SM5001\Boot\SM5001\Build\Obj\AnyID_Boot_FlashM25.o
#        E:\AnyID\HFReader\software\SM5001\Boot\SM5001\Build\Obj\AnyID_Boot_FRam.o
#        E:\AnyID\HFReader\software\SM5001\Boot\SM5001\Build\Obj\AnyID_Boot_FRam_HL.o
#        E:\AnyID\HFReader\software\SM5001\Boot\SM5001\Build\Obj\AnyID_Boot_Gate.o
#        E:\AnyID\HFReader\software\SM5001\Boot\SM5001\Build\Obj\AnyID_Boot_Gate_HL.o
#        E:\AnyID\HFReader\software\SM5001\Boot\SM5001\Build\Obj\AnyID_Boot_SysCfg.o
#        E:\AnyID\HFReader\software\SM5001\Boot\SM5001\Build\Obj\AnyID_Boot_SysTick_HL.o
#        E:\AnyID\HFReader\software\SM5001\Boot\SM5001\Build\Obj\AnyID_Boot_Uart.o
#        E:\AnyID\HFReader\software\SM5001\Boot\SM5001\Build\Obj\AnyID_FlashM25.o
#        E:\AnyID\HFReader\software\SM5001\Boot\SM5001\Build\Obj\AnyID_FRam.o
#        E:\AnyID\HFReader\software\SM5001\Boot\SM5001\Build\Obj\AnyID_Stdlib.o
#        E:\AnyID\HFReader\software\SM5001\Boot\SM5001\Build\Obj\AnyID_Uart_Receive.o
#        E:\AnyID\HFReader\software\SM5001\Boot\SM5001\Build\Obj\main.o
#        E:\AnyID\HFReader\software\SM5001\Boot\SM5001\Build\Obj\misc.o
#        E:\AnyID\HFReader\software\SM5001\Boot\SM5001\Build\Obj\startup_stm32f10x_hd.o
#        E:\AnyID\HFReader\software\SM5001\Boot\SM5001\Build\Obj\stm32f10x_flash.o
#        E:\AnyID\HFReader\software\SM5001\Boot\SM5001\Build\Obj\stm32f10x_gpio.o
#        E:\AnyID\HFReader\software\SM5001\Boot\SM5001\Build\Obj\stm32f10x_it.o
#        E:\AnyID\HFReader\software\SM5001\Boot\SM5001\Build\Obj\stm32f10x_iwdg.o
#        E:\AnyID\HFReader\software\SM5001\Boot\SM5001\Build\Obj\stm32f10x_rcc.o
#        E:\AnyID\HFReader\software\SM5001\Boot\SM5001\Build\Obj\stm32f10x_spi.o
#        E:\AnyID\HFReader\software\SM5001\Boot\SM5001\Build\Obj\stm32f10x_usart.o
#        E:\AnyID\HFReader\software\SM5001\Boot\SM5001\Build\Obj\system_stm32f10x.o
#        --redirect _Printf=_PrintfFull --redirect _Scanf=_ScanfFull
#        --no_out_extension -o
#        E:\AnyID\HFReader\software\SM5001\Boot\SM5001\Build\Exe\Boot.out --map
#        E:\AnyID\HFReader\software\SM5001\Boot\SM5001\Build\List\Boot.map
#        --config E:\AnyID\HFReader\software\SM5001\Boot\SM5001\GD32F303xC.icf
#        --semihosting --entry __iar_program_start --vfe --text_out locale)
#
###############################################################################

*******************************************************************************
*** RUNTIME MODEL ATTRIBUTES
***

CppFlavor       = *
__SystemLibrary = DLib
__dlib_version  = 6


*******************************************************************************
*** HEAP SELECTION
***

The basic heap was selected because no calls to memory allocation
functions were found in the application outside of system library
functions, and there are calls to deallocation functions in the
application.


*******************************************************************************
*** PLACEMENT SUMMARY
***

"A0":  place at address 0x800'0000 { ro section .intvec };
"P1":  place in [from 0x800'0000 to 0x800'4000] { ro };
define block CSTACK with size = 4608, alignment = 8 { };
define block HEAP with size = 2K, alignment = 8 { };
"P2":  place in [from 0x2000'0000 to 0x2000'bfff] {
          rw, block CSTACK, block HEAP };
initialize by copy { rw };

  Section            Kind         Address    Size  Object
  -------            ----         -------    ----  ------
"A0":                                       0x130
  .intvec            ro code   0x800'0000   0x130  startup_stm32f10x_hd.o [1]
                             - 0x800'0130   0x130

"P1":                                      0x3c6c
  .text              ro code   0x800'0130   0xc10  AnyID_Boot_SysCfg.o [1]
  .text              ro code   0x800'0d40   0x254  stm32f10x_rcc.o [1]
  .text              ro code   0x800'0f94   0x14a  stm32f10x_flash.o [1]
  .text              ro code   0x800'10de    0x3a  zero_init3.o [3]
  .text              ro code   0x800'1118    0xac  misc.o [1]
  .text              ro code   0x800'11c4   0x10c  stm32f10x_gpio.o [1]
  .text              ro code   0x800'12d0   0x1a4  AnyID_Boot_FRam_HL.o [1]
  .text              ro code   0x800'1474   0x19c  AnyID_Boot_FRam.o [1]
  .text              ro code   0x800'1610   0x104  AnyID_Boot_Flash_HL.o [1]
  .text              ro code   0x800'1714   0x284  AnyID_FlashM25.o [1]
  .text              ro code   0x800'1998   0x164  AnyID_Boot_Gate_HL.o [1]
  .text              ro code   0x800'1afc   0x6c0  AnyID_Boot_EC20.o [1]
  .text              ro code   0x800'21bc    0x78  AnyID_Boot_SysTick_HL.o [1]
  .text              ro code   0x800'2234   0x212  stm32f10x_usart.o [1]
  .text              ro code   0x800'2446    0x2e  copy_init3.o [3]
  .text              ro code   0x800'2474    0x3a  ABImemset48.o [3]
  .text              ro code   0x800'24b0   0x1a4  AnyID_Boot_Gate.o [1]
  .text              ro code   0x800'2654   0x204  AnyID_Boot_Uart.o [1]
  .text              ro code   0x800'2858    0xa6  ABImemcpy.o [3]
  .text              ro code   0x800'2900   0x6ec  AnyID_Boot_Device.o [1]
  .text              ro code   0x800'2fec    0x68  memcmp.o [3]
  .text              ro code   0x800'3054   0x170  AnyID_Boot_EC20_HL.o [1]
  .text              ro code   0x800'31c4   0x1e4  AnyID_Stdlib.o [1]
  .text              ro code   0x800'33a8   0x1aa  AnyID_FRam.o [1]
  .text              ro code   0x800'3554    0x68  stm32f10x_spi.o [1]
  .text              ro code   0x800'35bc    0x2c  strstr.o [2]
  .text              ro code   0x800'35e8    0x1e  strcat.o [2]
  .text              ro code   0x800'3608    0x66  ABImemset.o [3]
  .text              ro code   0x800'3670    0x36  strlen.o [3]
  .text              ro code   0x800'36a8    0x16  strchr.o [3]
  .rodata            const     0x800'36c0   0x100  AnyID_Stdlib.o [1]
  .text              ro code   0x800'37c0    0xf6  stm32f10x_it.o [1]
  .text              ro code   0x800'38b6    0xcc  AnyID_Uart_Receive.o [1]
  .text              ro code   0x800'3984    0xec  system_stm32f10x.o [1]
  .rodata            const     0x800'3a70    0xe0  AnyID_Boot_Device.o [1]
  .rodata            const     0x800'3b50    0x68  AnyID_Boot_EC20.o [1]
  .text              ro code   0x800'3bb8    0x28  data_init.o [3]
  .text              ro code   0x800'3be0    0x24  main.o [1]
  .iar.init_table    const     0x800'3c04    0x24  - Linker created -
  .text              ro code   0x800'3c28    0x1e  cmain.o [3]
  .text              ro code   0x800'3c46     0x4  low_level_init.o [2]
  .text              ro code   0x800'3c4a     0x4  exit.o [2]
  .text              ro code   0x800'3c50     0xa  cexit.o [3]
  .text              ro code   0x800'3c5c    0x14  exit.o [4]
  Initializer bytes  const     0x800'3c70    0x14  <for P2-1>
  .text              ro code   0x800'3c84    0x10  startup_stm32f10x_hd.o [1]
  .text              ro code   0x800'3c94     0xc  cstartup_M.o [3]
  .rodata            const     0x800'3ca0     0x8  AnyID_Boot_EC20_HL.o [1]
  .rodata            const     0x800'3ca8     0x8  AnyID_Boot_EC20_HL.o [1]
  .rodata            const     0x800'3cb0     0x8  AnyID_Boot_Flash_HL.o [1]
  .text              ro code   0x800'3cb8     0x4  startup_stm32f10x_hd.o [1]
  .text              ro code   0x800'3cbc     0x4  startup_stm32f10x_hd.o [1]
  .text              ro code   0x800'3cc0     0x4  startup_stm32f10x_hd.o [1]
  .text              ro code   0x800'3cc4     0x4  startup_stm32f10x_hd.o [1]
  .text              ro code   0x800'3cc8     0x4  startup_stm32f10x_hd.o [1]
  .text              ro code   0x800'3ccc     0x4  startup_stm32f10x_hd.o [1]
  .text              ro code   0x800'3cd0     0x4  startup_stm32f10x_hd.o [1]
  .text              ro code   0x800'3cd4     0x4  startup_stm32f10x_hd.o [1]
  .text              ro code   0x800'3cd8     0x4  startup_stm32f10x_hd.o [1]
  .text              ro code   0x800'3cdc     0x4  startup_stm32f10x_hd.o [1]
  .text              ro code   0x800'3ce0     0x4  startup_stm32f10x_hd.o [1]
  .text              ro code   0x800'3ce4     0x4  startup_stm32f10x_hd.o [1]
  .text              ro code   0x800'3ce8     0x4  startup_stm32f10x_hd.o [1]
  .text              ro code   0x800'3cec     0x4  startup_stm32f10x_hd.o [1]
  .text              ro code   0x800'3cf0     0x4  startup_stm32f10x_hd.o [1]
  .text              ro code   0x800'3cf4     0x4  startup_stm32f10x_hd.o [1]
  .text              ro code   0x800'3cf8     0x4  startup_stm32f10x_hd.o [1]
  .text              ro code   0x800'3cfc     0x4  startup_stm32f10x_hd.o [1]
  .text              ro code   0x800'3d00     0x4  startup_stm32f10x_hd.o [1]
  .text              ro code   0x800'3d04     0x4  startup_stm32f10x_hd.o [1]
  .text              ro code   0x800'3d08     0x4  startup_stm32f10x_hd.o [1]
  .text              ro code   0x800'3d0c     0x4  startup_stm32f10x_hd.o [1]
  .text              ro code   0x800'3d10     0x4  startup_stm32f10x_hd.o [1]
  .text              ro code   0x800'3d14     0x4  startup_stm32f10x_hd.o [1]
  .text              ro code   0x800'3d18     0x4  startup_stm32f10x_hd.o [1]
  .text              ro code   0x800'3d1c     0x4  startup_stm32f10x_hd.o [1]
  .text              ro code   0x800'3d20     0x4  startup_stm32f10x_hd.o [1]
  .text              ro code   0x800'3d24     0x4  startup_stm32f10x_hd.o [1]
  .text              ro code   0x800'3d28     0x4  startup_stm32f10x_hd.o [1]
  .text              ro code   0x800'3d2c     0x4  startup_stm32f10x_hd.o [1]
  .text              ro code   0x800'3d30     0x4  startup_stm32f10x_hd.o [1]
  .text              ro code   0x800'3d34     0x4  startup_stm32f10x_hd.o [1]
  .text              ro code   0x800'3d38     0x4  startup_stm32f10x_hd.o [1]
  .text              ro code   0x800'3d3c     0x4  startup_stm32f10x_hd.o [1]
  .text              ro code   0x800'3d40     0x4  startup_stm32f10x_hd.o [1]
  .text              ro code   0x800'3d44     0x4  startup_stm32f10x_hd.o [1]
  .text              ro code   0x800'3d48     0x4  startup_stm32f10x_hd.o [1]
  .text              ro code   0x800'3d4c     0x4  startup_stm32f10x_hd.o [1]
  .text              ro code   0x800'3d50     0x4  startup_stm32f10x_hd.o [1]
  .text              ro code   0x800'3d54     0x4  startup_stm32f10x_hd.o [1]
  .text              ro code   0x800'3d58     0x4  startup_stm32f10x_hd.o [1]
  .text              ro code   0x800'3d5c     0x4  startup_stm32f10x_hd.o [1]
  .text              ro code   0x800'3d60     0x4  startup_stm32f10x_hd.o [1]
  .text              ro code   0x800'3d64     0x4  startup_stm32f10x_hd.o [1]
  .text              ro code   0x800'3d68     0x4  startup_stm32f10x_hd.o [1]
  .text              ro code   0x800'3d6c     0x4  startup_stm32f10x_hd.o [1]
  .text              ro code   0x800'3d70     0x4  startup_stm32f10x_hd.o [1]
  .text              ro code   0x800'3d74     0x4  startup_stm32f10x_hd.o [1]
  .text              ro code   0x800'3d78     0x4  startup_stm32f10x_hd.o [1]
  .text              ro code   0x800'3d7c     0x4  startup_stm32f10x_hd.o [1]
  .text              ro code   0x800'3d80     0x4  startup_stm32f10x_hd.o [1]
  .text              ro code   0x800'3d84     0x4  startup_stm32f10x_hd.o [1]
  .text              ro code   0x800'3d88     0x4  startup_stm32f10x_hd.o [1]
  .text              ro code   0x800'3d8c     0x4  startup_stm32f10x_hd.o [1]
  .text              ro code   0x800'3d90     0x4  startup_stm32f10x_hd.o [1]
  .text              ro code   0x800'3d94     0x4  startup_stm32f10x_hd.o [1]
  .text              ro code   0x800'3d98     0x4  startup_stm32f10x_hd.o [1]
  .rodata            const     0x800'3d9c     0x0  zero_init3.o [3]
  .rodata            const     0x800'3d9c     0x0  copy_init3.o [3]
                             - 0x800'3d9c  0x3c6c

"P2", part 1 of 3:                           0x14
  P2-1                        0x2000'0000    0x14  <Init block>
    .data            inited   0x2000'0000    0x14  stm32f10x_rcc.o [1]
                            - 0x2000'0014    0x14

"P2", part 2 of 3:                         0x485c
  .bss               zero     0x2000'0014   0xe34  AnyID_Boot_Device.o [1]
  .bss               zero     0x2000'0e48   0xc14  AnyID_Boot_Gate.o [1]
  .bss               zero     0x2000'1a5c   0x80c  AnyID_Boot_EC20.o [1]
  .bss               zero     0x2000'2268   0x80c  AnyID_Boot_Gate.o [1]
  .bss               zero     0x2000'2a74   0x80c  AnyID_Uart_Receive.o [1]
  .bss               zero     0x2000'3280   0x610  AnyID_Boot_EC20.o [1]
  .bss               zero     0x2000'3890   0x414  AnyID_Boot_FlashM25.o [1]
  .bss               zero     0x2000'3ca4   0x400  AnyID_Boot_FlashM25.o [1]
  .bss               zero     0x2000'40a4   0x400  AnyID_Boot_FlashM25.o [1]
  .bss               zero     0x2000'44a4   0x1ec  AnyID_Boot_Device.o [1]
  .bss               zero     0x2000'4690   0x12c  AnyID_Boot_EC20.o [1]
  .bss               zero     0x2000'47bc    0x48  AnyID_Boot_EC20.o [1]
  .bss               zero     0x2000'4804    0x38  AnyID_Boot_FRam.o [1]
  .bss               zero     0x2000'483c    0x24  AnyID_Boot_SysCfg.o [1]
  .bss               zero     0x2000'4860     0x8  AnyID_Boot_SysTick_HL.o [1]
  .bss               zero     0x2000'4868     0x4  AnyID_Boot_Device.o [1]
  .bss               zero     0x2000'486c     0x1  stm32f10x_it.o [1]
  .bss               zero     0x2000'486d     0x1  stm32f10x_it.o [1]
                            - 0x2000'486e  0x485a

"P2", part 3 of 3:                         0x1200
  CSTACK                      0x2000'4870  0x1200  <Block>
    CSTACK           uninit   0x2000'4870  0x1200  <Block tail>
                            - 0x2000'5a70  0x1200

Unused ranges:

         From           To    Size
         ----           --    ----
   0x800'3d9c   0x800'4000   0x265
  0x2000'5a70  0x2000'bfff  0x6590


*******************************************************************************
*** INIT TABLE
***

          Address      Size
          -------      ----
Zero (__iar_zero_init3)
    1 destination range, total size 0x485a:
          0x2000'0014  0x485a

Copy (__iar_copy_init3)
    1 source range, total size 0x14:
           0x800'3c70    0x14
    1 destination range, total size 0x14:
          0x2000'0000    0x14



*******************************************************************************
*** MODULE SUMMARY
***

    Module                   ro code  ro data  rw data
    ------                   -------  -------  -------
command line/config:
    --------------------------------------------------
    Total:

E:\AnyID\HFReader\software\SM5001\Boot\SM5001\Build\Obj: [1]
    AnyID_Boot_Device.o        1'772      224    4'132
    AnyID_Boot_EC20.o          1'728      104    3'984
    AnyID_Boot_EC20_HL.o         368       16
    AnyID_Boot_FRam.o            412                56
    AnyID_Boot_FRam_HL.o         420
    AnyID_Boot_FlashM25.o                        3'092
    AnyID_Boot_Flash_HL.o        260        8
    AnyID_Boot_Gate.o            420             5'152
    AnyID_Boot_Gate_HL.o         356
    AnyID_Boot_SysCfg.o        3'088                36
    AnyID_Boot_SysTick_HL.o      120                 8
    AnyID_Boot_Uart.o            516
    AnyID_FRam.o                 426
    AnyID_FlashM25.o             644
    AnyID_Stdlib.o               484      256
    AnyID_Uart_Receive.o         204             2'060
    main.o                        36
    misc.o                       172
    startup_stm32f10x_hd.o       548
    stm32f10x_flash.o            330
    stm32f10x_gpio.o             268
    stm32f10x_it.o               246                 2
    stm32f10x_rcc.o              596       20       20
    stm32f10x_spi.o              104
    stm32f10x_usart.o            530
    system_stm32f10x.o           236
    --------------------------------------------------
    Total:                    14'284      628   18'542

dl7M_tlf.a: [2]
    exit.o                         4
    low_level_init.o               4
    strcat.o                      30
    strstr.o                      44
    --------------------------------------------------
    Total:                        82

rt7M_tl.a: [3]
    ABImemcpy.o                  166
    ABImemset.o                  102
    ABImemset48.o                 58
    cexit.o                       10
    cmain.o                       30
    copy_init3.o                  46
    cstartup_M.o                  12
    data_init.o                   40
    memcmp.o                     104
    strchr.o                      22
    strlen.o                      54
    zero_init3.o                  58
    --------------------------------------------------
    Total:                       702

shb_l.a: [4]
    exit.o                        20
    --------------------------------------------------
    Total:                        20

    Gaps                          18        2
    Linker created                         36    4'608
------------------------------------------------------
    Grand Total:              15'106      666   23'150


*******************************************************************************
*** ENTRY LIST
***

Entry                       Address   Size  Type      Object
-----                       -------   ----  ----      ------
.iar.init_table$$Base    0x800'3c04          --   Gb  - Linker created -
.iar.init_table$$Limit   0x800'3c28          --   Gb  - Linker created -
?main                    0x800'3c29         Code  Gb  cmain.o [3]
ADCPrescTable           0x2000'0010    0x4  Data  Lc  stm32f10x_rcc.o [1]
APBAHBPrescTable        0x2000'0000   0x10  Data  Lc  stm32f10x_rcc.o [1]
BL_WriteImagePage        0x800'2825   0x34  Code  Gb  AnyID_Boot_Uart.o [1]
BusFault_Handler         0x800'37c7    0x2  Code  Gb  stm32f10x_it.o [1]
CSTACK$$Base            0x2000'4870          --   Gb  - Linker created -
CSTACK$$Limit           0x2000'5a70          --   Gb  - Linker created -
DMA1_Channel1_IRQHandler
                         0x800'38b5    0x2  Code  Gb  stm32f10x_it.o [1]
DebugMon_Handler         0x800'37cd    0x2  Code  Gb  stm32f10x_it.o [1]
Device_Analys_Data       0x800'2db5   0x20  Code  Gb  AnyID_Boot_Device.o [1]
Device_Analys_Data::len
                        0x2000'4868    0x4  Data  Lc  AnyID_Boot_Device.o [1]
Device_Analys_Data_Len   0x800'2dd5   0x76  Code  Gb  AnyID_Boot_Device.o [1]
Device_Chk_Version       0x800'2e81   0x40  Code  Gb  AnyID_Boot_Device.o [1]
Device_Chk_VersionFrame
                         0x800'2c29  0x13c  Code  Gb  AnyID_Boot_Device.o [1]
Device_CommunCheckRsp    0x800'2b11   0xec  Code  Gb  AnyID_Boot_Device.o [1]
Device_CommunStep        0x800'2c05   0x22  Code  Gb  AnyID_Boot_Device.o [1]
Device_CommunTxCmd       0x800'2913  0x1fe  Code  Gb  AnyID_Boot_Device.o [1]
Device_Delayms           0x800'2901   0x12  Code  Gb  AnyID_Boot_Device.o [1]
Device_Search_Data       0x800'2e4b   0x36  Code  Gb  AnyID_Boot_Device.o [1]
Device_WeiteData         0x800'2d65   0x50  Code  Gb  AnyID_Boot_Device.o [1]
EC20_ConfigInt           0x800'30ff   0x22  Code  Gb  AnyID_Boot_EC20_HL.o [1]
EC20_ConnectCheckClose   0x800'1fd9   0x24  Code  Gb  AnyID_Boot_EC20.o [1]
EC20_ConnectCheckRsp     0x800'1de1  0x172  Code  Gb  AnyID_Boot_EC20.o [1]
EC20_ConnectInit         0x800'1b17  0x176  Code  Gb  AnyID_Boot_EC20.o [1]
EC20_ConnectStep         0x800'1f79   0x60  Code  Gb  AnyID_Boot_EC20.o [1]
EC20_ConnectTxCmd        0x800'1c8d  0x154  Code  Gb  AnyID_Boot_EC20.o [1]
EC20_Delayms             0x800'315b   0x12  Code  Gb  AnyID_Boot_EC20_HL.o [1]
EC20_EnableInt           0x800'3121   0x2e  Code  Gb  AnyID_Boot_EC20_HL.o [1]
EC20_Init                0x800'1afd   0x1a  Code  Gb  AnyID_Boot_EC20.o [1]
EC20_InitInterface       0x800'3055   0xaa  Code  Gb  AnyID_Boot_EC20_HL.o [1]
EC20_PORT_CTRL           0x800'3ca8    0x8  Data  Gb  AnyID_Boot_EC20_HL.o [1]
EC20_PORT_KEY            0x800'3ca0    0x8  Data  Gb  AnyID_Boot_EC20_HL.o [1]
EC20_WriteBuffer         0x800'316d   0x26  Code  Gb  AnyID_Boot_EC20_HL.o [1]
EC20_WriteByte           0x800'314f    0xc  Code  Gb  AnyID_Boot_EC20_HL.o [1]
EC20_WriteCmd            0x800'31a5   0x20  Code  Gb  AnyID_Boot_EC20_HL.o [1]
FLASH_CS_COM             0x800'3cb0    0x8  Data  Gb  AnyID_Boot_Flash_HL.o [1]
FLASH_ErasePage          0x800'0fd9   0x42  Code  Gb  stm32f10x_flash.o [1]
FLASH_GetBank1Status     0x800'1081   0x22  Code  Gb  stm32f10x_flash.o [1]
FLASH_Lock               0x800'0fcb    0xe  Code  Gb  stm32f10x_flash.o [1]
FLASH_PrefetchBufferCmd
                         0x800'0fa5   0x14  Code  Gb  stm32f10x_flash.o [1]
FLASH_ProgramWord        0x800'101b   0x66  Code  Gb  stm32f10x_flash.o [1]
FLASH_SetLatency         0x800'0f95   0x10  Code  Gb  stm32f10x_flash.o [1]
FLASH_Unlock             0x800'0fb9   0x12  Code  Gb  stm32f10x_flash.o [1]
FLASH_WaitForLastOperation
                         0x800'10bd   0x22  Code  Gb  stm32f10x_flash.o [1]
FRam_Delayms             0x800'130b   0x12  Code  Gb  AnyID_Boot_FRam_HL.o [1]
FRam_I2CAck              0x800'1373   0x26  Code  Gb  AnyID_Boot_FRam_HL.o [1]
FRam_I2CDelay            0x800'12ff    0xc  Code  Gb  AnyID_Boot_FRam_HL.o [1]
FRam_I2CNoAck            0x800'1399   0x26  Code  Gb  AnyID_Boot_FRam_HL.o [1]
FRam_I2CReceiveByte      0x800'142b   0x3e  Code  Gb  AnyID_Boot_FRam_HL.o [1]
FRam_I2CSendByte         0x800'13f1   0x3a  Code  Gb  AnyID_Boot_FRam_HL.o [1]
FRam_I2CStart            0x800'131d   0x30  Code  Gb  AnyID_Boot_FRam_HL.o [1]
FRam_I2CStop             0x800'134d   0x26  Code  Gb  AnyID_Boot_FRam_HL.o [1]
FRam_I2CWaitAck          0x800'13bf   0x32  Code  Gb  AnyID_Boot_FRam_HL.o [1]
FRam_InitInterface       0x800'12d1   0x2e  Code  Gb  AnyID_Boot_FRam_HL.o [1]
FRam_ReadBuffer          0x800'33a9   0xb4  Code  Gb  AnyID_FRam.o [1]
FRam_WriteBuffer         0x800'34e5   0x6e  Code  Gb  AnyID_FRam.o [1]
FRam_WritePage           0x800'345d   0x88  Code  Gb  AnyID_FRam.o [1]
Flash_Delay16us          0x800'16fd   0x18  Code  Gb  AnyID_Boot_Flash_HL.o [1]
Flash_EraseSector        0x800'1855   0xa8  Code  Gb  AnyID_FlashM25.o [1]
Flash_Init               0x800'1715   0x14  Code  Gb  AnyID_FlashM25.o [1]
Flash_InitInterface      0x800'1611   0xa2  Code  Gb  AnyID_Boot_Flash_HL.o [1]
Flash_ReadBuffer         0x800'18fd   0x98  Code  Gb  AnyID_FlashM25.o [1]
Flash_WriteBuffer        0x800'17ed   0x68  Code  Gb  AnyID_FlashM25.o [1]
Flash_WriteByte          0x800'16b3   0x42  Code  Gb  AnyID_Boot_Flash_HL.o [1]
Flash_WritePage          0x800'1729   0xc4  Code  Gb  AnyID_FlashM25.o [1]
Fram_ReadBootParamenter
                         0x800'1475   0xfe  Code  Gb  AnyID_Boot_FRam.o [1]
Fram_WriteBackupBootParamenter
                         0x800'15bd   0x38  Code  Gb  AnyID_Boot_FRam.o [1]
Fram_WriteBootParamenter
                         0x800'1573   0x4a  Code  Gb  AnyID_Boot_FRam.o [1]
GPIO_Init                0x800'11c5   0x9c  Code  Gb  stm32f10x_gpio.o [1]
GPIO_PinRemapConfig      0x800'1261   0x6a  Code  Gb  stm32f10x_gpio.o [1]
Gate_ConfigInt           0x800'1a45   0x2a  Code  Gb  AnyID_Boot_Gate_HL.o [1]
Gate_Delayms             0x800'1a9d   0x12  Code  Gb  AnyID_Boot_Gate_HL.o [1]
Gate_EnableInt           0x800'1a6f   0x2e  Code  Gb  AnyID_Boot_Gate_HL.o [1]
Gate_InitInterface       0x800'1999   0xac  Code  Gb  AnyID_Boot_Gate_HL.o [1]
Gate_ProcessBootFrame    0x800'25b1   0x92  Code  Gb  AnyID_Boot_Gate.o [1]
Gate_StepBoot            0x800'24b1  0x100  Code  Gb  AnyID_Boot_Gate.o [1]
Gate_WriteBuffer         0x800'1aaf   0x3c  Code  Gb  AnyID_Boot_Gate_HL.o [1]
HardFault_Handler        0x800'37c3    0x2  Code  Gb  stm32f10x_it.o [1]
JumpAddress             0x2000'4858    0x4  Data  Gb  AnyID_Boot_SysCfg.o [1]
Jump_To_Application     0x2000'4854    0x4  Data  Gb  AnyID_Boot_SysCfg.o [1]
MemManage_Handler        0x800'37c5    0x2  Code  Gb  stm32f10x_it.o [1]
NMI_Handler              0x800'37c1    0x2  Code  Gb  stm32f10x_it.o [1]
NVIC_Init                0x800'1123   0x5a  Code  Gb  misc.o [1]
NVIC_PriorityGroupConfig
                         0x800'1119    0xa  Code  Gb  misc.o [1]
NVIC_SetVectorTable      0x800'117d    0xc  Code  Gb  misc.o [1]
PendSV_Handler           0x800'37cf    0x2  Code  Gb  stm32f10x_it.o [1]
RCC_ADCCLKConfig         0x800'0e39    0xe  Code  Gb  stm32f10x_rcc.o [1]
RCC_APB1PeriphClockCmd   0x800'0ef3   0x16  Code  Gb  stm32f10x_rcc.o [1]
RCC_APB1PeriphResetCmd   0x800'0f1f   0x16  Code  Gb  stm32f10x_rcc.o [1]
RCC_APB2PeriphClockCmd   0x800'0edd   0x16  Code  Gb  stm32f10x_rcc.o [1]
RCC_APB2PeriphResetCmd   0x800'0f09   0x16  Code  Gb  stm32f10x_rcc.o [1]
RCC_DeInit               0x800'0d41   0x32  Code  Gb  stm32f10x_rcc.o [1]
RCC_GetClocksFreq        0x800'0e47   0x96  Code  Gb  stm32f10x_rcc.o [1]
RCC_GetFlagStatus        0x800'0f35   0x24  Code  Gb  stm32f10x_rcc.o [1]
RCC_GetSYSCLKSource      0x800'0dfd    0xa  Code  Gb  stm32f10x_rcc.o [1]
RCC_HCLKConfig           0x800'0e07    0xe  Code  Gb  stm32f10x_rcc.o [1]
RCC_HSEConfig            0x800'0d73   0x34  Code  Gb  stm32f10x_rcc.o [1]
RCC_PCLK1Config          0x800'0e15    0xe  Code  Gb  stm32f10x_rcc.o [1]
RCC_PCLK2Config          0x800'0e23   0x10  Code  Gb  stm32f10x_rcc.o [1]
RCC_PLLCmd               0x800'0de9    0x6  Code  Gb  stm32f10x_rcc.o [1]
RCC_PLLConfig            0x800'0dd9   0x10  Code  Gb  stm32f10x_rcc.o [1]
RCC_SYSCLKConfig         0x800'0def    0xe  Code  Gb  stm32f10x_rcc.o [1]
RCC_USBCLKConfig         0x800'0e33    0x6  Code  Gb  stm32f10x_rcc.o [1]
RCC_WaitForHSEStartUp    0x800'0da7   0x32  Code  Gb  stm32f10x_rcc.o [1]
Region$$Table$$Base      0x800'3c04          --   Gb  - Linker created -
Region$$Table$$Limit     0x800'3c28          --   Gb  - Linker created -
SPI_Cmd                  0x800'358d   0x1a  Code  Gb  stm32f10x_spi.o [1]
SPI_I2S_GetFlagStatus    0x800'35af    0xe  Code  Gb  stm32f10x_spi.o [1]
SPI_I2S_ReceiveData      0x800'35ab    0x4  Code  Gb  stm32f10x_spi.o [1]
SPI_I2S_SendData         0x800'35a7    0x4  Code  Gb  stm32f10x_spi.o [1]
SPI_Init                 0x800'3555   0x38  Code  Gb  stm32f10x_spi.o [1]
STick_InitSysTick        0x800'21ff   0x22  Code  Gb  AnyID_Boot_SysTick_HL.o [1]
SVC_Handler              0x800'37cb    0x2  Code  Gb  stm32f10x_it.o [1]
SetSysClock              0x800'39b9    0x2  Code  Lc  system_stm32f10x.o [1]
SetSysClockTo72          0x800'39bb   0xa6  Code  Lc  system_stm32f10x.o [1]
SysTick_CLKSourceConfig
                         0x800'1189   0x18  Code  Gb  misc.o [1]
SysTick_Config           0x800'21d7   0x28  Code  Lc  AnyID_Boot_SysTick_HL.o [1]
SysTick_Handler          0x800'37d1   0x42  Code  Gb  stm32f10x_it.o [1]
Sys_BootTask             0x800'049b  0x1a6  Code  Gb  AnyID_Boot_SysCfg.o [1]
Sys_BootTask::bootState
                        0x2000'485c    0x4  Data  Lc  AnyID_Boot_SysCfg.o [1]
Sys_CfgClock             0x800'0143   0x70  Code  Gb  AnyID_Boot_SysCfg.o [1]
Sys_CfgNVIC              0x800'01cd   0x18  Code  Gb  AnyID_Boot_SysCfg.o [1]
Sys_CfgPeriphClk         0x800'01b3   0x1a  Code  Gb  AnyID_Boot_SysCfg.o [1]
Sys_CheckVersion         0x800'0641   0x5a  Code  Gb  AnyID_Boot_SysCfg.o [1]
Sys_CtrlIOInit           0x800'01e5   0x3a  Code  Gb  AnyID_Boot_SysCfg.o [1]
Sys_Delayms              0x800'0131   0x12  Code  Gb  AnyID_Boot_SysCfg.o [1]
Sys_DownDataTask         0x800'09e3  0x1b0  Code  Gb  AnyID_Boot_SysCfg.o [1]
Sys_DownDataTask::infromTick
                        0x2000'483e    0x1  Data  Lc  AnyID_Boot_SysCfg.o [1]
Sys_DownDataTask::infromTime
                        0x2000'483f    0x1  Data  Lc  AnyID_Boot_SysCfg.o [1]
Sys_DownDataTask::upTick
                        0x2000'483d    0x1  Data  Lc  AnyID_Boot_SysCfg.o [1]
Sys_DownDataTask::upTime
                        0x2000'483c    0x1  Data  Lc  AnyID_Boot_SysCfg.o [1]
Sys_EC20Task             0x800'069b  0x192  Code  Gb  AnyID_Boot_SysCfg.o [1]
Sys_GateTask             0x800'0305  0x196  Code  Gb  AnyID_Boot_SysCfg.o [1]
Sys_Init                 0x800'021f   0x78  Code  Gb  AnyID_Boot_SysCfg.o [1]
Sys_Jump                 0x800'02c9   0x3c  Code  Gb  AnyID_Boot_SysCfg.o [1]
Sys_LedTask              0x800'0297   0x32  Code  Gb  AnyID_Boot_SysCfg.o [1]
Sys_LedTask::ledTimes   0x2000'4850    0x4  Data  Lc  AnyID_Boot_SysCfg.o [1]
Sys_ReplaceDeviceTask    0x800'0b93  0x12e  Code  Gb  AnyID_Boot_SysCfg.o [1]
Sys_ReplaceDeviceTask::flashTime
                        0x2000'4840    0x1  Data  Lc  AnyID_Boot_SysCfg.o [1]
Sys_ReplaceDeviceTask::sector
                        0x2000'4841    0x1  Data  Lc  AnyID_Boot_SysCfg.o [1]
Sys_ServerTask           0x800'082d  0x1b6  Code  Gb  AnyID_Boot_SysCfg.o [1]
SystemInit               0x800'3985   0x32  Code  Gb  system_stm32f10x.o [1]
UART4_IRQHandler         0x800'3865   0x2e  Code  Gb  stm32f10x_it.o [1]
UART5_IRQHandler         0x800'3813   0x52  Code  Gb  stm32f10x_it.o [1]
USART_ClearFlag          0x800'23eb    0x6  Code  Gb  stm32f10x_usart.o [1]
USART_ClearITPendingBit
                         0x800'2437   0x10  Code  Gb  stm32f10x_usart.o [1]
USART_Cmd                0x800'2389   0x1a  Code  Gb  stm32f10x_usart.o [1]
USART_DeInit             0x800'2235   0x9a  Code  Gb  stm32f10x_usart.o [1]
USART_GetFlagStatus      0x800'23dd    0xe  Code  Gb  stm32f10x_usart.o [1]
USART_GetITStatus        0x800'23f1   0x46  Code  Gb  stm32f10x_usart.o [1]
USART_ITConfig           0x800'23a3   0x3a  Code  Gb  stm32f10x_usart.o [1]
USART_Init               0x800'22cf   0xa4  Code  Gb  stm32f10x_usart.o [1]
Uart_CalCrc              0x800'2655   0x4e  Code  Gb  AnyID_Boot_Uart.o [1]
Uart_EraseFlash          0x800'2813   0x12  Code  Gb  AnyID_Boot_Uart.o [1]
Uart_ReceiveFrame        0x800'38b7   0xcc  Code  Gb  AnyID_Uart_Receive.o [1]
Uart_ReqDownload         0x800'2763   0x76  Code  Gb  AnyID_Boot_Uart.o [1]
Uart_ReqEnableBoot       0x800'26dd   0x3a  Code  Gb  AnyID_Boot_Uart.o [1]
Uart_ReqErase            0x800'2717   0x4c  Code  Gb  AnyID_Boot_Uart.o [1]
Uart_ReqJump             0x800'27d9   0x3a  Code  Gb  AnyID_Boot_Uart.o [1]
Uart_ReqReset            0x800'26a3   0x3a  Code  Gb  AnyID_Boot_Uart.o [1]
UsageFault_Handler       0x800'37c9    0x2  Code  Gb  stm32f10x_it.o [1]
__ICFEDIT_region_RAM_end__ {Abs}
                        0x2000'bfff         Data  Gb  <internal module>
__ICFEDIT_region_RAM_start__ {Abs}
                        0x2000'0000         Data  Gb  <internal module>
__NVIC_SetPriority       0x800'21bd   0x1a  Code  Lc  AnyID_Boot_SysTick_HL.o [1]
__aeabi_memcpy           0x800'2859         Code  Gb  ABImemcpy.o [3]
__aeabi_memcpy4          0x800'2879         Code  Gb  ABImemcpy.o [3]
__aeabi_memcpy8          0x800'2879         Code  Gb  ABImemcpy.o [3]
__aeabi_memset           0x800'3609         Code  Gb  ABImemset.o [3]
__aeabi_memset4          0x800'2475         Code  Gb  ABImemset48.o [3]
__aeabi_memset8          0x800'2475         Code  Gb  ABImemset48.o [3]
__cmain                  0x800'3c29         Code  Gb  cmain.o [3]
__exit                   0x800'3c5d   0x14  Code  Gb  exit.o [4]
__iar_Memset             0x800'3609         Code  Gb  ABImemset.o [3]
__iar_Memset4_word       0x800'247d         Code  Gb  ABImemset48.o [3]
__iar_Memset8_word       0x800'247d         Code  Gb  ABImemset48.o [3]
__iar_Memset_word        0x800'3611         Code  Gb  ABImemset.o [3]
__iar_Strchr             0x800'36a9         Code  Gb  strchr.o [3]
__iar_copy_init3         0x800'2447   0x2e  Code  Gb  copy_init3.o [3]
__iar_data_init3         0x800'3bb9   0x28  Code  Gb  data_init.o [3]
__iar_program_start      0x800'3c95         Code  Gb  cstartup_M.o [3]
__iar_zero_init3         0x800'10df   0x3a  Code  Gb  zero_init3.o [3]
__low_level_init         0x800'3c47    0x4  Code  Gb  low_level_init.o [2]
__vector_table           0x800'0000         Data  Gb  startup_stm32f10x_hd.o [1]
_call_main               0x800'3c35         Code  Gb  cmain.o [3]
_exit                    0x800'3c51         Code  Gb  cexit.o [3]
_main                    0x800'3c43         Code  Gb  cmain.o [3]
a_GetCrc                 0x800'31c5   0x40  Code  Gb  AnyID_Stdlib.o [1]
a_Str2Hex                0x800'3205   0x3c  Code  Gb  AnyID_Stdlib.o [1]
a_atoi                   0x800'3245  0x102  Code  Gb  AnyID_Stdlib.o [1]
a_itoa                   0x800'3347   0x62  Code  Gb  AnyID_Stdlib.o [1]
exit                     0x800'3c4b    0x4  Code  Gb  exit.o [2]
g_aAsicto                0x800'36c0  0x100  Data  Gb  AnyID_Stdlib.o [1]
g_nBootLimitTime        0x2000'484c    0x4  Data  Gb  AnyID_Boot_SysCfg.o [1]
g_nDeviceNxtEraseAddr   0x2000'4848    0x4  Data  Gb  AnyID_Boot_SysCfg.o [1]
g_nEC20RxByte           0x2000'486c    0x1  Data  Gb  stm32f10x_it.o [1]
g_nFlashDownData        0x2000'3890  0x414  Data  Gb  AnyID_Boot_FlashM25.o [1]
g_nFlashUpData          0x2000'3ca4  0x400  Data  Gb  AnyID_Boot_FlashM25.o [1]
g_nFlashUpTempData      0x2000'40a4  0x400  Data  Gb  AnyID_Boot_FlashM25.o [1]
g_nGateRxByte           0x2000'486d    0x1  Data  Gb  stm32f10x_it.o [1]
g_nHttpAtBuf            0x2000'086c  0x5dc  Data  Gb  AnyID_Boot_Device.o [1]
g_nImei                 0x2000'3870   0x10  Data  Gb  AnyID_Boot_EC20.o [1]
g_nImsiStr              0x2000'3880   0x10  Data  Gb  AnyID_Boot_EC20.o [1]
g_nSysDelay             0x2000'4864    0x4  Data  Gb  AnyID_Boot_SysTick_HL.o [1]
g_nSysState             0x2000'4844    0x4  Data  Gb  AnyID_Boot_SysCfg.o [1]
g_nSysTick              0x2000'4860    0x4  Data  Gb  AnyID_Boot_SysTick_HL.o [1]
g_sDeviceServerTxBuf    0x2000'44a4  0x1ec  Data  Gb  AnyID_Boot_Device.o [1]
g_sDeviceUpDataInfo     0x2000'0014  0x858  Data  Gb  AnyID_Boot_Device.o [1]
g_sEC20Connect          0x2000'4690  0x12c  Data  Gb  AnyID_Boot_EC20.o [1]
g_sEC20Params           0x2000'47bc   0x48  Data  Gb  AnyID_Boot_EC20.o [1]
g_sEC20RcvBuffer        0x2000'3280  0x5f0  Data  Gb  AnyID_Boot_EC20.o [1]
g_sEC20RcvFrame         0x2000'1a5c  0x80c  Data  Gb  AnyID_Boot_EC20.o [1]
g_sFramBootParamenter   0x2000'4804   0x38  Data  Gb  AnyID_Boot_FRam.o [1]
g_sGateBootInfo         0x2000'0e48  0xc14  Data  Gb  AnyID_Boot_Gate.o [1]
g_sGateRcvFrame         0x2000'2268  0x80c  Data  Gb  AnyID_Boot_Gate.o [1]
g_sUartTempRcvFrame     0x2000'2a74  0x80c  Data  Gb  AnyID_Uart_Receive.o [1]
main                     0x800'3be1   0x24  Code  Gb  main.o [1]
memcmp                   0x800'2fed         Code  Gb  memcmp.o [3]
strcat                   0x800'35e9   0x1e  Code  Gb  strcat.o [2]
strchr                   0x800'36a9         Code  Gb  strchr.o [3]
strlen                   0x800'3671         Code  Gb  strlen.o [3]
strstr                   0x800'35bd   0x2c  Code  Gb  strstr.o [2]


[1] = E:\AnyID\HFReader\software\SM5001\Boot\SM5001\Build\Obj
[2] = dl7M_tlf.a
[3] = rt7M_tl.a
[4] = shb_l.a

  15'106 bytes of readonly  code memory
     666 bytes of readonly  data memory
  23'150 bytes of readwrite data memory

Errors: none
Warnings: none
