###############################################################################
#
# IAR ELF Linker V8.40.1.212/W32 for ARM                  10/Jul/2023  23:19:22
# Copyright 2007-2019 IAR Systems AB.
#
#    Output file  =
#        E:\AnyId\Git\SM5001_23071001\SM5001\Boot\SM5001\Build\Exe\Boot.out
#    Map file     =
#        E:\AnyId\Git\SM5001_23071001\SM5001\Boot\SM5001\Build\List\Boot.map
#    Command line =
#        -f C:\Users\xr\AppData\Local\Temp\EW800E.tmp
#        (E:\AnyId\Git\SM5001_23071001\SM5001\Boot\SM5001\Build\Obj\AnyID_Boot_Device.o
#        E:\AnyId\Git\SM5001_23071001\SM5001\Boot\SM5001\Build\Obj\AnyID_Boot_EC20.o
#        E:\AnyId\Git\SM5001_23071001\SM5001\Boot\SM5001\Build\Obj\AnyID_Boot_EC20_HL.o
#        E:\AnyId\Git\SM5001_23071001\SM5001\Boot\SM5001\Build\Obj\AnyID_Boot_Flash_HL.o
#        E:\AnyId\Git\SM5001_23071001\SM5001\Boot\SM5001\Build\Obj\AnyID_Boot_FlashM25.o
#        E:\AnyId\Git\SM5001_23071001\SM5001\Boot\SM5001\Build\Obj\AnyID_Boot_FRam.o
#        E:\AnyId\Git\SM5001_23071001\SM5001\Boot\SM5001\Build\Obj\AnyID_Boot_FRam_HL.o
#        E:\AnyId\Git\SM5001_23071001\SM5001\Boot\SM5001\Build\Obj\AnyID_Boot_SysCfg.o
#        E:\AnyId\Git\SM5001_23071001\SM5001\Boot\SM5001\Build\Obj\AnyID_Boot_SysTick_HL.o
#        E:\AnyId\Git\SM5001_23071001\SM5001\Boot\SM5001\Build\Obj\AnyID_Boot_Uart.o
#        E:\AnyId\Git\SM5001_23071001\SM5001\Boot\SM5001\Build\Obj\AnyID_Boot_Uart_HL.o
#        E:\AnyId\Git\SM5001_23071001\SM5001\Boot\SM5001\Build\Obj\AnyID_FlashM25.o
#        E:\AnyId\Git\SM5001_23071001\SM5001\Boot\SM5001\Build\Obj\AnyID_FRam.o
#        E:\AnyId\Git\SM5001_23071001\SM5001\Boot\SM5001\Build\Obj\AnyID_Stdlib.o
#        E:\AnyId\Git\SM5001_23071001\SM5001\Boot\SM5001\Build\Obj\AnyID_Uart_Receive.o
#        E:\AnyId\Git\SM5001_23071001\SM5001\Boot\SM5001\Build\Obj\main.o
#        E:\AnyId\Git\SM5001_23071001\SM5001\Boot\SM5001\Build\Obj\misc.o
#        E:\AnyId\Git\SM5001_23071001\SM5001\Boot\SM5001\Build\Obj\startup_stm32f10x_hd.o
#        E:\AnyId\Git\SM5001_23071001\SM5001\Boot\SM5001\Build\Obj\stm32f10x_flash.o
#        E:\AnyId\Git\SM5001_23071001\SM5001\Boot\SM5001\Build\Obj\stm32f10x_gpio.o
#        E:\AnyId\Git\SM5001_23071001\SM5001\Boot\SM5001\Build\Obj\stm32f10x_it.o
#        E:\AnyId\Git\SM5001_23071001\SM5001\Boot\SM5001\Build\Obj\stm32f10x_iwdg.o
#        E:\AnyId\Git\SM5001_23071001\SM5001\Boot\SM5001\Build\Obj\stm32f10x_rcc.o
#        E:\AnyId\Git\SM5001_23071001\SM5001\Boot\SM5001\Build\Obj\stm32f10x_spi.o
#        E:\AnyId\Git\SM5001_23071001\SM5001\Boot\SM5001\Build\Obj\stm32f10x_usart.o
#        E:\AnyId\Git\SM5001_23071001\SM5001\Boot\SM5001\Build\Obj\system_stm32f10x.o
#        --redirect _Printf=_PrintfFull --redirect _Scanf=_ScanfFull
#        --no_out_extension -o
#        E:\AnyId\Git\SM5001_23071001\SM5001\Boot\SM5001\Build\Exe\Boot.out
#        --map
#        E:\AnyId\Git\SM5001_23071001\SM5001\Boot\SM5001\Build\List\Boot.map
#        --config
#        E:\AnyId\Git\SM5001_23071001\SM5001\Boot\SM5001\GD32F303xC.icf
#        --semihosting --entry __iar_program_start --vfe --text_out locale)
#
###############################################################################

*******************************************************************************
*** RUNTIME MODEL ATTRIBUTES
***

CppFlavor       = *
__SystemLibrary = DLib
__dlib_version  = 6


*******************************************************************************
*** HEAP SELECTION
***

The basic heap was selected because no calls to memory allocation
functions were found in the application outside of system library
functions, and there are calls to deallocation functions in the
application.


*******************************************************************************
*** PLACEMENT SUMMARY
***

"A0":  place at address 0x800'0000 { ro section .intvec };
"P1":  place in [from 0x800'0000 to 0x800'4000] { ro };
define block CSTACK with size = 4608, alignment = 8 { };
define block HEAP with size = 2K, alignment = 8 { };
"P2":  place in [from 0x2000'0000 to 0x2000'bfff] {
          rw, block CSTACK, block HEAP };
initialize by copy { rw };

  Section            Kind         Address    Size  Object
  -------            ----         -------    ----  ------
"A0":                                       0x130
  .intvec            ro code   0x800'0000   0x130  startup_stm32f10x_hd.o [1]
                             - 0x800'0130   0x130

"P1":                                      0x34f4
  .text              ro code   0x800'0130   0x9bc  AnyID_Boot_SysCfg.o [1]
  .text              ro code   0x800'0aec   0x254  stm32f10x_rcc.o [1]
  .text              ro code   0x800'0d40   0x14a  stm32f10x_flash.o [1]
  .text              ro code   0x800'0e8a    0x3a  zero_init3.o [3]
  .text              ro code   0x800'0ec4    0xac  misc.o [1]
  .text              ro code   0x800'0f70   0x10c  stm32f10x_gpio.o [1]
  .text              ro code   0x800'107c   0x1a4  AnyID_Boot_FRam_HL.o [1]
  .text              ro code   0x800'1220   0x140  AnyID_Boot_FRam.o [1]
  .text              ro code   0x800'1360   0x104  AnyID_Boot_Flash_HL.o [1]
  .text              ro code   0x800'1464   0x2cc  AnyID_FlashM25.o [1]
  .text              ro code   0x800'1730    0x10  AnyID_Boot_FlashM25.o [1]
  .text              ro code   0x800'1740   0x158  AnyID_Boot_Uart_HL.o [1]
  .text              ro code   0x800'1898   0x6c0  AnyID_Boot_EC20.o [1]
  .text              ro code   0x800'1f58    0x78  AnyID_Boot_SysTick_HL.o [1]
  .text              ro code   0x800'1fd0    0xa6  ABImemcpy.o [3]
  .text              ro code   0x800'2076    0x2e  copy_init3.o [3]
  .text              ro code   0x800'20a4   0x670  AnyID_Boot_Device.o [1]
  .text              ro code   0x800'2714   0x212  stm32f10x_usart.o [1]
  .text              ro code   0x800'2928    0x68  memcmp.o [3]
  .text              ro code   0x800'2990   0x170  AnyID_Boot_EC20_HL.o [1]
  .text              ro code   0x800'2b00    0x3a  ABImemset48.o [3]
  .text              ro code   0x800'2b3c    0x46  AnyID_Boot_Uart.o [1]
  .text              ro code   0x800'2b82   0x1aa  AnyID_FRam.o [1]
  .text              ro code   0x800'2d2c   0x1e4  AnyID_Stdlib.o [1]
  .text              ro code   0x800'2f10    0x68  stm32f10x_spi.o [1]
  .text              ro code   0x800'2f78    0x36  strlen.o [3]
  .text              ro code   0x800'2fae    0x2c  strstr.o [2]
  .text              ro code   0x800'2fda    0x1e  strcat.o [2]
  .text              ro code   0x800'2ff8    0x66  ABImemset.o [3]
  .text              ro code   0x800'3060    0x16  strchr.o [3]
  .rodata            const     0x800'3078   0x100  AnyID_Stdlib.o [1]
  .text              ro code   0x800'3178    0xec  system_stm32f10x.o [1]
  .text              ro code   0x800'3264    0xba  stm32f10x_it.o [1]
  .rodata            const     0x800'3320    0xb4  AnyID_Boot_Device.o [1]
  .rodata            const     0x800'33d4    0x68  AnyID_Boot_EC20.o [1]
  .text              ro code   0x800'343c    0x28  data_init.o [3]
  .text              ro code   0x800'3464    0x24  main.o [1]
  .iar.init_table    const     0x800'3488    0x24  - Linker created -
  .text              ro code   0x800'34ac    0x1e  cmain.o [3]
  .text              ro code   0x800'34ca     0x4  low_level_init.o [2]
  .text              ro code   0x800'34ce     0x4  exit.o [2]
  .text              ro code   0x800'34d4     0xa  cexit.o [3]
  .text              ro code   0x800'34e0    0x14  exit.o [4]
  Initializer bytes  const     0x800'34f4    0x14  <for P2-1>
  .text              ro code   0x800'3508    0x10  startup_stm32f10x_hd.o [1]
  .text              ro code   0x800'3518     0xc  cstartup_M.o [3]
  .rodata            const     0x800'3524     0x8  AnyID_Boot_EC20_HL.o [1]
  .rodata            const     0x800'352c     0x8  AnyID_Boot_EC20_HL.o [1]
  .rodata            const     0x800'3534     0x8  AnyID_Boot_Flash_HL.o [1]
  .text              ro code   0x800'353c     0x4  startup_stm32f10x_hd.o [1]
  .text              ro code   0x800'3540     0x4  startup_stm32f10x_hd.o [1]
  .text              ro code   0x800'3544     0x4  startup_stm32f10x_hd.o [1]
  .text              ro code   0x800'3548     0x4  startup_stm32f10x_hd.o [1]
  .text              ro code   0x800'354c     0x4  startup_stm32f10x_hd.o [1]
  .text              ro code   0x800'3550     0x4  startup_stm32f10x_hd.o [1]
  .text              ro code   0x800'3554     0x4  startup_stm32f10x_hd.o [1]
  .text              ro code   0x800'3558     0x4  startup_stm32f10x_hd.o [1]
  .text              ro code   0x800'355c     0x4  startup_stm32f10x_hd.o [1]
  .text              ro code   0x800'3560     0x4  startup_stm32f10x_hd.o [1]
  .text              ro code   0x800'3564     0x4  startup_stm32f10x_hd.o [1]
  .text              ro code   0x800'3568     0x4  startup_stm32f10x_hd.o [1]
  .text              ro code   0x800'356c     0x4  startup_stm32f10x_hd.o [1]
  .text              ro code   0x800'3570     0x4  startup_stm32f10x_hd.o [1]
  .text              ro code   0x800'3574     0x4  startup_stm32f10x_hd.o [1]
  .text              ro code   0x800'3578     0x4  startup_stm32f10x_hd.o [1]
  .text              ro code   0x800'357c     0x4  startup_stm32f10x_hd.o [1]
  .text              ro code   0x800'3580     0x4  startup_stm32f10x_hd.o [1]
  .text              ro code   0x800'3584     0x4  startup_stm32f10x_hd.o [1]
  .text              ro code   0x800'3588     0x4  startup_stm32f10x_hd.o [1]
  .text              ro code   0x800'358c     0x4  startup_stm32f10x_hd.o [1]
  .text              ro code   0x800'3590     0x4  startup_stm32f10x_hd.o [1]
  .text              ro code   0x800'3594     0x4  startup_stm32f10x_hd.o [1]
  .text              ro code   0x800'3598     0x4  startup_stm32f10x_hd.o [1]
  .text              ro code   0x800'359c     0x4  startup_stm32f10x_hd.o [1]
  .text              ro code   0x800'35a0     0x4  startup_stm32f10x_hd.o [1]
  .text              ro code   0x800'35a4     0x4  startup_stm32f10x_hd.o [1]
  .text              ro code   0x800'35a8     0x4  startup_stm32f10x_hd.o [1]
  .text              ro code   0x800'35ac     0x4  startup_stm32f10x_hd.o [1]
  .text              ro code   0x800'35b0     0x4  startup_stm32f10x_hd.o [1]
  .text              ro code   0x800'35b4     0x4  startup_stm32f10x_hd.o [1]
  .text              ro code   0x800'35b8     0x4  startup_stm32f10x_hd.o [1]
  .text              ro code   0x800'35bc     0x4  startup_stm32f10x_hd.o [1]
  .text              ro code   0x800'35c0     0x4  startup_stm32f10x_hd.o [1]
  .text              ro code   0x800'35c4     0x4  startup_stm32f10x_hd.o [1]
  .text              ro code   0x800'35c8     0x4  startup_stm32f10x_hd.o [1]
  .text              ro code   0x800'35cc     0x4  startup_stm32f10x_hd.o [1]
  .text              ro code   0x800'35d0     0x4  startup_stm32f10x_hd.o [1]
  .text              ro code   0x800'35d4     0x4  startup_stm32f10x_hd.o [1]
  .text              ro code   0x800'35d8     0x4  startup_stm32f10x_hd.o [1]
  .text              ro code   0x800'35dc     0x4  startup_stm32f10x_hd.o [1]
  .text              ro code   0x800'35e0     0x4  startup_stm32f10x_hd.o [1]
  .text              ro code   0x800'35e4     0x4  startup_stm32f10x_hd.o [1]
  .text              ro code   0x800'35e8     0x4  startup_stm32f10x_hd.o [1]
  .text              ro code   0x800'35ec     0x4  startup_stm32f10x_hd.o [1]
  .text              ro code   0x800'35f0     0x4  startup_stm32f10x_hd.o [1]
  .text              ro code   0x800'35f4     0x4  startup_stm32f10x_hd.o [1]
  .text              ro code   0x800'35f8     0x4  startup_stm32f10x_hd.o [1]
  .text              ro code   0x800'35fc     0x4  startup_stm32f10x_hd.o [1]
  .text              ro code   0x800'3600     0x4  startup_stm32f10x_hd.o [1]
  .text              ro code   0x800'3604     0x4  startup_stm32f10x_hd.o [1]
  .text              ro code   0x800'3608     0x4  startup_stm32f10x_hd.o [1]
  .text              ro code   0x800'360c     0x4  startup_stm32f10x_hd.o [1]
  .text              ro code   0x800'3610     0x4  startup_stm32f10x_hd.o [1]
  .text              ro code   0x800'3614     0x4  startup_stm32f10x_hd.o [1]
  .text              ro code   0x800'3618     0x4  startup_stm32f10x_hd.o [1]
  .text              ro code   0x800'361c     0x4  startup_stm32f10x_hd.o [1]
  .text              ro code   0x800'3620     0x4  startup_stm32f10x_hd.o [1]
  .rodata            const     0x800'3624     0x0  zero_init3.o [3]
  .rodata            const     0x800'3624     0x0  copy_init3.o [3]
                             - 0x800'3624  0x34f4

"P2", part 1 of 3:                           0x14
  P2-1                        0x2000'0000    0x14  <Init block>
    .data            inited   0x2000'0000    0x14  stm32f10x_rcc.o [1]
                            - 0x2000'0014    0x14

"P2", part 2 of 3:                         0x2434
  .bss               zero     0x2000'0014   0xa54  AnyID_Boot_Device.o [1]
  .bss               zero     0x2000'0a68   0x80c  AnyID_Boot_EC20.o [1]
  .bss               zero     0x2000'1274   0x610  AnyID_Boot_EC20.o [1]
  .bss               zero     0x2000'1884   0x400  AnyID_Boot_FlashM25.o [1]
  .bss               zero     0x2000'1c84   0x400  AnyID_Boot_FlashM25.o [1]
  .bss               zero     0x2000'2084   0x1ec  AnyID_Boot_Device.o [1]
  .bss               zero     0x2000'2270   0x12c  AnyID_Boot_EC20.o [1]
  .bss               zero     0x2000'239c    0x48  AnyID_Boot_EC20.o [1]
  .bss               zero     0x2000'23e4    0x24  AnyID_Boot_SysCfg.o [1]
  .bss               zero     0x2000'2408    0x1c  AnyID_Boot_FRam.o [1]
  .bss               zero     0x2000'2424    0x14  AnyID_Boot_EC20.o [1]
  .bss               zero     0x2000'2438     0x8  AnyID_Boot_SysTick_HL.o [1]
  .bss               zero     0x2000'2440     0x4  AnyID_Boot_Device.o [1]
  .bss               zero     0x2000'2444     0x2  AnyID_FlashM25.o [1]
  .bss               zero     0x2000'2446     0x1  stm32f10x_it.o [1]
                            - 0x2000'2447  0x2433

"P2", part 3 of 3:                         0x1200
  CSTACK                      0x2000'2448  0x1200  <Block>
    CSTACK           uninit   0x2000'2448  0x1200  <Block tail>
                            - 0x2000'3648  0x1200

Unused ranges:

         From           To    Size
         ----           --    ----
   0x800'3624   0x800'4000   0x9dd
  0x2000'3648  0x2000'bfff  0x89b8


*******************************************************************************
*** INIT TABLE
***

          Address      Size
          -------      ----
Zero (__iar_zero_init3)
    1 destination range, total size 0x2433:
          0x2000'0014  0x2433

Copy (__iar_copy_init3)
    1 source range, total size 0x14:
           0x800'34f4    0x14
    1 destination range, total size 0x14:
          0x2000'0000    0x14



*******************************************************************************
*** MODULE SUMMARY
***

    Module                   ro code  ro data  rw data
    ------                   -------  -------  -------
command line/config:
    --------------------------------------------------
    Total:

E:\AnyId\Git\SM5001_23071001\SM5001\Boot\SM5001\Build\Obj: [1]
    AnyID_Boot_Device.o        1'648      180    3'140
    AnyID_Boot_EC20.o          1'728      104    4'004
    AnyID_Boot_EC20_HL.o         368       16
    AnyID_Boot_FRam.o            320                28
    AnyID_Boot_FRam_HL.o         420
    AnyID_Boot_FlashM25.o         16             2'048
    AnyID_Boot_Flash_HL.o        260        8
    AnyID_Boot_SysCfg.o        2'492                36
    AnyID_Boot_SysTick_HL.o      120                 8
    AnyID_Boot_Uart.o             70
    AnyID_Boot_Uart_HL.o         344
    AnyID_FRam.o                 426
    AnyID_FlashM25.o             716                 2
    AnyID_Stdlib.o               484      256
    main.o                        36
    misc.o                       172
    startup_stm32f10x_hd.o       552
    stm32f10x_flash.o            330
    stm32f10x_gpio.o             268
    stm32f10x_it.o               186                 1
    stm32f10x_rcc.o              596       20       20
    stm32f10x_spi.o              104
    stm32f10x_usart.o            530
    system_stm32f10x.o           236
    --------------------------------------------------
    Total:                    12'422      584    9'287

dl7M_tlf.a: [2]
    exit.o                         4
    low_level_init.o               4
    strcat.o                      30
    strstr.o                      44
    --------------------------------------------------
    Total:                        82

rt7M_tl.a: [3]
    ABImemcpy.o                  166
    ABImemset.o                  102
    ABImemset48.o                 58
    cexit.o                       10
    cmain.o                       30
    copy_init3.o                  46
    cstartup_M.o                  12
    data_init.o                   40
    memcmp.o                     104
    strchr.o                      22
    strlen.o                      54
    zero_init3.o                  58
    --------------------------------------------------
    Total:                       702

shb_l.a: [4]
    exit.o                        20
    --------------------------------------------------
    Total:                        20

    Gaps                          10        4
    Linker created                         36    4'608
------------------------------------------------------
    Grand Total:              13'236      624   13'895


*******************************************************************************
*** ENTRY LIST
***

Entry                       Address   Size  Type      Object
-----                       -------   ----  ----      ------
.iar.init_table$$Base    0x800'3488          --   Gb  - Linker created -
.iar.init_table$$Limit   0x800'34ac          --   Gb  - Linker created -
?main                    0x800'34ad         Code  Gb  cmain.o [3]
ADCPrescTable           0x2000'0010    0x4  Data  Lc  stm32f10x_rcc.o [1]
APBAHBPrescTable        0x2000'0000   0x10  Data  Lc  stm32f10x_rcc.o [1]
BL_WriteImagePage        0x800'2b4f   0x34  Code  Gb  AnyID_Boot_Uart.o [1]
BusFault_Handler         0x800'326b    0x2  Code  Gb  stm32f10x_it.o [1]
CSTACK$$Base            0x2000'2448          --   Gb  - Linker created -
CSTACK$$Limit           0x2000'3648          --   Gb  - Linker created -
DMA1_Channel1_IRQHandler
                         0x800'331d    0x2  Code  Gb  stm32f10x_it.o [1]
DebugMon_Handler         0x800'3271    0x2  Code  Gb  stm32f10x_it.o [1]
Device_Analys_Data       0x800'250d   0x1a  Code  Gb  AnyID_Boot_Device.o [1]
Device_Analys_Data::len
                        0x2000'2440    0x4  Data  Lc  AnyID_Boot_Device.o [1]
Device_Analys_Data_Len   0x800'2529   0x62  Code  Gb  AnyID_Boot_Device.o [1]
Device_Chk_Version       0x800'25c1   0x4e  Code  Gb  AnyID_Boot_Device.o [1]
Device_Chk_VersionFrame
                         0x800'22fd  0x1ba  Code  Gb  AnyID_Boot_Device.o [1]
Device_CommunCheckRsp    0x800'2253   0x82  Code  Gb  AnyID_Boot_Device.o [1]
Device_CommunStep        0x800'22d9   0x22  Code  Gb  AnyID_Boot_Device.o [1]
Device_CommunTxCmd       0x800'20b7  0x19c  Code  Gb  AnyID_Boot_Device.o [1]
Device_Delayms           0x800'20a5   0x12  Code  Gb  AnyID_Boot_Device.o [1]
Device_Search_Data       0x800'258b   0x36  Code  Gb  AnyID_Boot_Device.o [1]
Device_WeiteData         0x800'24bd   0x50  Code  Gb  AnyID_Boot_Device.o [1]
EC20_ConfigInt           0x800'2a3b   0x22  Code  Gb  AnyID_Boot_EC20_HL.o [1]
EC20_ConnectCheckClose   0x800'1d75   0x24  Code  Gb  AnyID_Boot_EC20.o [1]
EC20_ConnectCheckRsp     0x800'1b7d  0x172  Code  Gb  AnyID_Boot_EC20.o [1]
EC20_ConnectInit         0x800'18b3  0x176  Code  Gb  AnyID_Boot_EC20.o [1]
EC20_ConnectStep         0x800'1d15   0x60  Code  Gb  AnyID_Boot_EC20.o [1]
EC20_ConnectTxCmd        0x800'1a29  0x154  Code  Gb  AnyID_Boot_EC20.o [1]
EC20_Delayms             0x800'2a97   0x12  Code  Gb  AnyID_Boot_EC20_HL.o [1]
EC20_EnableInt           0x800'2a5d   0x2e  Code  Gb  AnyID_Boot_EC20_HL.o [1]
EC20_Init                0x800'1899   0x1a  Code  Gb  AnyID_Boot_EC20.o [1]
EC20_InitInterface       0x800'2991   0xaa  Code  Gb  AnyID_Boot_EC20_HL.o [1]
EC20_PORT_CTRL           0x800'352c    0x8  Data  Gb  AnyID_Boot_EC20_HL.o [1]
EC20_PORT_KEY            0x800'3524    0x8  Data  Gb  AnyID_Boot_EC20_HL.o [1]
EC20_WriteBuffer         0x800'2aa9   0x26  Code  Gb  AnyID_Boot_EC20_HL.o [1]
EC20_WriteByte           0x800'2a8b    0xc  Code  Gb  AnyID_Boot_EC20_HL.o [1]
EC20_WriteCmd            0x800'2ae1   0x20  Code  Gb  AnyID_Boot_EC20_HL.o [1]
FLASH_CS_COM             0x800'3534    0x8  Data  Gb  AnyID_Boot_Flash_HL.o [1]
FLASH_ErasePage          0x800'0d85   0x42  Code  Gb  stm32f10x_flash.o [1]
FLASH_GetBank1Status     0x800'0e2d   0x22  Code  Gb  stm32f10x_flash.o [1]
FLASH_Lock               0x800'0d77    0xe  Code  Gb  stm32f10x_flash.o [1]
FLASH_PrefetchBufferCmd
                         0x800'0d51   0x14  Code  Gb  stm32f10x_flash.o [1]
FLASH_ProgramWord        0x800'0dc7   0x66  Code  Gb  stm32f10x_flash.o [1]
FLASH_SetLatency         0x800'0d41   0x10  Code  Gb  stm32f10x_flash.o [1]
FLASH_Unlock             0x800'0d65   0x12  Code  Gb  stm32f10x_flash.o [1]
FLASH_WaitForLastOperation
                         0x800'0e69   0x22  Code  Gb  stm32f10x_flash.o [1]
FRam_Delayms             0x800'10b7   0x12  Code  Gb  AnyID_Boot_FRam_HL.o [1]
FRam_I2CAck              0x800'111f   0x26  Code  Gb  AnyID_Boot_FRam_HL.o [1]
FRam_I2CDelay            0x800'10ab    0xc  Code  Gb  AnyID_Boot_FRam_HL.o [1]
FRam_I2CNoAck            0x800'1145   0x26  Code  Gb  AnyID_Boot_FRam_HL.o [1]
FRam_I2CReceiveByte      0x800'11d7   0x3e  Code  Gb  AnyID_Boot_FRam_HL.o [1]
FRam_I2CSendByte         0x800'119d   0x3a  Code  Gb  AnyID_Boot_FRam_HL.o [1]
FRam_I2CStart            0x800'10c9   0x30  Code  Gb  AnyID_Boot_FRam_HL.o [1]
FRam_I2CStop             0x800'10f9   0x26  Code  Gb  AnyID_Boot_FRam_HL.o [1]
FRam_I2CWaitAck          0x800'116b   0x32  Code  Gb  AnyID_Boot_FRam_HL.o [1]
FRam_InitInterface       0x800'107d   0x2e  Code  Gb  AnyID_Boot_FRam_HL.o [1]
FRam_ReadBuffer          0x800'2b83   0xb4  Code  Gb  AnyID_FRam.o [1]
FRam_WriteBuffer         0x800'2cbf   0x6e  Code  Gb  AnyID_FRam.o [1]
FRam_WritePage           0x800'2c37   0x88  Code  Gb  AnyID_FRam.o [1]
Flash_Delay16us          0x800'144d   0x18  Code  Gb  AnyID_Boot_Flash_HL.o [1]
Flash_Demo               0x800'1731   0x10  Code  Gb  AnyID_Boot_FlashM25.o [1]
Flash_EraseSector        0x800'15a5   0xa8  Code  Gb  AnyID_FlashM25.o [1]
Flash_Init               0x800'1465   0x14  Code  Gb  AnyID_FlashM25.o [1]
Flash_InitInterface      0x800'1361   0xa2  Code  Gb  AnyID_Boot_Flash_HL.o [1]
Flash_ReadBuffer         0x800'164d   0x98  Code  Gb  AnyID_FlashM25.o [1]
Flash_ReadId             0x800'16e5   0x44  Code  Gb  AnyID_FlashM25.o [1]
Flash_ReadId::id        0x2000'2444    0x2  Data  Lc  AnyID_FlashM25.o [1]
Flash_WriteBuffer        0x800'153d   0x68  Code  Gb  AnyID_FlashM25.o [1]
Flash_WriteByte          0x800'1403   0x42  Code  Gb  AnyID_Boot_Flash_HL.o [1]
Flash_WritePage          0x800'1479   0xc4  Code  Gb  AnyID_FlashM25.o [1]
Fram_ReadBootParamenter
                         0x800'1221   0xb8  Code  Gb  AnyID_Boot_FRam.o [1]
Fram_WriteBackupBootParamenter
                         0x800'1323   0x38  Code  Gb  AnyID_Boot_FRam.o [1]
Fram_WriteBootParamenter
                         0x800'12d9   0x4a  Code  Gb  AnyID_Boot_FRam.o [1]
GPIO_Init                0x800'0f71   0x9c  Code  Gb  stm32f10x_gpio.o [1]
GPIO_PinRemapConfig      0x800'100d   0x6a  Code  Gb  stm32f10x_gpio.o [1]
HardFault_Handler        0x800'3267    0x2  Code  Gb  stm32f10x_it.o [1]
JumpAddress             0x2000'2400    0x4  Data  Gb  AnyID_Boot_SysCfg.o [1]
Jump_To_Application     0x2000'23fc    0x4  Data  Gb  AnyID_Boot_SysCfg.o [1]
MemManage_Handler        0x800'3269    0x2  Code  Gb  stm32f10x_it.o [1]
NMI_Handler              0x800'3265    0x2  Code  Gb  stm32f10x_it.o [1]
NVIC_Init                0x800'0ecf   0x5a  Code  Gb  misc.o [1]
NVIC_PriorityGroupConfig
                         0x800'0ec5    0xa  Code  Gb  misc.o [1]
NVIC_SetVectorTable      0x800'0f29    0xc  Code  Gb  misc.o [1]
PendSV_Handler           0x800'3273    0x2  Code  Gb  stm32f10x_it.o [1]
RCC_ADCCLKConfig         0x800'0be5    0xe  Code  Gb  stm32f10x_rcc.o [1]
RCC_APB1PeriphClockCmd   0x800'0c9f   0x16  Code  Gb  stm32f10x_rcc.o [1]
RCC_APB1PeriphResetCmd   0x800'0ccb   0x16  Code  Gb  stm32f10x_rcc.o [1]
RCC_APB2PeriphClockCmd   0x800'0c89   0x16  Code  Gb  stm32f10x_rcc.o [1]
RCC_APB2PeriphResetCmd   0x800'0cb5   0x16  Code  Gb  stm32f10x_rcc.o [1]
RCC_DeInit               0x800'0aed   0x32  Code  Gb  stm32f10x_rcc.o [1]
RCC_GetClocksFreq        0x800'0bf3   0x96  Code  Gb  stm32f10x_rcc.o [1]
RCC_GetFlagStatus        0x800'0ce1   0x24  Code  Gb  stm32f10x_rcc.o [1]
RCC_GetSYSCLKSource      0x800'0ba9    0xa  Code  Gb  stm32f10x_rcc.o [1]
RCC_HCLKConfig           0x800'0bb3    0xe  Code  Gb  stm32f10x_rcc.o [1]
RCC_HSEConfig            0x800'0b1f   0x34  Code  Gb  stm32f10x_rcc.o [1]
RCC_PCLK1Config          0x800'0bc1    0xe  Code  Gb  stm32f10x_rcc.o [1]
RCC_PCLK2Config          0x800'0bcf   0x10  Code  Gb  stm32f10x_rcc.o [1]
RCC_PLLCmd               0x800'0b95    0x6  Code  Gb  stm32f10x_rcc.o [1]
RCC_PLLConfig            0x800'0b85   0x10  Code  Gb  stm32f10x_rcc.o [1]
RCC_SYSCLKConfig         0x800'0b9b    0xe  Code  Gb  stm32f10x_rcc.o [1]
RCC_USBCLKConfig         0x800'0bdf    0x6  Code  Gb  stm32f10x_rcc.o [1]
RCC_WaitForHSEStartUp    0x800'0b53   0x32  Code  Gb  stm32f10x_rcc.o [1]
Region$$Table$$Base      0x800'3488          --   Gb  - Linker created -
Region$$Table$$Limit     0x800'34ac          --   Gb  - Linker created -
SPI_Cmd                  0x800'2f49   0x1a  Code  Gb  stm32f10x_spi.o [1]
SPI_I2S_GetFlagStatus    0x800'2f6b    0xe  Code  Gb  stm32f10x_spi.o [1]
SPI_I2S_ReceiveData      0x800'2f67    0x4  Code  Gb  stm32f10x_spi.o [1]
SPI_I2S_SendData         0x800'2f63    0x4  Code  Gb  stm32f10x_spi.o [1]
SPI_Init                 0x800'2f11   0x38  Code  Gb  stm32f10x_spi.o [1]
STick_InitSysTick        0x800'1f9b   0x22  Code  Gb  AnyID_Boot_SysTick_HL.o [1]
SVC_Handler              0x800'326f    0x2  Code  Gb  stm32f10x_it.o [1]
SetSysClock              0x800'31ad    0x2  Code  Lc  system_stm32f10x.o [1]
SetSysClockTo72          0x800'31af   0xa6  Code  Lc  system_stm32f10x.o [1]
SysTick_CLKSourceConfig
                         0x800'0f35   0x18  Code  Gb  misc.o [1]
SysTick_Config           0x800'1f73   0x28  Code  Lc  AnyID_Boot_SysTick_HL.o [1]
SysTick_Handler          0x800'3275   0x42  Code  Gb  stm32f10x_it.o [1]
Sys_BootTask             0x800'02f5  0x198  Code  Gb  AnyID_Boot_SysCfg.o [1]
Sys_BootTask::bootState
                        0x2000'2404    0x4  Data  Lc  AnyID_Boot_SysCfg.o [1]
Sys_CfgClock             0x800'0143   0x70  Code  Gb  AnyID_Boot_SysCfg.o [1]
Sys_CfgNVIC              0x800'01cd   0x18  Code  Gb  AnyID_Boot_SysCfg.o [1]
Sys_CfgPeriphClk         0x800'01b3   0x1a  Code  Gb  AnyID_Boot_SysCfg.o [1]
Sys_CheckVersion         0x800'04c1   0x5a  Code  Gb  AnyID_Boot_SysCfg.o [1]
Sys_CtrlIOInit           0x800'01e5   0x2a  Code  Gb  AnyID_Boot_SysCfg.o [1]
Sys_Delayms              0x800'0131   0x12  Code  Gb  AnyID_Boot_SysCfg.o [1]
Sys_DownDataTask         0x800'0825  0x160  Code  Gb  AnyID_Boot_SysCfg.o [1]
Sys_DownDataTask::infromTick
                        0x2000'23e6    0x1  Data  Lc  AnyID_Boot_SysCfg.o [1]
Sys_DownDataTask::infromTime
                        0x2000'23e7    0x1  Data  Lc  AnyID_Boot_SysCfg.o [1]
Sys_DownDataTask::upTick
                        0x2000'23e5    0x1  Data  Lc  AnyID_Boot_SysCfg.o [1]
Sys_DownDataTask::upTime
                        0x2000'23e4    0x1  Data  Lc  AnyID_Boot_SysCfg.o [1]
Sys_EC20Task             0x800'051b  0x18a  Code  Gb  AnyID_Boot_SysCfg.o [1]
Sys_Init                 0x800'020f   0x80  Code  Gb  AnyID_Boot_SysCfg.o [1]
Sys_Jump                 0x800'02b9   0x3c  Code  Gb  AnyID_Boot_SysCfg.o [1]
Sys_LedTask              0x800'028f   0x2a  Code  Gb  AnyID_Boot_SysCfg.o [1]
Sys_LedTask{1}{2}::ledTimes
                        0x2000'23f8    0x4  Data  Lc  AnyID_Boot_SysCfg.o [1]
Sys_ReplaceDeviceTask    0x800'0985   0xf2  Code  Gb  AnyID_Boot_SysCfg.o [1]
Sys_ReplaceDeviceTask::flashTime
                        0x2000'23e8    0x1  Data  Lc  AnyID_Boot_SysCfg.o [1]
Sys_ReplaceDeviceTask::sector
                        0x2000'23e9    0x1  Data  Lc  AnyID_Boot_SysCfg.o [1]
Sys_ServerTask           0x800'06a5  0x180  Code  Gb  AnyID_Boot_SysCfg.o [1]
Sys_UartTask             0x800'048d   0x34  Code  Gb  AnyID_Boot_SysCfg.o [1]
SystemInit               0x800'3179   0x32  Code  Gb  system_stm32f10x.o [1]
UART5_IRQHandler         0x800'32b7   0x52  Code  Gb  stm32f10x_it.o [1]
USART_ClearFlag          0x800'28cb    0x6  Code  Gb  stm32f10x_usart.o [1]
USART_ClearITPendingBit
                         0x800'2917   0x10  Code  Gb  stm32f10x_usart.o [1]
USART_Cmd                0x800'2869   0x1a  Code  Gb  stm32f10x_usart.o [1]
USART_DeInit             0x800'2715   0x9a  Code  Gb  stm32f10x_usart.o [1]
USART_GetFlagStatus      0x800'28bd    0xe  Code  Gb  stm32f10x_usart.o [1]
USART_GetITStatus        0x800'28d1   0x46  Code  Gb  stm32f10x_usart.o [1]
USART_ITConfig           0x800'2883   0x3a  Code  Gb  stm32f10x_usart.o [1]
USART_Init               0x800'27af   0xa4  Code  Gb  stm32f10x_usart.o [1]
Uart_ConfigInt           0x800'17e3   0x22  Code  Gb  AnyID_Boot_Uart_HL.o [1]
Uart_EnableInt           0x800'1805   0x2e  Code  Gb  AnyID_Boot_Uart_HL.o [1]
Uart_EraseFlash          0x800'2b3d   0x12  Code  Gb  AnyID_Boot_Uart.o [1]
Uart_InitInterface       0x800'1741   0xa2  Code  Gb  AnyID_Boot_Uart_HL.o [1]
Uart_WriteBuffer         0x800'183f   0x2c  Code  Gb  AnyID_Boot_Uart_HL.o [1]
Uart_WriteByte           0x800'1833    0xc  Code  Gb  AnyID_Boot_Uart_HL.o [1]
Uart_WriteCmd            0x800'1879   0x20  Code  Gb  AnyID_Boot_Uart_HL.o [1]
UsageFault_Handler       0x800'326d    0x2  Code  Gb  stm32f10x_it.o [1]
__ICFEDIT_region_RAM_end__ {Abs}
                        0x2000'bfff         Data  Gb  <internal module>
__ICFEDIT_region_RAM_start__ {Abs}
                        0x2000'0000         Data  Gb  <internal module>
__NVIC_SetPriority       0x800'1f59   0x1a  Code  Lc  AnyID_Boot_SysTick_HL.o [1]
__aeabi_memcpy           0x800'1fd1         Code  Gb  ABImemcpy.o [3]
__aeabi_memcpy4          0x800'1ff1         Code  Gb  ABImemcpy.o [3]
__aeabi_memcpy8          0x800'1ff1         Code  Gb  ABImemcpy.o [3]
__aeabi_memset           0x800'2ff9         Code  Gb  ABImemset.o [3]
__aeabi_memset4          0x800'2b01         Code  Gb  ABImemset48.o [3]
__aeabi_memset8          0x800'2b01         Code  Gb  ABImemset48.o [3]
__cmain                  0x800'34ad         Code  Gb  cmain.o [3]
__exit                   0x800'34e1   0x14  Code  Gb  exit.o [4]
__iar_Memset             0x800'2ff9         Code  Gb  ABImemset.o [3]
__iar_Memset4_word       0x800'2b09         Code  Gb  ABImemset48.o [3]
__iar_Memset8_word       0x800'2b09         Code  Gb  ABImemset48.o [3]
__iar_Memset_word        0x800'3001         Code  Gb  ABImemset.o [3]
__iar_Strchr             0x800'3061         Code  Gb  strchr.o [3]
__iar_copy_init3         0x800'2077   0x2e  Code  Gb  copy_init3.o [3]
__iar_data_init3         0x800'343d   0x28  Code  Gb  data_init.o [3]
__iar_program_start      0x800'3519         Code  Gb  cstartup_M.o [3]
__iar_zero_init3         0x800'0e8b   0x3a  Code  Gb  zero_init3.o [3]
__low_level_init         0x800'34cb    0x4  Code  Gb  low_level_init.o [2]
__vector_table           0x800'0000         Data  Gb  startup_stm32f10x_hd.o [1]
_call_main               0x800'34b9         Code  Gb  cmain.o [3]
_exit                    0x800'34d5         Code  Gb  cexit.o [3]
_main                    0x800'34c7         Code  Gb  cmain.o [3]
a_GetCrc                 0x800'2d2d   0x40  Code  Gb  AnyID_Stdlib.o [1]
a_Str2Hex                0x800'2d6d   0x3c  Code  Gb  AnyID_Stdlib.o [1]
a_atoi                   0x800'2dad  0x102  Code  Gb  AnyID_Stdlib.o [1]
a_itoa                   0x800'2eaf   0x62  Code  Gb  AnyID_Stdlib.o [1]
exit                     0x800'34cf    0x4  Code  Gb  exit.o [2]
g_aAsicto                0x800'3078  0x100  Data  Gb  AnyID_Stdlib.o [1]
g_nDeviceNxtDownloadAddr
                        0x2000'23f4    0x4  Data  Gb  AnyID_Boot_SysCfg.o [1]
g_nDeviceNxtEraseAddr   0x2000'23f0    0x4  Data  Gb  AnyID_Boot_SysCfg.o [1]
g_nEC20RxByte           0x2000'2446    0x1  Data  Gb  stm32f10x_it.o [1]
g_nFlashUpData          0x2000'1884  0x400  Data  Gb  AnyID_Boot_FlashM25.o [1]
g_nFlashUpTempData      0x2000'1c84  0x400  Data  Gb  AnyID_Boot_FlashM25.o [1]
g_nHttpAtBuf            0x2000'0868  0x200  Data  Gb  AnyID_Boot_Device.o [1]
g_nImei                 0x2000'1864   0x10  Data  Gb  AnyID_Boot_EC20.o [1]
g_nImsiStr              0x2000'1874   0x10  Data  Gb  AnyID_Boot_EC20.o [1]
g_nSoftWare             0x2000'2424   0x14  Data  Gb  AnyID_Boot_EC20.o [1]
g_nSysDelay             0x2000'243c    0x4  Data  Gb  AnyID_Boot_SysTick_HL.o [1]
g_nSysState             0x2000'23ec    0x4  Data  Gb  AnyID_Boot_SysCfg.o [1]
g_nSysTick              0x2000'2438    0x4  Data  Gb  AnyID_Boot_SysTick_HL.o [1]
g_sDeviceServerTxBuf    0x2000'2084  0x1ec  Data  Gb  AnyID_Boot_Device.o [1]
g_sDeviceUpDataInfo     0x2000'0014  0x854  Data  Gb  AnyID_Boot_Device.o [1]
g_sEC20Connect          0x2000'2270  0x12c  Data  Gb  AnyID_Boot_EC20.o [1]
g_sEC20Params           0x2000'239c   0x48  Data  Gb  AnyID_Boot_EC20.o [1]
g_sEC20RcvBuffer        0x2000'1274  0x5f0  Data  Gb  AnyID_Boot_EC20.o [1]
g_sEC20RcvFrame         0x2000'0a68  0x80c  Data  Gb  AnyID_Boot_EC20.o [1]
g_sFramBootParamenter   0x2000'2408   0x1c  Data  Gb  AnyID_Boot_FRam.o [1]
main                     0x800'3465   0x24  Code  Gb  main.o [1]
memcmp                   0x800'2929         Code  Gb  memcmp.o [3]
strcat                   0x800'2fdb   0x1e  Code  Gb  strcat.o [2]
strchr                   0x800'3061         Code  Gb  strchr.o [3]
strlen                   0x800'2f79         Code  Gb  strlen.o [3]
strstr                   0x800'2faf   0x2c  Code  Gb  strstr.o [2]


[1] = E:\AnyId\Git\SM5001_23071001\SM5001\Boot\SM5001\Build\Obj
[2] = dl7M_tlf.a
[3] = rt7M_tl.a
[4] = shb_l.a

  13'236 bytes of readonly  code memory
     624 bytes of readonly  data memory
  13'895 bytes of readwrite data memory

Errors: none
Warnings: none
