###############################################################################
#
# IAR ELF Linker V8.40.1.212/W32 for ARM                  25/Jul/2023  10:30:30
# Copyright 2007-2019 IAR Systems AB.
#
#    Output file  =
#        E:\AnyID\Git\FY\SM5001_23072101\SM5001\Build\Exe\SM5001.out
#    Map file     =
#        E:\AnyID\Git\FY\SM5001_23072101\SM5001\Build\List\SM5001.map
#    Command line =
#        -f C:\Users\Administrator\AppData\Local\Temp\EW18A6.tmp
#        (E:\AnyID\Git\FY\SM5001_23072101\SM5001\Build\Obj\AnyID_FRam.o
#        E:\AnyID\Git\FY\SM5001_23072101\SM5001\Build\Obj\AnyID_SM5001_AD.o
#        E:\AnyID\Git\FY\SM5001_23072101\SM5001\Build\Obj\AnyID_SM5001_AD_HL.o
#        E:\AnyID\Git\FY\SM5001_23072101\SM5001\Build\Obj\AnyID_SM5001_Device.o
#        E:\AnyID\Git\FY\SM5001_23072101\SM5001\Build\Obj\Anyid_SM5001_ELECT.o
#        E:\AnyID\Git\FY\SM5001_23072101\SM5001\Build\Obj\Anyid_SM5001_ELECT_HL.o
#        E:\AnyID\Git\FY\SM5001_23072101\SM5001\Build\Obj\AnyID_SM5001_FRam.o
#        E:\AnyID\Git\FY\SM5001_23072101\SM5001\Build\Obj\AnyID_SM5001_FRam_HL.o
#        E:\AnyID\Git\FY\SM5001_23072101\SM5001\Build\Obj\AnyID_SM5001_Gate.o
#        E:\AnyID\Git\FY\SM5001_23072101\SM5001\Build\Obj\AnyID_SM5001_Gate_HL.o
#        E:\AnyID\Git\FY\SM5001_23072101\SM5001\Build\Obj\AnyID_SM5001_IO.o
#        E:\AnyID\Git\FY\SM5001_23072101\SM5001\Build\Obj\AnyID_SM5001_IO_HL.o
#        E:\AnyID\Git\FY\SM5001_23072101\SM5001\Build\Obj\AnyID_SM5001_RTC.o
#        E:\AnyID\Git\FY\SM5001_23072101\SM5001\Build\Obj\Anyid_SM5001_Sound.o
#        E:\AnyID\Git\FY\SM5001_23072101\SM5001\Build\Obj\Anyid_SM5001_Sound_HL.o
#        E:\AnyID\Git\FY\SM5001_23072101\SM5001\Build\Obj\AnyID_SM5001_SysCfg.o
#        E:\AnyID\Git\FY\SM5001_23072101\SM5001\Build\Obj\AnyID_SM5001_SysTick_HL.o
#        E:\AnyID\Git\FY\SM5001_23072101\SM5001\Build\Obj\AnyID_SM5001_Uart.o
#        E:\AnyID\Git\FY\SM5001_23072101\SM5001\Build\Obj\AnyID_SM5001_Uart_HL.o
#        E:\AnyID\Git\FY\SM5001_23072101\SM5001\Build\Obj\AnyID_SM5001_W232.o
#        E:\AnyID\Git\FY\SM5001_23072101\SM5001\Build\Obj\AnyID_SM5001_W232_HL.o
#        E:\AnyID\Git\FY\SM5001_23072101\SM5001\Build\Obj\Anyid_SM5001_Water.o
#        E:\AnyID\Git\FY\SM5001_23072101\SM5001\Build\Obj\Anyid_SM5001_Water_HL.o
#        E:\AnyID\Git\FY\SM5001_23072101\SM5001\Build\Obj\AnyID_SM5001_WDG_HL.o
#        E:\AnyID\Git\FY\SM5001_23072101\SM5001\Build\Obj\AnyID_Stdlib.o
#        E:\AnyID\Git\FY\SM5001_23072101\SM5001\Build\Obj\AnyID_Uart_Receive.o
#        E:\AnyID\Git\FY\SM5001_23072101\SM5001\Build\Obj\base64.o
#        E:\AnyID\Git\FY\SM5001_23072101\SM5001\Build\Obj\hmac_sha1.o
#        E:\AnyID\Git\FY\SM5001_23072101\SM5001\Build\Obj\main.o
#        E:\AnyID\Git\FY\SM5001_23072101\SM5001\Build\Obj\md5.o
#        E:\AnyID\Git\FY\SM5001_23072101\SM5001\Build\Obj\misc.o
#        E:\AnyID\Git\FY\SM5001_23072101\SM5001\Build\Obj\startup_stm32f10x_hd.o
#        E:\AnyID\Git\FY\SM5001_23072101\SM5001\Build\Obj\stm32f10x_adc.o
#        E:\AnyID\Git\FY\SM5001_23072101\SM5001\Build\Obj\stm32f10x_bkp.o
#        E:\AnyID\Git\FY\SM5001_23072101\SM5001\Build\Obj\stm32f10x_dma.o
#        E:\AnyID\Git\FY\SM5001_23072101\SM5001\Build\Obj\stm32f10x_exti.o
#        E:\AnyID\Git\FY\SM5001_23072101\SM5001\Build\Obj\stm32f10x_flash.o
#        E:\AnyID\Git\FY\SM5001_23072101\SM5001\Build\Obj\stm32f10x_gpio.o
#        E:\AnyID\Git\FY\SM5001_23072101\SM5001\Build\Obj\stm32f10x_it.o
#        E:\AnyID\Git\FY\SM5001_23072101\SM5001\Build\Obj\stm32f10x_iwdg.o
#        E:\AnyID\Git\FY\SM5001_23072101\SM5001\Build\Obj\stm32f10x_pwr.o
#        E:\AnyID\Git\FY\SM5001_23072101\SM5001\Build\Obj\stm32f10x_rcc.o
#        E:\AnyID\Git\FY\SM5001_23072101\SM5001\Build\Obj\stm32f10x_rtc.o
#        E:\AnyID\Git\FY\SM5001_23072101\SM5001\Build\Obj\stm32f10x_spi.o
#        E:\AnyID\Git\FY\SM5001_23072101\SM5001\Build\Obj\stm32f10x_tim.o
#        E:\AnyID\Git\FY\SM5001_23072101\SM5001\Build\Obj\stm32f10x_usart.o
#        E:\AnyID\Git\FY\SM5001_23072101\SM5001\Build\Obj\system_stm32f10x.o
#        --redirect _Printf=_PrintfFull --redirect _Scanf=_ScanfFull
#        --no_out_extension -o
#        E:\AnyID\Git\FY\SM5001_23072101\SM5001\Build\Exe\SM5001.out --map
#        E:\AnyID\Git\FY\SM5001_23072101\SM5001\Build\List\SM5001.map --config
#        E:\AnyID\Git\FY\SM5001_23072101\SM5001\GD32F303xC.icf --semihosting
#        --entry __iar_program_start --vfe --text_out locale)
#
###############################################################################

*******************************************************************************
*** RUNTIME MODEL ATTRIBUTES
***

CppFlavor       = *
__SystemLibrary = DLib
__dlib_version  = 6


*******************************************************************************
*** HEAP SELECTION
***

The basic heap was selected because no calls to memory allocation
functions were found in the application outside of system library
functions, and there are calls to deallocation functions in the
application.


*******************************************************************************
*** PLACEMENT SUMMARY
***

"A0":  place at address 0x800'4000 { ro section .intvec };
"P1":  place in [from 0x800'4000 to 0x803'ffff] { ro };
define block CSTACK with size = 5376, alignment = 8 { };
define block HEAP with size = 2K, alignment = 8 { };
"P2":  place in [from 0x2000'0000 to 0x2000'bfff] {
          rw, block CSTACK, block HEAP };
initialize by copy { rw };

  Section            Kind         Address    Size  Object
  -------            ----         -------    ----  ------
"A0":                                       0x130
  .intvec            ro code   0x800'4000   0x130  startup_stm32f10x_hd.o [1]
                             - 0x800'4130   0x130

"P1", part 1 of 2:                           0xb0
  .text              ro code   0x800'4130    0x3a  zero_init3.o [4]
  .text              ro code   0x800'416a    0x1e  xencoding_8859_1.o [2]
  .text              ro code   0x800'4188     0xa  xsprout.o [2]
  Initializer bytes  const     0x800'4192    0x4e  <for P2-1>
                             - 0x800'41e0    0xb0

Absolute sections:                           0x32
  .rodata            const     0x800'5000    0x32  AnyID_SM5001_Device.o [1]
                             - 0x800'5032    0x32

"P1", part 2 of 2:                         0xc928
  .text              ro code   0x800'5034  0x3f7c  AnyID_SM5001_Device.o [1]
  .text              ro code   0x800'8fb0   0xf28  AnyID_SM5001_W232.o [1]
  .text              ro code   0x800'9ed8   0x206  Anyid_SM5001_ELECT.o [1]
  .text              ro code   0x800'a0de   0x236  AnyID_FRam.o [1]
  .text              ro code   0x800'a314   0x2de  AnyID_Stdlib.o [1]
  .text              ro code   0x800'a5f4    0x66  ABImemset.o [4]
  .text              ro code   0x800'a65c   0x13c  AnyID_SM5001_FRam.o [1]
  .text              ro code   0x800'a798    0xa6  ABImemcpy.o [4]
  .text              ro code   0x800'a840    0x68  memcmp.o [4]
  .text              ro code   0x800'a8a8   0x644  AnyID_SM5001_Gate.o [1]
  .text              ro code   0x800'aeec    0x36  strlen.o [4]
  .rodata            const     0x800'af22     0x2  xlocale_c.o [2]
  .text              ro code   0x800'af24    0x40  sprintf.o [2]
  .text              ro code   0x800'af64    0x2c  strstr.o [2]
  .text              ro code   0x800'af90   0x1a2  AnyID_SM5001_W232_HL.o [1]
  .rodata            const     0x800'b132     0x2  xlocale_c.o [2]
  .text              ro code   0x800'b134    0x40  stm32f10x_iwdg.o [1]
  .text              ro code   0x800'b174   0x2f8  Anyid_SM5001_ELECT_HL.o [1]
  .text              ro code   0x800'b46c   0x228  AnyID_SM5001_FRam_HL.o [1]
  .text              ro code   0x800'b694   0x280  AnyID_SM5001_Gate_HL.o [1]
  .text              ro code   0x800'b914   0x2de  stm32f10x_usart.o [1]
  .rodata            const     0x800'bbf2     0x1  xlocale_c.o [2]
  .text              ro code   0x800'bbf4  0x10c6  xprintffull.o [2]
  .text              ro code   0x800'ccbc    0x16  strchr.o [4]
  .text              ro code   0x800'ccd4   0x178  stm32f10x_gpio.o [1]
  .text              ro code   0x800'ce4c    0xb8  misc.o [1]
  .text              ro code   0x800'cf04   0x198  stm32f10x_dma.o [1]
  .text              ro code   0x800'd09c   0x338  stm32f10x_rcc.o [1]
  .text              ro code   0x800'd3d4    0x7c  xlocale_c.o [2]
  .text              ro code   0x800'd450    0x40  xfail_s.o [2]
  .text              ro code   0x800'd490    0x58  memchr.o [4]
  .text              ro code   0x800'd4e8    0x70  frexp.o [3]
  .text              ro code   0x800'd558    0x2e  DblCmpLe.o [3]
  .text              ro code   0x800'd588    0x2e  DblCmpGe.o [3]
  .text              ro code   0x800'd5b8   0x13a  ldexp.o [3]
  .text              ro code   0x800'd6f4    0x3a  DblToS32.o [3]
  .text              ro code   0x800'd730    0x22  S32ToDbl.o [3]
  .text              ro code   0x800'd754    0xe2  DblSub.o [3]
  .text              ro code   0x800'd838   0x246  DblDiv.o [3]
  .text              ro code   0x800'da80    0x28  DblToU32.o [3]
  .text              ro code   0x800'daa8    0x1a  U32ToDbl.o [3]
  .text              ro code   0x800'dac4   0x1a2  DblMul.o [3]
  .text              ro code   0x800'dc66     0xa  xmbcurmax.o [2]
  .text              ro code   0x800'dc70   0x230  I64DivMod.o [4]
  .text              ro code   0x800'dea0     0x6  abort.o [2]
  .text              ro code   0x800'dea8   0x16a  DblAdd.o [3]
  .text              ro code   0x800'e014     0x2  I64DivZer.o [4]
  .text              ro code   0x800'e018    0x14  exit.o [5]
  .text              ro code   0x800'e02c  0x16f0  AnyID_SM5001_SysCfg.o [1]
  .text              ro code   0x800'f71c    0x2c  stm32f10x_flash.o [1]
  .text              ro code   0x800'f748    0x22  AnyID_SM5001_WDG_HL.o [1]
  .text              ro code   0x800'f76c    0xa0  AnyID_SM5001_IO.o [1]
  .text              ro code   0x800'f80c   0x1f4  Anyid_SM5001_Water.o [1]
  .text              ro code   0x800'fa00   0x49e  Anyid_SM5001_Sound.o [1]
  .text              ro code   0x800'fea0    0xa4  AnyID_SM5001_SysTick_HL.o [1]
  .text              ro code   0x800'ff44   0x150  AnyID_SM5001_AD_HL.o [1]
  .text              ro code   0x801'0094   0x148  Anyid_SM5001_Sound_HL.o [1]
  .text              ro code   0x801'01dc    0x88  AnyID_SM5001_AD.o [1]
  .text              ro code   0x801'0264   0x2b6  Anyid_SM5001_Water_HL.o [1]
  .text              ro code   0x801'051c    0xdc  AnyID_SM5001_IO_HL.o [1]
  .text              ro code   0x801'05f8   0x250  stm32f10x_adc.o [1]
  .text              ro code   0x801'0848   0x394  stm32f10x_it.o [1]
  .text              ro code   0x801'0bdc    0x94  stm32f10x_rtc.o [1]
  .text              ro code   0x801'0c70   0x110  system_stm32f10x.o [1]
  .rodata            const     0x801'0d80   0x100  AnyID_Stdlib.o [1]
  .rodata            const     0x801'0e80    0xdc  AnyID_SM5001_AD.o [1]
  .text              ro code   0x801'0f5c    0x78  lz77_init_single.o [4]
  .rodata            const     0x801'0fd4    0x64  AnyID_SM5001_Device.o [1]
  .rodata            const     0x801'1038    0x64  AnyID_SM5001_W232.o [1]
  .rodata            const     0x801'109c    0x50  AnyID_SM5001_W232.o [1]
  .rodata            const     0x801'10ec    0x44  AnyID_SM5001_W232.o [1]
  .rodata            const     0x801'1130    0x3c  AnyID_SM5001_Device.o [1]
  .rodata            const     0x801'116c    0x3c  AnyID_SM5001_W232.o [1]
  .rodata            const     0x801'11a8    0x38  AnyID_SM5001_Device.o [1]
  .rodata            const     0x801'11e0    0x38  AnyID_SM5001_Device.o [1]
  .rodata            const     0x801'1218    0x38  AnyID_SM5001_Device.o [1]
  .rodata            const     0x801'1250    0x38  AnyID_SM5001_Device.o [1]
  .rodata            const     0x801'1288    0x38  AnyID_SM5001_Device.o [1]
  .rodata            const     0x801'12c0    0x38  AnyID_SM5001_W232.o [1]
  .rodata            const     0x801'12f8    0x38  AnyID_SM5001_W232.o [1]
  .rodata            const     0x801'1330    0x38  AnyID_SM5001_W232.o [1]
  .rodata            const     0x801'1368    0x34  AnyID_SM5001_Device.o [1]
  .text              ro code   0x801'139c    0x34  main.o [1]
  .rodata            const     0x801'13d0    0x30  AnyID_SM5001_W232.o [1]
  .rodata            const     0x801'1400    0x30  AnyID_SM5001_W232.o [1]
  .rodata            const     0x801'1430    0x2c  AnyID_SM5001_W232.o [1]
  .rodata            const     0x801'145c    0x28  AnyID_SM5001_W232.o [1]
  .text              ro code   0x801'1484    0x28  data_init.o [4]
  .rodata            const     0x801'14ac    0x24  AnyID_SM5001_W232.o [1]
  .iar.init_table    const     0x801'14d0    0x20  - Linker created -
  .rodata            const     0x801'14f0    0x20  AnyID_SM5001_W232.o [1]
  .rodata            const     0x801'1510    0x20  AnyID_SM5001_W232.o [1]
  .rodata            const     0x801'1530    0x20  AnyID_SM5001_W232.o [1]
  .text              ro code   0x801'1550    0x1e  cmain.o [4]
  .text              ro code   0x801'156e     0x4  low_level_init.o [2]
  .text              ro code   0x801'1572     0x4  exit.o [2]
  .text              ro code   0x801'1578     0xa  cexit.o [4]
  .rodata            const     0x801'1584    0x1c  AnyID_SM5001_Device.o [1]
  .rodata            const     0x801'15a0    0x1c  AnyID_SM5001_W232.o [1]
  .rodata            const     0x801'15bc    0x1c  AnyID_SM5001_W232.o [1]
  .rodata            const     0x801'15d8    0x1c  AnyID_SM5001_W232.o [1]
  .rodata            const     0x801'15f4    0x1c  AnyID_SM5001_W232.o [1]
  .rodata            const     0x801'1610    0x18  AnyID_SM5001_Device.o [1]
  .rodata            const     0x801'1628    0x18  AnyID_SM5001_Device.o [1]
  .rodata            const     0x801'1640    0x18  AnyID_SM5001_Device.o [1]
  .rodata            const     0x801'1658    0x18  AnyID_SM5001_W232.o [1]
  .rodata            const     0x801'1670    0x10  AnyID_SM5001_Device.o [1]
  .rodata            const     0x801'1680    0x10  AnyID_SM5001_W232.o [1]
  .rodata            const     0x801'1690    0x10  AnyID_SM5001_W232.o [1]
  .rodata            const     0x801'16a0    0x10  AnyID_Stdlib.o [1]
  .text              ro code   0x801'16b0    0x10  startup_stm32f10x_hd.o [1]
  .rodata            const     0x801'16c0     0xc  AnyID_SM5001_Device.o [1]
  .rodata            const     0x801'16cc     0xc  AnyID_SM5001_SysCfg.o [1]
  .rodata            const     0x801'16d8     0xc  AnyID_SM5001_W232.o [1]
  .rodata            const     0x801'16e4     0xc  AnyID_SM5001_W232.o [1]
  .rodata            const     0x801'16f0     0xc  AnyID_SM5001_W232.o [1]
  .rodata            const     0x801'16fc     0xc  AnyID_SM5001_W232.o [1]
  .rodata            const     0x801'1708     0xc  AnyID_SM5001_W232.o [1]
  .rodata            const     0x801'1714     0xc  AnyID_SM5001_W232.o [1]
  .rodata            const     0x801'1720     0xc  AnyID_SM5001_W232.o [1]
  .text              ro code   0x801'172c     0xc  cstartup_M.o [4]
  .rodata            const     0x801'1738     0x8  AnyID_SM5001_AD_HL.o [1]
  .rodata            const     0x801'1740     0x8  AnyID_SM5001_AD_HL.o [1]
  .rodata            const     0x801'1748     0x8  AnyID_SM5001_Device.o [1]
  .rodata            const     0x801'1750     0x8  AnyID_SM5001_Device.o [1]
  .rodata            const     0x801'1758     0x8  AnyID_SM5001_Device.o [1]
  .rodata            const     0x801'1760     0x8  AnyID_SM5001_Device.o [1]
  .rodata            const     0x801'1768     0x8  AnyID_SM5001_Device.o [1]
  .rodata            const     0x801'1770     0x8  Anyid_SM5001_ELECT_HL.o [1]
  .rodata            const     0x801'1778     0x8  Anyid_SM5001_ELECT_HL.o [1]
  .rodata            const     0x801'1780     0x8  Anyid_SM5001_ELECT_HL.o [1]
  .rodata            const     0x801'1788     0x8  AnyID_SM5001_FRam_HL.o [1]
  .rodata            const     0x801'1790     0x8  AnyID_SM5001_FRam_HL.o [1]
  .rodata            const     0x801'1798     0x8  AnyID_SM5001_Gate_HL.o [1]
  .rodata            const     0x801'17a0     0x8  AnyID_SM5001_Gate_HL.o [1]
  .rodata            const     0x801'17a8     0x8  AnyID_SM5001_Gate_HL.o [1]
  .rodata            const     0x801'17b0     0x8  AnyID_SM5001_IO_HL.o [1]
  .rodata            const     0x801'17b8     0x8  AnyID_SM5001_IO_HL.o [1]
  .rodata            const     0x801'17c0     0x8  AnyID_SM5001_IO_HL.o [1]
  .rodata            const     0x801'17c8     0x8  AnyID_SM5001_IO_HL.o [1]
  .rodata            const     0x801'17d0     0x8  AnyID_SM5001_IO_HL.o [1]
  .rodata            const     0x801'17d8     0x8  AnyID_SM5001_IO_HL.o [1]
  .rodata            const     0x801'17e0     0x8  AnyID_SM5001_IO_HL.o [1]
  .rodata            const     0x801'17e8     0x8  AnyID_SM5001_IO_HL.o [1]
  .rodata            const     0x801'17f0     0x8  AnyID_SM5001_IO_HL.o [1]
  .rodata            const     0x801'17f8     0x8  Anyid_SM5001_Sound_HL.o [1]
  .rodata            const     0x801'1800     0x8  Anyid_SM5001_Sound_HL.o [1]
  .rodata            const     0x801'1808     0x8  Anyid_SM5001_Sound_HL.o [1]
  .rodata            const     0x801'1810     0x8  AnyID_SM5001_SysCfg.o [1]
  .rodata            const     0x801'1818     0x8  AnyID_SM5001_W232.o [1]
  .rodata            const     0x801'1820     0x8  AnyID_SM5001_W232.o [1]
  .rodata            const     0x801'1828     0x8  AnyID_SM5001_W232.o [1]
  .rodata            const     0x801'1830     0x8  AnyID_SM5001_W232.o [1]
  .rodata            const     0x801'1838     0x8  AnyID_SM5001_W232.o [1]
  .rodata            const     0x801'1840     0x8  AnyID_SM5001_W232.o [1]
  .rodata            const     0x801'1848     0x8  AnyID_SM5001_W232.o [1]
  .rodata            const     0x801'1850     0x8  AnyID_SM5001_W232.o [1]
  .rodata            const     0x801'1858     0x8  AnyID_SM5001_W232.o [1]
  .rodata            const     0x801'1860     0x8  AnyID_SM5001_W232.o [1]
  .rodata            const     0x801'1868     0x8  AnyID_SM5001_W232_HL.o [1]
  .rodata            const     0x801'1870     0x8  AnyID_SM5001_W232_HL.o [1]
  .rodata            const     0x801'1878     0x8  AnyID_SM5001_W232_HL.o [1]
  .rodata            const     0x801'1880     0x8  AnyID_SM5001_W232_HL.o [1]
  .rodata            const     0x801'1888     0x8  Anyid_SM5001_Water_HL.o [1]
  .rodata            const     0x801'1890     0x8  Anyid_SM5001_Water_HL.o [1]
  .rodata            const     0x801'1898     0x8  Anyid_SM5001_Water_HL.o [1]
  .text              ro code   0x801'18a0     0x4  startup_stm32f10x_hd.o [1]
  .text              ro code   0x801'18a4     0x4  startup_stm32f10x_hd.o [1]
  .text              ro code   0x801'18a8     0x4  startup_stm32f10x_hd.o [1]
  .text              ro code   0x801'18ac     0x4  startup_stm32f10x_hd.o [1]
  .text              ro code   0x801'18b0     0x4  startup_stm32f10x_hd.o [1]
  .text              ro code   0x801'18b4     0x4  startup_stm32f10x_hd.o [1]
  .text              ro code   0x801'18b8     0x4  startup_stm32f10x_hd.o [1]
  .text              ro code   0x801'18bc     0x4  startup_stm32f10x_hd.o [1]
  .text              ro code   0x801'18c0     0x4  startup_stm32f10x_hd.o [1]
  .text              ro code   0x801'18c4     0x4  startup_stm32f10x_hd.o [1]
  .text              ro code   0x801'18c8     0x4  startup_stm32f10x_hd.o [1]
  .text              ro code   0x801'18cc     0x4  startup_stm32f10x_hd.o [1]
  .text              ro code   0x801'18d0     0x4  startup_stm32f10x_hd.o [1]
  .text              ro code   0x801'18d4     0x4  startup_stm32f10x_hd.o [1]
  .text              ro code   0x801'18d8     0x4  startup_stm32f10x_hd.o [1]
  .text              ro code   0x801'18dc     0x4  startup_stm32f10x_hd.o [1]
  .text              ro code   0x801'18e0     0x4  startup_stm32f10x_hd.o [1]
  .text              ro code   0x801'18e4     0x4  startup_stm32f10x_hd.o [1]
  .text              ro code   0x801'18e8     0x4  startup_stm32f10x_hd.o [1]
  .text              ro code   0x801'18ec     0x4  startup_stm32f10x_hd.o [1]
  .text              ro code   0x801'18f0     0x4  startup_stm32f10x_hd.o [1]
  .text              ro code   0x801'18f4     0x4  startup_stm32f10x_hd.o [1]
  .text              ro code   0x801'18f8     0x4  startup_stm32f10x_hd.o [1]
  .text              ro code   0x801'18fc     0x4  startup_stm32f10x_hd.o [1]
  .text              ro code   0x801'1900     0x4  startup_stm32f10x_hd.o [1]
  .text              ro code   0x801'1904     0x4  startup_stm32f10x_hd.o [1]
  .text              ro code   0x801'1908     0x4  startup_stm32f10x_hd.o [1]
  .text              ro code   0x801'190c     0x4  startup_stm32f10x_hd.o [1]
  .text              ro code   0x801'1910     0x4  startup_stm32f10x_hd.o [1]
  .text              ro code   0x801'1914     0x4  startup_stm32f10x_hd.o [1]
  .text              ro code   0x801'1918     0x4  startup_stm32f10x_hd.o [1]
  .text              ro code   0x801'191c     0x4  startup_stm32f10x_hd.o [1]
  .text              ro code   0x801'1920     0x4  startup_stm32f10x_hd.o [1]
  .text              ro code   0x801'1924     0x4  startup_stm32f10x_hd.o [1]
  .text              ro code   0x801'1928     0x4  startup_stm32f10x_hd.o [1]
  .text              ro code   0x801'192c     0x4  startup_stm32f10x_hd.o [1]
  .text              ro code   0x801'1930     0x4  startup_stm32f10x_hd.o [1]
  .text              ro code   0x801'1934     0x4  startup_stm32f10x_hd.o [1]
  .text              ro code   0x801'1938     0x4  startup_stm32f10x_hd.o [1]
  .text              ro code   0x801'193c     0x4  startup_stm32f10x_hd.o [1]
  .text              ro code   0x801'1940     0x4  startup_stm32f10x_hd.o [1]
  .text              ro code   0x801'1944     0x4  startup_stm32f10x_hd.o [1]
  .text              ro code   0x801'1948     0x4  startup_stm32f10x_hd.o [1]
  .text              ro code   0x801'194c     0x4  startup_stm32f10x_hd.o [1]
  .text              ro code   0x801'1950     0x4  startup_stm32f10x_hd.o [1]
  .text              ro code   0x801'1954     0x4  startup_stm32f10x_hd.o [1]
  .text              ro code   0x801'1958     0x4  startup_stm32f10x_hd.o [1]
  .rodata            const     0x801'195c     0x0  zero_init3.o [4]
  .rodata            const     0x801'195c     0x0  lz77_init_single.o [4]
                             - 0x801'195c  0xc928

"P2", part 1 of 3:                           0xae
  P2-1                        0x2000'0000    0xae  <Init block>
    .data            inited   0x2000'0000     0xc  AnyID_SM5001_RTC.o [1]
    .data            inited   0x2000'000c     0x4  AnyID_SM5001_SysCfg.o [1]
    .data            inited   0x2000'0010     0x8  Anyid_SM5001_Water.o [1]
    .data            inited   0x2000'0018    0x10  stm32f10x_rcc.o [1]
    .data            inited   0x2000'0028     0x4  stm32f10x_rcc.o [1]
    .data            inited   0x2000'002c    0x38  xlocale_c.o [2]
    .data            inited   0x2000'0064    0x48  xlocale_c.o [2]
    .data            inited   0x2000'00ac     0x1  AnyID_SM5001_Device.o [1]
    .data            inited   0x2000'00ad     0x1  AnyID_SM5001_Device.o [1]
                            - 0x2000'00ae    0xae

"P2", part 2 of 3:                         0x5d24
  .bss               zero     0x2000'00b0  0x1430  AnyID_SM5001_Device.o [1]
  .bss               zero     0x2000'14e0   0x8a8  AnyID_SM5001_Device.o [1]
  .bss               zero     0x2000'1d88   0x818  AnyID_SM5001_W232.o [1]
  .bss               zero     0x2000'25a0   0x818  AnyID_Uart_Receive.o [1]
  .bss               zero     0x2000'2db8   0x800  AnyID_SM5001_Device.o [1]
  .bss               zero     0x2000'35b8   0x800  AnyID_SM5001_Device.o [1]
  .bss               zero     0x2000'3db8   0x630  AnyID_SM5001_Gate.o [1]
  .bss               zero     0x2000'43e8   0x38c  AnyID_SM5001_W232.o [1]
  .bss               zero     0x2000'4774   0x2f4  AnyID_SM5001_Gate.o [1]
  .bss               zero     0x2000'4a68   0x234  Anyid_SM5001_ELECT.o [1]
  .bss               zero     0x2000'4c9c   0x200  AnyID_SM5001_Device.o [1]
  .bss               zero     0x2000'4e9c   0x200  AnyID_SM5001_Device.o [1]
  .bss               zero     0x2000'509c   0x200  AnyID_SM5001_Device.o [1]
  .bss               zero     0x2000'529c   0x200  AnyID_SM5001_Device.o [1]
  .bss               zero     0x2000'549c   0x200  AnyID_SM5001_Device.o [1]
  .bss               zero     0x2000'569c   0x144  Anyid_SM5001_Sound.o [1]
  .bss               zero     0x2000'57e0   0x134  AnyID_SM5001_Device.o [1]
  .bss               zero     0x2000'5914   0x124  AnyID_SM5001_W232.o [1]
  .bss               zero     0x2000'5a38   0x104  Anyid_SM5001_Water.o [1]
  .bss               zero     0x2000'5b3c    0xb4  AnyID_SM5001_FRam.o [1]
  .bss               zero     0x2000'5bf0    0x64  AnyID_SM5001_Device.o [1]
  .bss               zero     0x2000'5c54    0x60  AnyID_SM5001_W232.o [1]
  .bss               zero     0x2000'5cb4    0x3c  Anyid_SM5001_Water.o [1]
  .bss               zero     0x2000'5cf0    0x38  AnyID_SM5001_FRam.o [1]
  .bss               zero     0x2000'5d28    0x24  AnyID_SM5001_Gate.o [1]
  .bss               zero     0x2000'5d4c    0x1c  AnyID_SM5001_IO.o [1]
  .bss               zero     0x2000'5d68    0x14  AnyID_SM5001_W232.o [1]
  .bss               zero     0x2000'5d7c    0x14  AnyID_SM5001_W232.o [1]
  .bss               zero     0x2000'5d90     0x8  AnyID_SM5001_Device.o [1]
  .bss               zero     0x2000'5d98     0x8  AnyID_SM5001_Device.o [1]
  .bss               zero     0x2000'5da0     0x8  AnyID_SM5001_Device.o [1]
  .bss               zero     0x2000'5da8     0x4  AnyID_SM5001_AD_HL.o [1]
  .bss               zero     0x2000'5dac     0x4  AnyID_SM5001_Device.o [1]
  .bss               zero     0x2000'5db0     0x4  AnyID_SM5001_SysCfg.o [1]
  .bss               zero     0x2000'5db4     0x4  AnyID_SM5001_SysTick_HL.o [1]
  .bss               zero     0x2000'5db8     0x4  AnyID_SM5001_SysTick_HL.o [1]
  .bss               zero     0x2000'5dbc     0x4  xfail_s.o [2]
  .bss               zero     0x2000'5dc0     0x2  stm32f10x_it.o [1]
  .bss               zero     0x2000'5dc2     0x2  stm32f10x_it.o [1]
  .bss               zero     0x2000'5dc4     0x2  stm32f10x_it.o [1]
  .bss               zero     0x2000'5dc6     0x2  stm32f10x_it.o [1]
  .bss               zero     0x2000'5dc8     0x2  stm32f10x_it.o [1]
  .bss               zero     0x2000'5dca     0x2  stm32f10x_it.o [1]
  .bss               zero     0x2000'5dcc     0x1  AnyID_SM5001_Device.o [1]
  .bss               zero     0x2000'5dcd     0x1  AnyID_SM5001_SysCfg.o [1]
  .bss               zero     0x2000'5dce     0x1  AnyID_SM5001_SysCfg.o [1]
  .bss               zero     0x2000'5dcf     0x1  AnyID_SM5001_SysCfg.o [1]
  .bss               zero     0x2000'5dd0     0x1  stm32f10x_it.o [1]
                            - 0x2000'5dd1  0x5d21

"P2", part 3 of 3:                         0x1500
  CSTACK                      0x2000'5dd8  0x1500  <Block>
    CSTACK           uninit   0x2000'5dd8  0x1500  <Block tail>
                            - 0x2000'72d8  0x1500

Unused ranges:

         From           To      Size
         ----           --      ----
   0x800'41e0   0x800'4fff     0xe20
   0x800'5032   0x800'5033       0x2
   0x801'195c   0x803'ffff  0x2'e6a4
  0x2000'00ae  0x2000'00af       0x2
  0x2000'5dd4  0x2000'5dd7       0x4
  0x2000'72d8  0x2000'bfff    0x4d28


*******************************************************************************
*** INIT TABLE
***

          Address      Size
          -------      ----
Zero (__iar_zero_init3)
    1 destination range, total size 0x5d21:
          0x2000'00b0  0x5d21

Copy/lz77 (__iar_lz77_init_single3)
    1 source range, total size 0x4e (44% of destination):
           0x800'4192    0x4e
    1 destination range, total size 0xae:
          0x2000'0000    0xae



*******************************************************************************
*** MODULE SUMMARY
***

    Module                     ro code  ro data  rw data  ro data
                                                           (abs)
    ------                     -------  -------  -------  -------
command line/config:
    -------------------------------------------------------------
    Total:

E:\AnyID\Git\FY\SM5001_23072101\SM5001\Build\Obj: [1]
    AnyID_FRam.o                   566
    AnyID_SM5001_AD.o              136      220
    AnyID_SM5001_AD_HL.o           336       16        4
    AnyID_SM5001_Device.o       16'252      661   14'479       50
    AnyID_SM5001_FRam.o            316               236
    AnyID_SM5001_FRam_HL.o         552       16
    AnyID_SM5001_Gate.o          1'604             2'376
    AnyID_SM5001_Gate_HL.o         640       24
    AnyID_SM5001_IO.o              160                28
    AnyID_SM5001_IO_HL.o           220       72
    AnyID_SM5001_RTC.o                        5       12
    AnyID_SM5001_SysCfg.o        5'872       22       11
    AnyID_SM5001_SysTick_HL.o      164                 8
    AnyID_SM5001_W232.o          3'880    1'120    3'408
    AnyID_SM5001_W232_HL.o         418       32
    AnyID_SM5001_WDG_HL.o           34
    AnyID_Stdlib.o                 734      272
    AnyID_Uart_Receive.o                           2'072
    Anyid_SM5001_ELECT.o           518               564
    Anyid_SM5001_ELECT_HL.o        760       24
    Anyid_SM5001_Sound.o         1'182               324
    Anyid_SM5001_Sound_HL.o        328       24
    Anyid_SM5001_Water.o           500        3      328
    Anyid_SM5001_Water_HL.o        694       24
    main.o                          52
    misc.o                         184
    startup_stm32f10x_hd.o         508
    stm32f10x_adc.o                592
    stm32f10x_dma.o                408
    stm32f10x_flash.o               44
    stm32f10x_gpio.o               376
    stm32f10x_it.o                 916                13
    stm32f10x_iwdg.o                64
    stm32f10x_rcc.o                824        9       20
    stm32f10x_rtc.o                148
    stm32f10x_usart.o              734
    system_stm32f10x.o             272
    -------------------------------------------------------------
    Total:                      40'988    2'544   23'883       50

dl7M_tlf.a: [2]
    abort.o                          6
    exit.o                           4
    low_level_init.o                 4
    sprintf.o                       64
    strstr.o                        44
    xencoding_8859_1.o              30
    xfail_s.o                       64                 4
    xlocale_c.o                    124       63      128
    xmbcurmax.o                     10
    xprintffull.o                4'294
    xsprout.o                       10
    -------------------------------------------------------------
    Total:                       4'654       63      132

m7M_tl.a: [3]
    DblAdd.o                       362
    DblCmpGe.o                      46
    DblCmpLe.o                      46
    DblDiv.o                       582
    DblMul.o                       418
    DblSub.o                       226
    DblToS32.o                      58
    DblToU32.o                      40
    S32ToDbl.o                      34
    U32ToDbl.o                      26
    frexp.o                        112
    ldexp.o                        314
    -------------------------------------------------------------
    Total:                       2'264

rt7M_tl.a: [4]
    ABImemcpy.o                    166
    ABImemset.o                    102
    I64DivMod.o                    560
    I64DivZer.o                      2
    cexit.o                         10
    cmain.o                         30
    cstartup_M.o                    12
    data_init.o                     40
    lz77_init_single.o             120
    memchr.o                        88
    memcmp.o                       104
    strchr.o                        22
    strlen.o                        54
    zero_init3.o                    58
    -------------------------------------------------------------
    Total:                       1'368

shb_l.a: [5]
    exit.o                          20
    -------------------------------------------------------------
    Total:                          20

    Gaps                            41        2
    Linker created                           32    5'376
-----------------------------------------------------------------
    Grand Total:                49'335    2'641   29'391       50


*******************************************************************************
*** ENTRY LIST
***

Entry                       Address    Size  Type      Object
-----                       -------    ----  ----      ------
.iar.init_table$$Base    0x801'14d0           --   Gb  - Linker created -
.iar.init_table$$Limit   0x801'14f0           --   Gb  - Linker created -
?main                    0x801'1551          Code  Gb  cmain.o [4]
ADC1_2_IRQHandler        0x801'0a97     0x2  Code  Gb  stm32f10x_it.o [1]
ADCPrescTable           0x2000'0028     0x4  Data  Lc  stm32f10x_rcc.o [1]
ADC_Cmd                  0x801'06a3    0x1c  Code  Gb  stm32f10x_adc.o [1]
ADC_DMACmd               0x801'06bf    0x1c  Code  Gb  stm32f10x_adc.o [1]
ADC_DeInit               0x801'05f9    0x5e  Code  Gb  stm32f10x_adc.o [1]
ADC_GetCalibrationStatus
                         0x801'0703    0x14  Code  Gb  stm32f10x_adc.o [1]
ADC_GetResetCalibrationStatus
                         0x801'06e5    0x14  Code  Gb  stm32f10x_adc.o [1]
ADC_Init                 0x801'0657    0x4c  Code  Gb  stm32f10x_adc.o [1]
ADC_RegularChannelConfig
                         0x801'0717   0x11c  Code  Gb  stm32f10x_adc.o [1]
ADC_ResetCalibration     0x801'06db     0xa  Code  Gb  stm32f10x_adc.o [1]
ADC_StartCalibration     0x801'06f9     0xa  Code  Gb  stm32f10x_adc.o [1]
AD_DmaInit               0x801'001b    0x5e  Code  Gb  AnyID_SM5001_AD_HL.o [1]
AD_GetTmpr               0x801'022b    0x34  Code  Gb  AnyID_SM5001_AD.o [1]
AD_Init                  0x800'ff81    0x9a  Code  Gb  AnyID_SM5001_AD_HL.o [1]
AD_InitInterface         0x800'ff45    0x3c  Code  Gb  AnyID_SM5001_AD_HL.o [1]
AD_TEMP1_COM             0x801'1738     0x8  Data  Gb  AnyID_SM5001_AD_HL.o [1]
AD_TEMP2_COM             0x801'1740     0x8  Data  Gb  AnyID_SM5001_AD_HL.o [1]
APBAHBPrescTable        0x2000'0018    0x10  Data  Lc  stm32f10x_rcc.o [1]
BusFault_Handler         0x801'084f     0x2  Code  Gb  stm32f10x_it.o [1]
CSTACK$$Base            0x2000'5dd8           --   Gb  - Linker created -
CSTACK$$Limit           0x2000'72d8           --   Gb  - Linker created -
CacheMore                0x800'd3d9    0x28  Code  Lc  xlocale_c.o [2]
DEVICE_VERSION           0x800'5000    0x32  Data  Gb  AnyID_SM5001_Device.o [1]
DMA1_Channel2_IRQHandler
                         0x801'0a01    0x3a  Code  Gb  stm32f10x_it.o [1]
DMA1_Channel3_IRQHandler
                         0x801'09db    0x26  Code  Gb  stm32f10x_it.o [1]
DMA1_Channel6_IRQHandler
                         0x801'095f    0x26  Code  Gb  stm32f10x_it.o [1]
DMA1_Channel7_IRQHandler
                         0x801'0985    0x1a  Code  Gb  stm32f10x_it.o [1]
DMA2_Channel3_IRQHandler
                         0x801'0a99    0x26  Code  Gb  stm32f10x_it.o [1]
DMA2_Channel4_5_IRQHandler
                         0x801'0abf    0x38  Code  Gb  stm32f10x_it.o [1]
DMA_Cmd                  0x800'd031    0x1c  Code  Gb  stm32f10x_dma.o [1]
DMA_DeInit               0x800'cf05    0xf0  Code  Gb  stm32f10x_dma.o [1]
DMA_ITConfig             0x800'd04d    0x18  Code  Gb  stm32f10x_dma.o [1]
DMA_Init                 0x800'cff5    0x3c  Code  Gb  stm32f10x_dma.o [1]
DebugMon_Handler         0x801'0855     0x2  Code  Gb  stm32f10x_it.o [1]
Device_BrwRsp            0x800'881d    0x94  Code  Gb  AnyID_SM5001_Device.o [1]
Device_CheckRsp          0x800'8205   0x15c  Code  Gb  AnyID_SM5001_Device.o [1]
Device_ChkSersor         0x800'8c5d    0x5e  Code  Gb  AnyID_SM5001_Device.o [1]
Device_CommunCheckRsp    0x800'852d   0x1ee  Code  Gb  AnyID_SM5001_Device.o [1]
Device_CommunStep        0x800'8731    0x46  Code  Gb  AnyID_SM5001_Device.o [1]
Device_CommunTxCmd       0x800'8361   0x104  Code  Gb  AnyID_SM5001_Device.o [1]
Device_CtrBatVolce       0x800'7ef1   0x30a  Code  Gb  AnyID_SM5001_Device.o [1]
Device_FormatMainInfo    0x800'8ced   0x244  Code  Gb  AnyID_SM5001_Device.o [1]
Device_GateBatTwice      0x800'6b8d    0x36  Code  Gb  AnyID_SM5001_Device.o [1]
Device_GateProceRspFrame
                         0x800'64a9   0x6e4  Code  Gb  AnyID_SM5001_Device.o [1]
Device_GateResponse      0x800'56b9    0x90  Code  Gb  AnyID_SM5001_Device.o [1]
Device_GateRsvSlvInfo    0x800'6387   0x11e  Code  Gb  AnyID_SM5001_Device.o [1]
Device_GateStateInit     0x800'8b63    0x9e  Code  Gb  AnyID_SM5001_Device.o [1]
Device_GateStateRsp      0x800'8955   0x20e  Code  Gb  AnyID_SM5001_Device.o [1]
Device_HeartFormat       0x800'7af9   0x32e  Code  Gb  AnyID_SM5001_Device.o [1]
Device_InfoChgRsp        0x800'88b1    0x94  Code  Gb  AnyID_SM5001_Device.o [1]
Device_Init              0x800'5035    0x84  Code  Gb  AnyID_SM5001_Device.o [1]
Device_IoCtr             0x800'7e31    0xb0  Code  Gb  AnyID_SM5001_Device.o [1]
Device_IoCtr::fireFlag  0x2000'00ad     0x1  Data  Lc  AnyID_SM5001_Device.o [1]
Device_ParmenterChkCode
                         0x800'528b    0x3c  Code  Gb  AnyID_SM5001_Device.o [1]
Device_PostRsp           0x800'8469    0xae  Code  Gb  AnyID_SM5001_Device.o [1]
Device_ReadDeviceParamenter
                         0x800'50cb   0x1c0  Code  Gb  AnyID_SM5001_Device.o [1]
Device_ReadMqttKey       0x800'52c7    0xfe  Code  Gb  AnyID_SM5001_Device.o [1]
Device_ResponseBat       0x800'560d    0xac  Code  Gb  AnyID_SM5001_Device.o [1]
Device_ResponseBrBat     0x800'55a3    0x6a  Code  Gb  AnyID_SM5001_Device.o [1]
Device_ResponseCfg       0x800'5749   0x224  Code  Gb  AnyID_SM5001_Device.o [1]
Device_ResponseFrame     0x800'543b    0xfe  Code  Gb  AnyID_SM5001_Device.o [1]
Device_ResponseGateFrame
                         0x800'5991   0x9f6  Code  Gb  AnyID_SM5001_Device.o [1]
Device_ResponseRtBat     0x800'5539    0x6a  Code  Gb  AnyID_SM5001_Device.o [1]
Device_RtuRsp            0x800'8777    0x92  Code  Gb  AnyID_SM5001_Device.o [1]
Device_ServerProcessRxInfo
                         0x800'7935   0x12a  Code  Gb  AnyID_SM5001_Device.o [1]
Device_SetCfg            0x800'7765   0x1c4  Code  Gb  AnyID_SM5001_Device.o [1]
Device_UpHeartData       0x800'7a5f    0x6a  Code  Gb  AnyID_SM5001_Device.o [1]
Device_VoiceCtr          0x800'8c05    0x58  Code  Gb  AnyID_SM5001_Device.o [1]
Device_WaterProceRspFrame
                         0x800'6bc3    0x90  Code  Gb  AnyID_SM5001_Device.o [1]
Device_WriteDeviceParamenter
                         0x800'53c5    0x3e  Code  Gb  AnyID_SM5001_Device.o [1]
Device_WriteMqttKey      0x800'5403    0x38  Code  Gb  AnyID_SM5001_Device.o [1]
ELECT_PORT_CTRL          0x801'1780     0x8  Data  Gb  Anyid_SM5001_ELECT_HL.o [1]
ELECT_PORT_RX            0x801'1778     0x8  Data  Gb  Anyid_SM5001_ELECT_HL.o [1]
ELECT_PORT_TX            0x801'1770     0x8  Data  Gb  Anyid_SM5001_ELECT_HL.o [1]
Elect_CheckFrame         0x800'a051    0x44  Code  Gb  Anyid_SM5001_ELECT.o [1]
Elect_ConfigInt          0x800'b255    0x2e  Code  Gb  Anyid_SM5001_ELECT_HL.o [1]
Elect_FormatFrame        0x800'9f27    0x8c  Code  Gb  Anyid_SM5001_ELECT.o [1]
Elect_GetCrc16           0x800'9fb3    0x56  Code  Gb  Anyid_SM5001_ELECT.o [1]
Elect_Init               0x800'9ed9    0x4e  Code  Gb  Anyid_SM5001_ELECT.o [1]
Elect_InitInterface      0x800'b175    0xe0  Code  Gb  Anyid_SM5001_ELECT_HL.o [1]
Elect_InitRxDma          0x800'b313    0x96  Code  Gb  Anyid_SM5001_ELECT_HL.o [1]
Elect_InitTxDma          0x800'b283    0x90  Code  Gb  Anyid_SM5001_ELECT_HL.o [1]
Elect_Stop               0x800'b3a9    0x5c  Code  Gb  Anyid_SM5001_ELECT_HL.o [1]
Elect_TransmitCmd        0x800'a009    0x36  Code  Gb  Anyid_SM5001_ELECT.o [1]
Elect_WriteBuffer        0x800'b417    0x34  Code  Gb  Anyid_SM5001_ELECT_HL.o [1]
Elect_WriteByte          0x800'b405    0x12  Code  Gb  Anyid_SM5001_ELECT_HL.o [1]
FLASH_PrefetchBufferCmd
                         0x800'f72f    0x14  Code  Gb  stm32f10x_flash.o [1]
FLASH_SetLatency         0x800'f71d    0x12  Code  Gb  stm32f10x_flash.o [1]
FRAM_SCL_PORT            0x801'1790     0x8  Data  Gb  AnyID_SM5001_FRam_HL.o [1]
FRAM_SDA_PORT            0x801'1788     0x8  Data  Gb  AnyID_SM5001_FRam_HL.o [1]
FRam_Delayms             0x800'b4b7    0x12  Code  Gb  AnyID_SM5001_FRam_HL.o [1]
FRam_I2CAck              0x800'b551    0x30  Code  Gb  AnyID_SM5001_FRam_HL.o [1]
FRam_I2CDelay            0x800'b4a9     0xe  Code  Gb  AnyID_SM5001_FRam_HL.o [1]
FRam_I2CNoAck            0x800'b581    0x30  Code  Gb  AnyID_SM5001_FRam_HL.o [1]
FRam_I2CReceiveByte      0x800'b63d    0x4e  Code  Gb  AnyID_SM5001_FRam_HL.o [1]
FRam_I2CSendByte         0x800'b5f3    0x4a  Code  Gb  AnyID_SM5001_FRam_HL.o [1]
FRam_I2CStart            0x800'b4c9    0x58  Code  Gb  AnyID_SM5001_FRam_HL.o [1]
FRam_I2CStop             0x800'b521    0x30  Code  Gb  AnyID_SM5001_FRam_HL.o [1]
FRam_I2CWaitAck          0x800'b5b1    0x42  Code  Gb  AnyID_SM5001_FRam_HL.o [1]
FRam_InitInterface       0x800'b46d    0x3c  Code  Gb  AnyID_SM5001_FRam_HL.o [1]
FRam_ReadBuffer          0x800'a0df    0xe2  Code  Gb  AnyID_FRam.o [1]
FRam_WriteBuffer         0x800'a26d    0xa8  Code  Gb  AnyID_FRam.o [1]
FRam_WritePage           0x800'a1c1    0xac  Code  Gb  AnyID_FRam.o [1]
Float32                  0x800'a095    0x4a  Code  Gb  Anyid_SM5001_ELECT.o [1]
Fram_ReadBootParamenter
                         0x800'a65d    0xfa  Code  Gb  AnyID_SM5001_FRam.o [1]
Fram_WriteBootParamenter
                         0x800'a757    0x3e  Code  Gb  AnyID_SM5001_FRam.o [1]
GATE_PORT_CTRL           0x801'17a8     0x8  Data  Gb  AnyID_SM5001_Gate_HL.o [1]
GATE_PORT_RX             0x801'17a0     0x8  Data  Gb  AnyID_SM5001_Gate_HL.o [1]
GATE_PORT_TX             0x801'1798     0x8  Data  Gb  AnyID_SM5001_Gate_HL.o [1]
GPIO_Init                0x800'ccd5    0xea  Code  Gb  stm32f10x_gpio.o [1]
GPIO_PinRemapConfig      0x800'cdbf    0x84  Code  Gb  stm32f10x_gpio.o [1]
Gate_CheckRspFrame       0x800'ade5    0xe4  Code  Gb  AnyID_SM5001_Gate.o [1]
Gate_ConfigInt           0x800'b763    0x2e  Code  Gb  AnyID_SM5001_Gate_HL.o [1]
Gate_FormatCmd           0x800'abeb   0x102  Code  Gb  AnyID_SM5001_Gate.o [1]
Gate_GetNextOp           0x800'a9c9   0x222  Code  Gb  AnyID_SM5001_Gate.o [1]
Gate_Init                0x800'a8a9    0xce  Code  Gb  AnyID_SM5001_Gate.o [1]
Gate_InitInterface       0x800'b695    0xce  Code  Gb  AnyID_SM5001_Gate_HL.o [1]
Gate_InitRxDma           0x800'b835    0x94  Code  Gb  AnyID_SM5001_Gate_HL.o [1]
Gate_InitTxDma           0x800'b791    0xa4  Code  Gb  AnyID_SM5001_Gate_HL.o [1]
Gate_Stop                0x800'a977    0x52  Code  Gb  AnyID_SM5001_Gate.o [1]
Gate_TxFrame             0x800'aced    0xf8  Code  Gb  AnyID_SM5001_Gate.o [1]
Gate_UartCheckErr        0x800'b8c9    0x24  Code  Gb  AnyID_SM5001_Gate_HL.o [1]
HardFault_Handler        0x801'084b     0x2  Code  Gb  stm32f10x_it.o [1]
IO_FAN_CTL               0x801'17e8     0x8  Data  Gb  AnyID_SM5001_IO_HL.o [1]
IO_Init                  0x800'f76d     0xe  Code  Gb  AnyID_SM5001_IO.o [1]
IO_InitInterface         0x801'051d    0xdc  Code  Gb  AnyID_SM5001_IO_HL.o [1]
IO_LED_CTL               0x801'17b8     0x8  Data  Gb  AnyID_SM5001_IO_HL.o [1]
IO_LIMIT_INPUT           0x801'17d0     0x8  Data  Gb  AnyID_SM5001_IO_HL.o [1]
IO_MOTOR_CTL             0x801'17b0     0x8  Data  Gb  AnyID_SM5001_IO_HL.o [1]
IO_PWR_ERR_INPUT         0x801'17e0     0x8  Data  Gb  AnyID_SM5001_IO_HL.o [1]
IO_PWR_INPUT             0x801'17d8     0x8  Data  Gb  AnyID_SM5001_IO_HL.o [1]
IO_REALY_CTL             0x801'17f0     0x8  Data  Gb  AnyID_SM5001_IO_HL.o [1]
IO_SMOKE_INPUT           0x801'17c0     0x8  Data  Gb  AnyID_SM5001_IO_HL.o [1]
IO_Sersor_Chk            0x800'f77b    0x78  Code  Gb  AnyID_SM5001_IO.o [1]
IO_WATER_INPUT           0x801'17c8     0x8  Data  Gb  AnyID_SM5001_IO_HL.o [1]
IWDG_Enable              0x800'b15d     0xa  Code  Gb  stm32f10x_iwdg.o [1]
IWDG_ReloadCounter       0x800'b153     0xa  Code  Gb  stm32f10x_iwdg.o [1]
IWDG_SetPrescaler        0x800'b13f     0xa  Code  Gb  stm32f10x_iwdg.o [1]
IWDG_SetReload           0x800'b149     0xa  Code  Gb  stm32f10x_iwdg.o [1]
IWDG_WriteAccessCmd      0x800'b135     0xa  Code  Gb  stm32f10x_iwdg.o [1]
MemManage_Handler        0x801'084d     0x2  Code  Gb  stm32f10x_it.o [1]
NMI_Handler              0x801'0849     0x2  Code  Gb  stm32f10x_it.o [1]
NVIC_Init                0x800'ce57    0x66  Code  Gb  misc.o [1]
NVIC_PriorityGroupConfig
                         0x800'ce4d     0xa  Code  Gb  misc.o [1]
NVIC_SetVectorTable      0x800'cebd     0xc  Code  Gb  misc.o [1]
PendSV_Handler           0x801'0857     0x2  Code  Gb  stm32f10x_it.o [1]
RCC_ADCCLKConfig         0x800'd1c9    0x10  Code  Gb  stm32f10x_rcc.o [1]
RCC_AHBPeriphClockCmd    0x800'd2b1    0x1c  Code  Gb  stm32f10x_rcc.o [1]
RCC_APB1PeriphClockCmd   0x800'd2e9    0x1c  Code  Gb  stm32f10x_rcc.o [1]
RCC_APB1PeriphResetCmd   0x800'd321    0x1c  Code  Gb  stm32f10x_rcc.o [1]
RCC_APB2PeriphClockCmd   0x800'd2cd    0x1c  Code  Gb  stm32f10x_rcc.o [1]
RCC_APB2PeriphResetCmd   0x800'd305    0x1c  Code  Gb  stm32f10x_rcc.o [1]
RCC_DeInit               0x800'd09d    0x40  Code  Gb  stm32f10x_rcc.o [1]
RCC_GetClocksFreq        0x800'd1d9    0xd8  Code  Gb  stm32f10x_rcc.o [1]
RCC_GetFlagStatus        0x800'd33d    0x46  Code  Gb  stm32f10x_rcc.o [1]
RCC_GetSYSCLKSource      0x800'd187     0xa  Code  Gb  stm32f10x_rcc.o [1]
RCC_HCLKConfig           0x800'd191    0x10  Code  Gb  stm32f10x_rcc.o [1]
RCC_HSEConfig            0x800'd0dd    0x3a  Code  Gb  stm32f10x_rcc.o [1]
RCC_PCLK1Config          0x800'd1a1    0x10  Code  Gb  stm32f10x_rcc.o [1]
RCC_PCLK2Config          0x800'd1b1    0x12  Code  Gb  stm32f10x_rcc.o [1]
RCC_PLLCmd               0x800'd16d     0xa  Code  Gb  stm32f10x_rcc.o [1]
RCC_PLLConfig            0x800'd155    0x18  Code  Gb  stm32f10x_rcc.o [1]
RCC_SYSCLKConfig         0x800'd177    0x10  Code  Gb  stm32f10x_rcc.o [1]
RCC_USBCLKConfig         0x800'd1c3     0x6  Code  Gb  stm32f10x_rcc.o [1]
RCC_WaitForHSEStartUp    0x800'd117    0x3e  Code  Gb  stm32f10x_rcc.o [1]
RTC_ClearFlag            0x801'0c2f     0xa  Code  Gb  stm32f10x_rtc.o [1]
RTC_EnterConfigMode      0x801'0bdd     0xc  Code  Gb  stm32f10x_rtc.o [1]
RTC_ExitConfigMode       0x801'0be9     0xe  Code  Gb  stm32f10x_rtc.o [1]
RTC_GetITStatus          0x801'0c39    0x26  Code  Gb  stm32f10x_rtc.o [1]
RTC_IRQHandler           0x801'08f9    0x2a  Code  Gb  stm32f10x_it.o [1]
RTC_SetCounter           0x801'0bf7    0x1a  Code  Gb  stm32f10x_rtc.o [1]
RTC_WaitForLastTask      0x801'0c11     0xa  Code  Gb  stm32f10x_rtc.o [1]
RTC_WaitForSynchro       0x801'0c1b    0x14  Code  Gb  stm32f10x_rtc.o [1]
Reader_Delayms           0x800'50b9    0x12  Code  Gb  AnyID_SM5001_Device.o [1]
Reader_ProcessUartFrame
                         0x800'6c7d   0xae8  Code  Gb  AnyID_SM5001_Device.o [1]
Reader_ProcessUartFrame{2}{3}{86}{87}::snRData
                        0x2000'5d98     0x8  Data  Lc  AnyID_SM5001_Device.o [1]
Reader_ProcessUartFrame{2}{3}{93}{94}::snBData
                        0x2000'5da0     0x8  Data  Lc  AnyID_SM5001_Device.o [1]
Region$$Table$$Base      0x801'14d0           --   Gb  - Linker created -
Region$$Table$$Limit     0x801'14f0           --   Gb  - Linker created -
SOUND_PORT_CTL           0x801'1808     0x8  Data  Gb  Anyid_SM5001_Sound_HL.o [1]
SOUND_PORT_RX            0x801'1800     0x8  Data  Gb  Anyid_SM5001_Sound_HL.o [1]
SOUND_PORT_TX            0x801'17f8     0x8  Data  Gb  Anyid_SM5001_Sound_HL.o [1]
STick_InitSysTick        0x800'fefd    0x26  Code  Gb  AnyID_SM5001_SysTick_HL.o [1]
SVC_Handler              0x801'0853     0x2  Code  Gb  stm32f10x_it.o [1]
SYS_RUN_LED              0x801'1810     0x8  Data  Gb  AnyID_SM5001_SysCfg.o [1]
SetSysClock              0x801'0cad     0x8  Code  Lc  system_stm32f10x.o [1]
SetSysClockTo72          0x801'0cb5    0xb0  Code  Lc  system_stm32f10x.o [1]
Sound_ConfigInt          0x801'013d    0x2e  Code  Gb  Anyid_SM5001_Sound_HL.o [1]
Sound_ConnectStep        0x800'fe5d    0x42  Code  Gb  Anyid_SM5001_Sound.o [1]
Sound_CtrTxCmd           0x800'fbeb   0x266  Code  Gb  Anyid_SM5001_Sound.o [1]
Sound_EnableInt          0x801'016b    0x30  Code  Gb  Anyid_SM5001_Sound_HL.o [1]
Sound_FormaFrame_ApoVoice
                         0x800'faa9    0x84  Code  Gb  Anyid_SM5001_Sound.o [1]
Sound_Init               0x800'fa01    0x20  Code  Gb  Anyid_SM5001_Sound.o [1]
Sound_InitInterface      0x801'0095    0xa8  Code  Gb  Anyid_SM5001_Sound_HL.o [1]
Sound_ReceiveFrame       0x800'fa21    0x88  Code  Gb  Anyid_SM5001_Sound.o [1]
Sound_Sum                0x800'fb2d    0x44  Code  Gb  Anyid_SM5001_Sound.o [1]
Sound_TransmitCmd        0x800'fbbb    0x30  Code  Gb  Anyid_SM5001_Sound.o [1]
Sound_WriteBuffer        0x801'019b    0x2c  Code  Gb  Anyid_SM5001_Sound_HL.o [1]
Sounde_Chk               0x800'fb71    0x4a  Code  Gb  Anyid_SM5001_Sound.o [1]
SysTick_CLKSourceConfig
                         0x800'cec9    0x1c  Code  Gb  misc.o [1]
SysTick_Config           0x800'fecd    0x30  Code  Lc  AnyID_SM5001_SysTick_HL.o [1]
SysTick_Handler          0x801'0859    0x6a  Code  Gb  stm32f10x_it.o [1]
Sys_AdTask               0x800'f353    0x46  Code  Gb  AnyID_SM5001_SysCfg.o [1]
Sys_CfgClock             0x800'e03f    0x76  Code  Gb  AnyID_SM5001_SysCfg.o [1]
Sys_CfgNVIC              0x800'e0dd    0x18  Code  Gb  AnyID_SM5001_SysCfg.o [1]
Sys_CfgPeriphClk         0x800'e0b5    0x28  Code  Gb  AnyID_SM5001_SysCfg.o [1]
Sys_CtrlIOInit           0x800'e0f5    0x38  Code  Gb  AnyID_SM5001_SysCfg.o [1]
Sys_Delayms              0x800'e02d    0x12  Code  Gb  AnyID_SM5001_SysCfg.o [1]
Sys_ElectTask            0x800'e90b   0x140  Code  Gb  AnyID_SM5001_SysCfg.o [1]
Sys_GateTask             0x800'e30d   0x420  Code  Gb  AnyID_SM5001_SysCfg.o [1]
Sys_HeratTask            0x800'f3b1   0x142  Code  Gb  AnyID_SM5001_SysCfg.o [1]
Sys_IOTask               0x800'f2c9    0x8a  Code  Gb  AnyID_SM5001_SysCfg.o [1]
Sys_IOTask::tempState   0x2000'5dcf     0x1  Data  Lc  AnyID_SM5001_SysCfg.o [1]
Sys_Init                 0x800'e12d    0xd8  Code  Gb  AnyID_SM5001_SysCfg.o [1]
Sys_LedTask              0x800'e205   0x108  Code  Gb  AnyID_SM5001_SysCfg.o [1]
Sys_ServerTask           0x800'edb1   0x21a  Code  Gb  AnyID_SM5001_SysCfg.o [1]
Sys_SoundTask            0x800'e72d   0x1de  Code  Gb  AnyID_SM5001_SysCfg.o [1]
Sys_SoundTask{16}{17}::sampleTick
                        0x2000'5dcd     0x1  Data  Lc  AnyID_SM5001_SysCfg.o [1]
Sys_TestTask             0x800'f509   0x1a4  Code  Gb  AnyID_SM5001_SysCfg.o [1]
Sys_W232Task             0x800'ea75   0x314  Code  Gb  AnyID_SM5001_SysCfg.o [1]
Sys_WaterTask            0x800'efed   0x2dc  Code  Gb  AnyID_SM5001_SysCfg.o [1]
Sys_WaterTask::rfidTime
                        0x2000'5dce     0x1  Data  Lc  AnyID_SM5001_SysCfg.o [1]
SystemInit               0x801'0c71    0x3c  Code  Gb  system_stm32f10x.o [1]
UART4_IRQHandler         0x801'0af7    0x3c  Code  Gb  stm32f10x_it.o [1]
UART5_IRQHandler         0x801'0a3b    0x5c  Code  Gb  stm32f10x_it.o [1]
USART1_IRQHandler        0x801'08c3    0x36  Code  Gb  stm32f10x_it.o [1]
USART2_IRQHandler        0x801'0923    0x3c  Code  Gb  stm32f10x_it.o [1]
USART3_IRQHandler        0x801'099f    0x3c  Code  Gb  stm32f10x_it.o [1]
USART_ClearFlag          0x800'bb53    0x10  Code  Gb  stm32f10x_usart.o [1]
USART_ClearITPendingBit
                         0x800'bbcd    0x26  Code  Gb  stm32f10x_usart.o [1]
USART_Cmd                0x800'ba91    0x1e  Code  Gb  stm32f10x_usart.o [1]
USART_DMACmd             0x800'bb1f    0x18  Code  Gb  stm32f10x_usart.o [1]
USART_DeInit             0x800'b915    0x90  Code  Gb  stm32f10x_usart.o [1]
USART_GetFlagStatus      0x800'bb37    0x1c  Code  Gb  stm32f10x_usart.o [1]
USART_GetITStatus        0x800'bb63    0x6a  Code  Gb  stm32f10x_usart.o [1]
USART_ITConfig           0x800'baaf    0x70  Code  Gb  stm32f10x_usart.o [1]
USART_Init               0x800'b9a5    0xd6  Code  Gb  stm32f10x_usart.o [1]
UsageFault_Handler       0x801'0851     0x2  Code  Gb  stm32f10x_it.o [1]
W232_ConfigInt           0x800'b055    0x22  Code  Gb  AnyID_SM5001_W232_HL.o [1]
W232_ConnectCheckClose   0x800'9a2f    0x28  Code  Gb  AnyID_SM5001_W232.o [1]
W232_ConnectCheckRsp     0x800'96e5   0x2ae  Code  Gb  AnyID_SM5001_W232.o [1]
W232_ConnectGetCClk      0x800'9a65   0x224  Code  Gb  AnyID_SM5001_W232.o [1]
W232_ConnectInit         0x800'8fc9   0x42e  Code  Gb  AnyID_SM5001_W232.o [1]
W232_ConnectStep         0x800'9993    0x9c  Code  Gb  AnyID_SM5001_W232.o [1]
W232_ConnectTxCmd        0x800'93f7   0x2e8  Code  Gb  AnyID_SM5001_W232.o [1]
W232_DataHandle          0x800'9c89   0x192  Code  Gb  AnyID_SM5001_W232.o [1]
W232_Delayms             0x800'b0b9    0x12  Code  Gb  AnyID_SM5001_W232_HL.o [1]
W232_EnableInt           0x800'b077    0x30  Code  Gb  AnyID_SM5001_W232_HL.o [1]
W232_Init                0x800'8fb1    0x18  Code  Gb  AnyID_SM5001_W232.o [1]
W232_InitInterface       0x800'af91    0xc4  Code  Gb  AnyID_SM5001_W232_HL.o [1]
W232_PORT_CTRL           0x801'1880     0x8  Data  Gb  AnyID_SM5001_W232_HL.o [1]
W232_PORT_KEY            0x801'1878     0x8  Data  Gb  AnyID_SM5001_W232_HL.o [1]
W232_PORT_RX             0x801'1870     0x8  Data  Gb  AnyID_SM5001_W232_HL.o [1]
W232_PORT_TX             0x801'1868     0x8  Data  Gb  AnyID_SM5001_W232_HL.o [1]
W232_WriteBuffer         0x800'b0cb    0x2c  Code  Gb  AnyID_SM5001_W232_HL.o [1]
W232_WriteByte           0x800'b0a7    0x12  Code  Gb  AnyID_SM5001_W232_HL.o [1]
W232_WriteCmd            0x800'b111    0x22  Code  Gb  AnyID_SM5001_W232_HL.o [1]
WATER_PORT_CTRL          0x801'1898     0x8  Data  Gb  Anyid_SM5001_Water_HL.o [1]
WATER_PORT_RX            0x801'1890     0x8  Data  Gb  Anyid_SM5001_Water_HL.o [1]
WATER_PORT_TX            0x801'1888     0x8  Data  Gb  Anyid_SM5001_Water_HL.o [1]
WDG_InitIWDG             0x800'f749    0x22  Code  Gb  AnyID_SM5001_WDG_HL.o [1]
Water_ConfigInt          0x801'032d    0x2e  Code  Gb  Anyid_SM5001_Water_HL.o [1]
Water_FormatFarme        0x800'f855    0xf2  Code  Gb  Anyid_SM5001_Water.o [1]
Water_Init               0x800'f80d    0x48  Code  Gb  Anyid_SM5001_Water.o [1]
Water_InitInterface      0x801'0265    0xc8  Code  Gb  Anyid_SM5001_Water_HL.o [1]
Water_InitRxDma          0x801'03f9    0x96  Code  Gb  Anyid_SM5001_Water_HL.o [1]
Water_InitTxDma          0x801'035b    0x9e  Code  Gb  Anyid_SM5001_Water_HL.o [1]
Water_TransmitCmd        0x800'f947    0xa4  Code  Gb  Anyid_SM5001_Water.o [1]
Water_WriteBuffer        0x801'04a1    0x34  Code  Gb  Anyid_SM5001_Water_HL.o [1]
Water_WriteByte          0x801'048f    0x12  Code  Gb  Anyid_SM5001_Water_HL.o [1]
Water_WriteStr           0x801'04f9    0x22  Code  Gb  Anyid_SM5001_Water_HL.o [1]
Win_CalAvg               0x801'01dd    0x4e  Code  Gb  AnyID_SM5001_AD.o [1]
_Encoding_8859_1_Mbrlen
                         0x800'417d     0x2  Code  Gb  xencoding_8859_1.o [2]
_Encoding_8859_1_Wctomb
                         0x800'416b    0x12  Code  Gb  xencoding_8859_1.o [2]
_LitobFull               0x800'cb07   0x10a  Code  Lc  xprintffull.o [2]
_Locale_lconv           0x2000'002c    0x38  Data  Lc  xlocale_c.o [2]
_PrintfFull              0x800'bbf5   0xcc4  Code  Gb  xprintffull.o [2]
_PutcharsFull            0x800'cc79    0x2e  Code  Lc  xprintffull.o [2]
_PutstrFull              0x800'ca47    0xc0  Code  Lc  xprintffull.o [2]
_PuttxtFull              0x800'c93b   0x10c  Code  Lc  xprintffull.o [2]
_SProut                  0x800'4189     0xa  Code  Gb  xsprout.o [2]
__ICFEDIT_region_RAM_end__ {Abs}
                        0x2000'bfff          Data  Gb  <internal module>
__ICFEDIT_region_RAM_start__ {Abs}
                        0x2000'0000          Data  Gb  <internal module>
__NVIC_SetPriority       0x800'fea1    0x2c  Code  Lc  AnyID_SM5001_SysTick_HL.o [1]
__aeabi_cdcmple          0x800'd559          Code  Gb  DblCmpLe.o [3]
__aeabi_cdrcmple         0x800'd589          Code  Gb  DblCmpGe.o [3]
__aeabi_d2iz             0x800'd6f5          Code  Gb  DblToS32.o [3]
__aeabi_d2uiz            0x800'da81          Code  Gb  DblToU32.o [3]
__aeabi_ddiv             0x800'd839          Code  Gb  DblDiv.o [3]
__aeabi_dmul             0x800'dac5          Code  Gb  DblMul.o [3]
__aeabi_dsub             0x800'd755          Code  Gb  DblSub.o [3]
__aeabi_i2d              0x800'd731          Code  Gb  S32ToDbl.o [3]
__aeabi_ldiv0            0x800'e015          Code  Gb  I64DivZer.o [4]
__aeabi_memcpy           0x800'a799          Code  Gb  ABImemcpy.o [4]
__aeabi_memcpy4          0x800'a7b9          Code  Gb  ABImemcpy.o [4]
__aeabi_memcpy8          0x800'a7b9          Code  Gb  ABImemcpy.o [4]
__aeabi_memset           0x800'a5f5          Code  Gb  ABImemset.o [4]
__aeabi_ui2d             0x800'daa9          Code  Gb  U32ToDbl.o [3]
__aeabi_uldivmod         0x800'dc71          Code  Gb  I64DivMod.o [4]
__cmain                  0x801'1551          Code  Gb  cmain.o [4]
__exit                   0x800'e019    0x14  Code  Gb  exit.o [5]
__iar_Fail_s             0x800'd451    0x1c  Code  Gb  xfail_s.o [2]
__iar_Mbcurmax           0x800'dc67     0xa  Code  Gb  xmbcurmax.o [2]
__iar_Memchr             0x800'd491          Code  Gb  memchr.o [4]
__iar_Memset             0x800'a5f5          Code  Gb  ABImemset.o [4]
__iar_Memset_word        0x800'a5fd          Code  Gb  ABImemset.o [4]
__iar_Strchr             0x800'ccbd          Code  Gb  strchr.o [4]
__iar_dadd               0x800'd765          Code  Gb  DblSub.o [3]
__iar_data_init3         0x801'1485    0x28  Code  Gb  data_init.o [4]
__iar_dsub               0x800'dea9          Code  Gb  DblAdd.o [3]
__iar_dsubStart          0x800'debb          Code  Gb  DblAdd.o [3]
__iar_frexp              0x800'd4f5          Code  Gb  frexp.o [3]
__iar_frexp64            0x800'd4e9          Code  Gb  frexp.o [3]
__iar_frexpl             0x800'd4f5          Code  Gb  frexp.o [3]
__iar_globLocale        0x2000'0064    0x48  Data  Lc  xlocale_c.o [2]
__iar_global_Locale      0x800'd3d5     0x4  Code  Gb  xlocale_c.o [2]
__iar_ldexp64            0x800'd5b9          Code  Gb  ldexp.o [3]
__iar_lz77_init_single3
                         0x801'0f5d    0x78  Code  Gb  lz77_init_single.o [4]
__iar_program_start      0x801'172d          Code  Gb  cstartup_M.o [4]
__iar_scalbln64          0x800'd5b9          Code  Gb  ldexp.o [3]
__iar_scalbn64           0x800'd5b9          Code  Gb  ldexp.o [3]
__iar_zero_init3         0x800'4131    0x3a  Code  Gb  zero_init3.o [4]
__low_level_init         0x801'156f     0x4  Code  Gb  low_level_init.o [2]
__vector_table           0x800'4000          Data  Gb  startup_stm32f10x_hd.o [1]
_call_main               0x801'155d          Code  Gb  cmain.o [4]
_exit                    0x801'1579          Code  Gb  cexit.o [4]
_gLocale_mblen           0x800'd43d     0x4  Code  Gb  xlocale_c.o [2]
_gLocale_mblenInt        0x800'd401    0x2c  Code  Gb  xlocale_c.o [2]
_gLocale_wctomb          0x800'd441     0x4  Code  Gb  xlocale_c.o [2]
_gLocale_wctombInt       0x800'd439     0x4  Code  Gb  xlocale_c.o [2]
_main                    0x801'156b          Code  Gb  cmain.o [4]
a_GetCrc                 0x800'a315    0x48  Code  Gb  AnyID_Stdlib.o [1]
a_Hex2Str                0x800'a3c3    0x54  Code  Gb  AnyID_Stdlib.o [1]
a_IndexOf                0x800'a5c1    0x32  Code  Gb  AnyID_Stdlib.o [1]
a_Str2Hex                0x800'a35d    0x66  Code  Gb  AnyID_Stdlib.o [1]
a_atoi                   0x800'a421   0x1a0  Code  Gb  AnyID_Stdlib.o [1]
abort                    0x800'dea1     0x6  Code  Gb  abort.o [2]
exit                     0x801'1573     0x4  Code  Gb  exit.o [2]
frexp                    0x800'd4e9          Code  Gb  frexp.o [3]
frexpl                   0x800'd4e9          Code  Gb  frexp.o [3]
g_aADTmprBuf             0x801'0e80    0xdc  Data  Gb  AnyID_SM5001_AD.o [1]
g_aAdBuffer             0x2000'5da8     0x4  Data  Gb  AnyID_SM5001_AD_HL.o [1]
g_aAsicto                0x801'0d80   0x100  Data  Gb  AnyID_Stdlib.o [1]
g_aGateSlvInfo          0x2000'3db8   0x630  Data  Gb  AnyID_SM5001_Gate.o [1]
g_aGateSlvStat          0x2000'5d28    0x24  Data  Gb  AnyID_SM5001_Gate.o [1]
g_aGprsServerInfo       0x2000'5c54    0x60  Data  Gb  AnyID_SM5001_W232.o [1]
g_aHextoAsic             0x801'16a0    0x10  Data  Gb  AnyID_Stdlib.o [1]
g_aMqttAtBuf            0x2000'2db8   0x800  Data  Gb  AnyID_SM5001_Device.o [1]
g_aMqttBuf              0x2000'35b8   0x800  Data  Gb  AnyID_SM5001_Device.o [1]
g_aStrBuffJsonAccept    0x2000'4e9c   0x200  Data  Gb  AnyID_SM5001_Device.o [1]
g_aStrBuffJsonReject    0x2000'509c   0x200  Data  Gb  AnyID_SM5001_Device.o [1]
g_aStrBuffRequst        0x2000'4c9c   0x200  Data  Gb  AnyID_SM5001_Device.o [1]
g_aStrBuffcmdAccept     0x2000'529c   0x200  Data  Gb  AnyID_SM5001_Device.o [1]
g_aStrBuffcmdOta        0x2000'549c   0x200  Data  Gb  AnyID_SM5001_Device.o [1]
g_nBatOpenFlag          0x2000'00ac     0x1  Data  Gb  AnyID_SM5001_Device.o [1]
g_nBratIngTick          0x2000'5dac     0x4  Data  Gb  AnyID_SM5001_Device.o [1]
g_nElectDr              0x2000'5dc2     0x2  Data  Gb  stm32f10x_it.o [1]
g_nElectSr              0x2000'5dc0     0x2  Data  Gb  stm32f10x_it.o [1]
g_nGateDr               0x2000'5dca     0x2  Data  Gb  stm32f10x_it.o [1]
g_nGateSr               0x2000'5dc8     0x2  Data  Gb  stm32f10x_it.o [1]
g_nImei                 0x2000'5d68    0x14  Data  Gb  AnyID_SM5001_W232.o [1]
g_nImsiStr              0x2000'5d7c    0x14  Data  Gb  AnyID_SM5001_W232.o [1]
g_nLedDelayTime         0x2000'5db0     0x4  Data  Gb  AnyID_SM5001_SysCfg.o [1]
g_nMasterFlag           0x2000'5dcc     0x1  Data  Gb  AnyID_SM5001_Device.o [1]
g_nSysDelay             0x2000'5db8     0x4  Data  Gb  AnyID_SM5001_SysTick_HL.o [1]
g_nSysState             0x2000'000c     0x4  Data  Gb  AnyID_SM5001_SysCfg.o [1]
g_nSysTick              0x2000'5db4     0x4  Data  Gb  AnyID_SM5001_SysTick_HL.o [1]
g_nW232RxByte           0x2000'5dd0     0x1  Data  Gb  stm32f10x_it.o [1]
g_nWaterDr              0x2000'5dc6     0x2  Data  Gb  stm32f10x_it.o [1]
g_nWaterGetUidBuffer    0x2000'0010     0x8  Data  Gb  Anyid_SM5001_Water.o [1]
g_nWaterSr              0x2000'5dc4     0x2  Data  Gb  stm32f10x_it.o [1]
g_sDeviceImpRspInfo     0x2000'5bf0    0x64  Data  Gb  AnyID_SM5001_Device.o [1]
g_sDeviceParams         0x2000'57e0   0x134  Data  Gb  AnyID_SM5001_Device.o [1]
g_sDeviceRspFrame       0x2000'00b0  0x1430  Data  Gb  AnyID_SM5001_Device.o [1]
g_sDeviceServerTxBuf    0x2000'14e0   0x8a8  Data  Gb  AnyID_SM5001_Device.o [1]
g_sDeviceTestInfo       0x2000'5d90     0x8  Data  Gb  AnyID_SM5001_Device.o [1]
g_sElectInfo            0x2000'4a68   0x234  Data  Gb  Anyid_SM5001_ELECT.o [1]
g_sFramBootParamenter   0x2000'5cf0    0x38  Data  Gb  AnyID_SM5001_FRam.o [1]
g_sGateOpInfo           0x2000'4774   0x2f4  Data  Gb  AnyID_SM5001_Gate.o [1]
g_sIoInfo               0x2000'5d4c    0x1c  Data  Gb  AnyID_SM5001_IO.o [1]
g_sMqttKey              0x2000'5b3c    0xb4  Data  Gb  AnyID_SM5001_FRam.o [1]
g_sRtcTime              0x2000'0000     0xc  Data  Gb  AnyID_SM5001_RTC.o [1]
g_sSoundInfo            0x2000'569c   0x144  Data  Gb  Anyid_SM5001_Sound.o [1]
g_sUartRcvFrame         0x2000'25a0   0x818  Data  Gb  AnyID_Uart_Receive.o [1]
g_sW232Connect          0x2000'43e8   0x38c  Data  Gb  AnyID_SM5001_W232.o [1]
g_sW232RcvBuffer        0x2000'5914   0x124  Data  Gb  AnyID_SM5001_W232.o [1]
g_sW232RcvFrame         0x2000'1d88   0x818  Data  Gb  AnyID_SM5001_W232.o [1]
g_sWaterInfo            0x2000'5a38   0x104  Data  Gb  Anyid_SM5001_Water.o [1]
g_sWaterTempRcv         0x2000'5cb4    0x3c  Data  Gb  Anyid_SM5001_Water.o [1]
ldexp                    0x800'd5b9          Code  Gb  ldexp.o [3]
ldexpl                   0x800'd5b9          Code  Gb  ldexp.o [3]
localeconv               0x800'd445     0x4  Code  Gb  xlocale_c.o [2]
main                     0x801'139d    0x34  Code  Gb  main.o [1]
memchr                   0x800'd491          Code  Gb  memchr.o [4]
memcmp                   0x800'a841          Code  Gb  memcmp.o [4]
scalbln                  0x800'd5b9          Code  Gb  ldexp.o [3]
scalblnl                 0x800'd5b9          Code  Gb  ldexp.o [3]
scalbn                   0x800'd5b9          Code  Gb  ldexp.o [3]
scalbnl                  0x800'd5b9          Code  Gb  ldexp.o [3]
scale                    0x800'cc11    0x46  Code  Lc  xprintffull.o [2]
sec_hand                0x2000'5dbc     0x4  Data  Lc  xfail_s.o [2]
sprintf                  0x800'af25    0x40  Code  Gb  sprintf.o [2]
strchr                   0x800'ccbd          Code  Gb  strchr.o [4]
strlen                   0x800'aeed          Code  Gb  strlen.o [4]
strstr                   0x800'af65    0x2c  Code  Gb  strstr.o [2]


[1] = E:\AnyID\Git\FY\SM5001_23072101\SM5001\Build\Obj
[2] = dl7M_tlf.a
[3] = m7M_tl.a
[4] = rt7M_tl.a
[5] = shb_l.a

  49'335 bytes of readonly  code memory
   2'641 bytes of readonly  data memory (+ 50 absolute)
  29'391 bytes of readwrite data memory

Errors: none
Warnings: none
