###############################################################################
#
# IAR ELF Linker V8.40.1.212/W32 for ARM                  16/Jun/2023  18:08:54
# Copyright 2007-2019 IAR Systems AB.
#
#    Output file  =  E:\AnyID\Git\FY\SM5001\SM5001\Build\Exe\SM5001.out
#    Map file     =  E:\AnyID\Git\FY\SM5001\SM5001\Build\List\SM5001.map
#    Command line =
#        -f C:\Users\Administrator\AppData\Local\Temp\EWCDE8.tmp
#        (E:\AnyID\Git\FY\SM5001\SM5001\Build\Obj\AnyID_FRam.o
#        E:\AnyID\Git\FY\SM5001\SM5001\Build\Obj\AnyID_SM5001_AD.o
#        E:\AnyID\Git\FY\SM5001\SM5001\Build\Obj\AnyID_SM5001_AD_HL.o
#        E:\AnyID\Git\FY\SM5001\SM5001\Build\Obj\AnyID_SM5001_Device.o
#        E:\AnyID\Git\FY\SM5001\SM5001\Build\Obj\Anyid_SM5001_ELECT.o
#        E:\AnyID\Git\FY\SM5001\SM5001\Build\Obj\Anyid_SM5001_ELECT_HL.o
#        E:\AnyID\Git\FY\SM5001\SM5001\Build\Obj\AnyID_SM5001_FRam.o
#        E:\AnyID\Git\FY\SM5001\SM5001\Build\Obj\AnyID_SM5001_FRam_HL.o
#        E:\AnyID\Git\FY\SM5001\SM5001\Build\Obj\AnyID_SM5001_Gate.o
#        E:\AnyID\Git\FY\SM5001\SM5001\Build\Obj\AnyID_SM5001_Gate_HL.o
#        E:\AnyID\Git\FY\SM5001\SM5001\Build\Obj\AnyID_SM5001_IO.o
#        E:\AnyID\Git\FY\SM5001\SM5001\Build\Obj\AnyID_SM5001_IO_HL.o
#        E:\AnyID\Git\FY\SM5001\SM5001\Build\Obj\AnyID_SM5001_RTC.o
#        E:\AnyID\Git\FY\SM5001\SM5001\Build\Obj\Anyid_SM5001_Sound.o
#        E:\AnyID\Git\FY\SM5001\SM5001\Build\Obj\Anyid_SM5001_Sound_HL.o
#        E:\AnyID\Git\FY\SM5001\SM5001\Build\Obj\AnyID_SM5001_SysCfg.o
#        E:\AnyID\Git\FY\SM5001\SM5001\Build\Obj\AnyID_SM5001_SysTick_HL.o
#        E:\AnyID\Git\FY\SM5001\SM5001\Build\Obj\AnyID_SM5001_Uart.o
#        E:\AnyID\Git\FY\SM5001\SM5001\Build\Obj\AnyID_SM5001_Uart_HL.o
#        E:\AnyID\Git\FY\SM5001\SM5001\Build\Obj\AnyID_SM5001_W232.o
#        E:\AnyID\Git\FY\SM5001\SM5001\Build\Obj\AnyID_SM5001_W232_HL.o
#        E:\AnyID\Git\FY\SM5001\SM5001\Build\Obj\Anyid_SM5001_Water.o
#        E:\AnyID\Git\FY\SM5001\SM5001\Build\Obj\Anyid_SM5001_Water_HL.o
#        E:\AnyID\Git\FY\SM5001\SM5001\Build\Obj\AnyID_SM5001_WDG_HL.o
#        E:\AnyID\Git\FY\SM5001\SM5001\Build\Obj\AnyID_Stdlib.o
#        E:\AnyID\Git\FY\SM5001\SM5001\Build\Obj\AnyID_Uart_Receive.o
#        E:\AnyID\Git\FY\SM5001\SM5001\Build\Obj\base64.o
#        E:\AnyID\Git\FY\SM5001\SM5001\Build\Obj\hmac_sha1.o
#        E:\AnyID\Git\FY\SM5001\SM5001\Build\Obj\main.o
#        E:\AnyID\Git\FY\SM5001\SM5001\Build\Obj\md5.o
#        E:\AnyID\Git\FY\SM5001\SM5001\Build\Obj\misc.o
#        E:\AnyID\Git\FY\SM5001\SM5001\Build\Obj\startup_stm32f10x_hd.o
#        E:\AnyID\Git\FY\SM5001\SM5001\Build\Obj\stm32f10x_adc.o
#        E:\AnyID\Git\FY\SM5001\SM5001\Build\Obj\stm32f10x_bkp.o
#        E:\AnyID\Git\FY\SM5001\SM5001\Build\Obj\stm32f10x_dma.o
#        E:\AnyID\Git\FY\SM5001\SM5001\Build\Obj\stm32f10x_exti.o
#        E:\AnyID\Git\FY\SM5001\SM5001\Build\Obj\stm32f10x_flash.o
#        E:\AnyID\Git\FY\SM5001\SM5001\Build\Obj\stm32f10x_gpio.o
#        E:\AnyID\Git\FY\SM5001\SM5001\Build\Obj\stm32f10x_it.o
#        E:\AnyID\Git\FY\SM5001\SM5001\Build\Obj\stm32f10x_iwdg.o
#        E:\AnyID\Git\FY\SM5001\SM5001\Build\Obj\stm32f10x_pwr.o
#        E:\AnyID\Git\FY\SM5001\SM5001\Build\Obj\stm32f10x_rcc.o
#        E:\AnyID\Git\FY\SM5001\SM5001\Build\Obj\stm32f10x_rtc.o
#        E:\AnyID\Git\FY\SM5001\SM5001\Build\Obj\stm32f10x_spi.o
#        E:\AnyID\Git\FY\SM5001\SM5001\Build\Obj\stm32f10x_tim.o
#        E:\AnyID\Git\FY\SM5001\SM5001\Build\Obj\stm32f10x_usart.o
#        E:\AnyID\Git\FY\SM5001\SM5001\Build\Obj\system_stm32f10x.o --redirect
#        _Printf=_PrintfFull --redirect _Scanf=_ScanfFull --no_out_extension -o
#        E:\AnyID\Git\FY\SM5001\SM5001\Build\Exe\SM5001.out --map
#        E:\AnyID\Git\FY\SM5001\SM5001\Build\List\SM5001.map --config
#        E:\AnyID\Git\FY\SM5001\SM5001\GD32F303xC.icf --semihosting --entry
#        __iar_program_start --vfe --text_out locale)
#
###############################################################################

*******************************************************************************
*** RUNTIME MODEL ATTRIBUTES
***

CppFlavor       = *
__SystemLibrary = DLib
__dlib_version  = 6


*******************************************************************************
*** HEAP SELECTION
***

The basic heap was selected because no calls to memory allocation
functions were found in the application outside of system library
functions, and there are calls to deallocation functions in the
application.


*******************************************************************************
*** PLACEMENT SUMMARY
***

"A0":  place at address 0x800'4000 { ro section .intvec };
"P1":  place in [from 0x800'4000 to 0x803'ffff] { ro };
define block CSTACK with size = 4608, alignment = 8 { };
define block HEAP with size = 2K, alignment = 8 { };
"P2":  place in [from 0x2000'0000 to 0x2000'bfff] {
          rw, block CSTACK, block HEAP };
initialize by copy { rw };

  Section            Kind         Address    Size  Object
  -------            ----         -------    ----  ------
"A0":                                       0x130
  .intvec            ro code   0x800'4000   0x130  startup_stm32f10x_hd.o [1]
                             - 0x800'4130   0x130

"P1", part 1 of 2:                           0xad
  .text              ro code   0x800'4130    0x3a  zero_init3.o [4]
  .text              ro code   0x800'416a    0x1e  xencoding_8859_1.o [2]
  .text              ro code   0x800'4188     0xa  xsprout.o [2]
  .rodata            const     0x800'4192     0x2  xlocale_c.o [2]
  Initializer bytes  const     0x800'4194    0x49  <for P2-1>
                             - 0x800'41dd    0xad

Absolute sections:                           0x32
  .rodata            const     0x800'5000    0x32  AnyID_SM5001_Device.o [1]
                             - 0x800'5032    0x32

"P1", part 2 of 2:                         0xbc60
  .text              ro code   0x800'5034  0x38b0  AnyID_SM5001_Device.o [1]
  .text              ro code   0x800'88e4   0xeb0  AnyID_SM5001_W232.o [1]
  .text              ro code   0x800'9794   0x236  AnyID_FRam.o [1]
  .text              ro code   0x800'99cc   0x2de  AnyID_Stdlib.o [1]
  .text              ro code   0x800'9cac    0x66  ABImemset.o [4]
  .text              ro code   0x800'9d14   0x12c  AnyID_SM5001_FRam.o [1]
  .text              ro code   0x800'9e40    0xa6  ABImemcpy.o [4]
  .text              ro code   0x800'9ee8    0x68  memcmp.o [4]
  .text              ro code   0x800'9f50   0x178  stm32f10x_gpio.o [1]
  .text              ro code   0x800'a0c8   0x5fc  AnyID_SM5001_Gate.o [1]
  .text              ro code   0x800'a6c4    0x36  strlen.o [4]
  .rodata            const     0x800'a6fa     0x2  xlocale_c.o [2]
  .text              ro code   0x800'a6fc    0x40  sprintf.o [2]
  .text              ro code   0x800'a73c    0x88  AnyID_SM5001_AD.o [1]
  .text              ro code   0x800'a7c4    0x2c  strstr.o [2]
  .text              ro code   0x800'a7f0   0x1a2  AnyID_SM5001_W232_HL.o [1]
  .rodata            const     0x800'a992     0x1  xlocale_c.o [2]
  .text              ro code   0x800'a994   0x228  AnyID_SM5001_FRam_HL.o [1]
  .text              ro code   0x800'abbc   0x280  AnyID_SM5001_Gate_HL.o [1]
  .text              ro code   0x800'ae3c   0x2de  stm32f10x_usart.o [1]
  .text              ro code   0x800'b11c  0x10c6  xprintffull.o [2]
  .text              ro code   0x800'c1e4    0x16  strchr.o [4]
  .text              ro code   0x800'c1fc    0xb8  misc.o [1]
  .text              ro code   0x800'c2b4   0x198  stm32f10x_dma.o [1]
  .text              ro code   0x800'c44c   0x338  stm32f10x_rcc.o [1]
  .text              ro code   0x800'c784    0x7c  xlocale_c.o [2]
  .text              ro code   0x800'c800    0x40  xfail_s.o [2]
  .text              ro code   0x800'c840    0x58  memchr.o [4]
  .text              ro code   0x800'c898    0x70  frexp.o [3]
  .text              ro code   0x800'c908    0x2e  DblCmpLe.o [3]
  .text              ro code   0x800'c938    0x2e  DblCmpGe.o [3]
  .text              ro code   0x800'c968   0x13a  ldexp.o [3]
  .text              ro code   0x800'caa4    0x3a  DblToS32.o [3]
  .text              ro code   0x800'cae0    0x22  S32ToDbl.o [3]
  .text              ro code   0x800'cb04    0xe2  DblSub.o [3]
  .text              ro code   0x800'cbe8   0x246  DblDiv.o [3]
  .text              ro code   0x800'ce30    0x28  DblToU32.o [3]
  .text              ro code   0x800'ce58    0x1a  U32ToDbl.o [3]
  .text              ro code   0x800'ce74   0x1a2  DblMul.o [3]
  .text              ro code   0x800'd016     0xa  xmbcurmax.o [2]
  .text              ro code   0x800'd020   0x230  I64DivMod.o [4]
  .text              ro code   0x800'd250     0x6  abort.o [2]
  .text              ro code   0x800'd258   0x16a  DblAdd.o [3]
  .text              ro code   0x800'd3c4     0x2  I64DivZer.o [4]
  .text              ro code   0x800'd3c8    0x14  exit.o [5]
  .text              ro code   0x800'd3dc  0x122c  AnyID_SM5001_SysCfg.o [1]
  .text              ro code   0x800'e608    0x2c  stm32f10x_flash.o [1]
  .text              ro code   0x800'e634    0xe8  AnyID_SM5001_IO.o [1]
  .text              ro code   0x800'e71c   0x49e  Anyid_SM5001_Sound.o [1]
  .text              ro code   0x800'ebbc   0x1fe  Anyid_SM5001_ELECT.o [1]
  .text              ro code   0x800'edbc   0x1f0  Anyid_SM5001_Water.o [1]
  .text              ro code   0x800'efac    0xa4  AnyID_SM5001_SysTick_HL.o [1]
  .text              ro code   0x800'f050   0x150  AnyID_SM5001_AD_HL.o [1]
  .text              ro code   0x800'f1a0   0x148  Anyid_SM5001_Sound_HL.o [1]
  .text              ro code   0x800'f2e8   0x2e0  Anyid_SM5001_ELECT_HL.o [1]
  .text              ro code   0x800'f5c8   0x2b6  Anyid_SM5001_Water_HL.o [1]
  .text              ro code   0x800'f880    0xdc  AnyID_SM5001_IO_HL.o [1]
  .text              ro code   0x800'f95c   0x250  stm32f10x_adc.o [1]
  .text              ro code   0x800'fbac   0x398  stm32f10x_it.o [1]
  .text              ro code   0x800'ff44    0x94  stm32f10x_rtc.o [1]
  .text              ro code   0x800'ffd8   0x110  system_stm32f10x.o [1]
  .rodata            const     0x801'00e8   0x100  AnyID_Stdlib.o [1]
  .rodata            const     0x801'01e8    0xb4  AnyID_SM5001_AD.o [1]
  .text              ro code   0x801'029c    0x78  lz77_init_single.o [4]
  .rodata            const     0x801'0314    0x64  AnyID_SM5001_Device.o [1]
  .rodata            const     0x801'0378    0x64  AnyID_SM5001_W232.o [1]
  .rodata            const     0x801'03dc    0x50  AnyID_SM5001_W232.o [1]
  .rodata            const     0x801'042c    0x44  AnyID_SM5001_W232.o [1]
  .rodata            const     0x801'0470    0x3c  AnyID_SM5001_Device.o [1]
  .rodata            const     0x801'04ac    0x3c  AnyID_SM5001_W232.o [1]
  .rodata            const     0x801'04e8    0x38  AnyID_SM5001_Device.o [1]
  .rodata            const     0x801'0520    0x38  AnyID_SM5001_Device.o [1]
  .rodata            const     0x801'0558    0x38  AnyID_SM5001_Device.o [1]
  .rodata            const     0x801'0590    0x38  AnyID_SM5001_Device.o [1]
  .rodata            const     0x801'05c8    0x38  AnyID_SM5001_Device.o [1]
  .rodata            const     0x801'0600    0x38  AnyID_SM5001_W232.o [1]
  .rodata            const     0x801'0638    0x38  AnyID_SM5001_W232.o [1]
  .rodata            const     0x801'0670    0x38  AnyID_SM5001_W232.o [1]
  .rodata            const     0x801'06a8    0x34  AnyID_SM5001_Device.o [1]
  .text              ro code   0x801'06dc    0x34  main.o [1]
  .rodata            const     0x801'0710    0x30  AnyID_SM5001_W232.o [1]
  .rodata            const     0x801'0740    0x30  AnyID_SM5001_W232.o [1]
  .rodata            const     0x801'0770    0x2c  AnyID_SM5001_W232.o [1]
  .rodata            const     0x801'079c    0x28  AnyID_SM5001_W232.o [1]
  .text              ro code   0x801'07c4    0x28  data_init.o [4]
  .rodata            const     0x801'07ec    0x24  AnyID_SM5001_W232.o [1]
  .iar.init_table    const     0x801'0810    0x20  - Linker created -
  .rodata            const     0x801'0830    0x20  AnyID_SM5001_W232.o [1]
  .rodata            const     0x801'0850    0x20  AnyID_SM5001_W232.o [1]
  .rodata            const     0x801'0870    0x20  AnyID_SM5001_W232.o [1]
  .rodata            const     0x801'0890    0x20  AnyID_SM5001_W232.o [1]
  .text              ro code   0x801'08b0    0x1e  cmain.o [4]
  .text              ro code   0x801'08ce     0x4  low_level_init.o [2]
  .text              ro code   0x801'08d2     0x4  exit.o [2]
  .text              ro code   0x801'08d8     0xa  cexit.o [4]
  .rodata            const     0x801'08e4    0x1c  AnyID_SM5001_Device.o [1]
  .rodata            const     0x801'0900    0x1c  AnyID_SM5001_W232.o [1]
  .rodata            const     0x801'091c    0x1c  AnyID_SM5001_W232.o [1]
  .rodata            const     0x801'0938    0x1c  AnyID_SM5001_W232.o [1]
  .rodata            const     0x801'0954    0x18  AnyID_SM5001_Device.o [1]
  .rodata            const     0x801'096c    0x18  AnyID_SM5001_Device.o [1]
  .rodata            const     0x801'0984    0x18  AnyID_SM5001_W232.o [1]
  .rodata            const     0x801'099c    0x10  AnyID_SM5001_Device.o [1]
  .rodata            const     0x801'09ac    0x10  AnyID_SM5001_W232.o [1]
  .rodata            const     0x801'09bc    0x10  AnyID_SM5001_W232.o [1]
  .rodata            const     0x801'09cc    0x10  AnyID_Stdlib.o [1]
  .text              ro code   0x801'09dc    0x10  startup_stm32f10x_hd.o [1]
  .rodata            const     0x801'09ec     0xc  AnyID_SM5001_Device.o [1]
  .rodata            const     0x801'09f8     0xc  AnyID_SM5001_Device.o [1]
  .rodata            const     0x801'0a04     0xc  AnyID_SM5001_Device.o [1]
  .rodata            const     0x801'0a10     0xc  AnyID_SM5001_SysCfg.o [1]
  .rodata            const     0x801'0a1c     0xc  AnyID_SM5001_SysCfg.o [1]
  .rodata            const     0x801'0a28     0xc  AnyID_SM5001_W232.o [1]
  .rodata            const     0x801'0a34     0xc  AnyID_SM5001_W232.o [1]
  .rodata            const     0x801'0a40     0xc  AnyID_SM5001_W232.o [1]
  .rodata            const     0x801'0a4c     0xc  AnyID_SM5001_W232.o [1]
  .rodata            const     0x801'0a58     0xc  AnyID_SM5001_W232.o [1]
  .rodata            const     0x801'0a64     0xc  AnyID_SM5001_W232.o [1]
  .rodata            const     0x801'0a70     0xc  AnyID_SM5001_W232.o [1]
  .text              ro code   0x801'0a7c     0xc  cstartup_M.o [4]
  .rodata            const     0x801'0a88     0x8  AnyID_SM5001_AD_HL.o [1]
  .rodata            const     0x801'0a90     0x8  AnyID_SM5001_AD_HL.o [1]
  .rodata            const     0x801'0a98     0x8  AnyID_SM5001_Device.o [1]
  .rodata            const     0x801'0aa0     0x8  AnyID_SM5001_Device.o [1]
  .rodata            const     0x801'0aa8     0x8  Anyid_SM5001_ELECT_HL.o [1]
  .rodata            const     0x801'0ab0     0x8  Anyid_SM5001_ELECT_HL.o [1]
  .rodata            const     0x801'0ab8     0x8  Anyid_SM5001_ELECT_HL.o [1]
  .rodata            const     0x801'0ac0     0x8  AnyID_SM5001_FRam_HL.o [1]
  .rodata            const     0x801'0ac8     0x8  AnyID_SM5001_FRam_HL.o [1]
  .rodata            const     0x801'0ad0     0x8  AnyID_SM5001_Gate_HL.o [1]
  .rodata            const     0x801'0ad8     0x8  AnyID_SM5001_Gate_HL.o [1]
  .rodata            const     0x801'0ae0     0x8  AnyID_SM5001_Gate_HL.o [1]
  .rodata            const     0x801'0ae8     0x8  AnyID_SM5001_IO_HL.o [1]
  .rodata            const     0x801'0af0     0x8  AnyID_SM5001_IO_HL.o [1]
  .rodata            const     0x801'0af8     0x8  AnyID_SM5001_IO_HL.o [1]
  .rodata            const     0x801'0b00     0x8  AnyID_SM5001_IO_HL.o [1]
  .rodata            const     0x801'0b08     0x8  AnyID_SM5001_IO_HL.o [1]
  .rodata            const     0x801'0b10     0x8  AnyID_SM5001_IO_HL.o [1]
  .rodata            const     0x801'0b18     0x8  AnyID_SM5001_IO_HL.o [1]
  .rodata            const     0x801'0b20     0x8  AnyID_SM5001_IO_HL.o [1]
  .rodata            const     0x801'0b28     0x8  AnyID_SM5001_IO_HL.o [1]
  .rodata            const     0x801'0b30     0x8  Anyid_SM5001_Sound_HL.o [1]
  .rodata            const     0x801'0b38     0x8  Anyid_SM5001_Sound_HL.o [1]
  .rodata            const     0x801'0b40     0x8  Anyid_SM5001_Sound_HL.o [1]
  .rodata            const     0x801'0b48     0x8  AnyID_SM5001_SysCfg.o [1]
  .rodata            const     0x801'0b50     0x8  AnyID_SM5001_SysCfg.o [1]
  .rodata            const     0x801'0b58     0x8  AnyID_SM5001_W232.o [1]
  .rodata            const     0x801'0b60     0x8  AnyID_SM5001_W232.o [1]
  .rodata            const     0x801'0b68     0x8  AnyID_SM5001_W232.o [1]
  .rodata            const     0x801'0b70     0x8  AnyID_SM5001_W232.o [1]
  .rodata            const     0x801'0b78     0x8  AnyID_SM5001_W232.o [1]
  .rodata            const     0x801'0b80     0x8  AnyID_SM5001_W232.o [1]
  .rodata            const     0x801'0b88     0x8  AnyID_SM5001_W232.o [1]
  .rodata            const     0x801'0b90     0x8  AnyID_SM5001_W232.o [1]
  .rodata            const     0x801'0b98     0x8  AnyID_SM5001_W232.o [1]
  .rodata            const     0x801'0ba0     0x8  AnyID_SM5001_W232_HL.o [1]
  .rodata            const     0x801'0ba8     0x8  AnyID_SM5001_W232_HL.o [1]
  .rodata            const     0x801'0bb0     0x8  AnyID_SM5001_W232_HL.o [1]
  .rodata            const     0x801'0bb8     0x8  AnyID_SM5001_W232_HL.o [1]
  .rodata            const     0x801'0bc0     0x8  Anyid_SM5001_Water_HL.o [1]
  .rodata            const     0x801'0bc8     0x8  Anyid_SM5001_Water_HL.o [1]
  .rodata            const     0x801'0bd0     0x8  Anyid_SM5001_Water_HL.o [1]
  .text              ro code   0x801'0bd8     0x4  startup_stm32f10x_hd.o [1]
  .text              ro code   0x801'0bdc     0x4  startup_stm32f10x_hd.o [1]
  .text              ro code   0x801'0be0     0x4  startup_stm32f10x_hd.o [1]
  .text              ro code   0x801'0be4     0x4  startup_stm32f10x_hd.o [1]
  .text              ro code   0x801'0be8     0x4  startup_stm32f10x_hd.o [1]
  .text              ro code   0x801'0bec     0x4  startup_stm32f10x_hd.o [1]
  .text              ro code   0x801'0bf0     0x4  startup_stm32f10x_hd.o [1]
  .text              ro code   0x801'0bf4     0x4  startup_stm32f10x_hd.o [1]
  .text              ro code   0x801'0bf8     0x4  startup_stm32f10x_hd.o [1]
  .text              ro code   0x801'0bfc     0x4  startup_stm32f10x_hd.o [1]
  .text              ro code   0x801'0c00     0x4  startup_stm32f10x_hd.o [1]
  .text              ro code   0x801'0c04     0x4  startup_stm32f10x_hd.o [1]
  .text              ro code   0x801'0c08     0x4  startup_stm32f10x_hd.o [1]
  .text              ro code   0x801'0c0c     0x4  startup_stm32f10x_hd.o [1]
  .text              ro code   0x801'0c10     0x4  startup_stm32f10x_hd.o [1]
  .text              ro code   0x801'0c14     0x4  startup_stm32f10x_hd.o [1]
  .text              ro code   0x801'0c18     0x4  startup_stm32f10x_hd.o [1]
  .text              ro code   0x801'0c1c     0x4  startup_stm32f10x_hd.o [1]
  .text              ro code   0x801'0c20     0x4  startup_stm32f10x_hd.o [1]
  .text              ro code   0x801'0c24     0x4  startup_stm32f10x_hd.o [1]
  .text              ro code   0x801'0c28     0x4  startup_stm32f10x_hd.o [1]
  .text              ro code   0x801'0c2c     0x4  startup_stm32f10x_hd.o [1]
  .text              ro code   0x801'0c30     0x4  startup_stm32f10x_hd.o [1]
  .text              ro code   0x801'0c34     0x4  startup_stm32f10x_hd.o [1]
  .text              ro code   0x801'0c38     0x4  startup_stm32f10x_hd.o [1]
  .text              ro code   0x801'0c3c     0x4  startup_stm32f10x_hd.o [1]
  .text              ro code   0x801'0c40     0x4  startup_stm32f10x_hd.o [1]
  .text              ro code   0x801'0c44     0x4  startup_stm32f10x_hd.o [1]
  .text              ro code   0x801'0c48     0x4  startup_stm32f10x_hd.o [1]
  .text              ro code   0x801'0c4c     0x4  startup_stm32f10x_hd.o [1]
  .text              ro code   0x801'0c50     0x4  startup_stm32f10x_hd.o [1]
  .text              ro code   0x801'0c54     0x4  startup_stm32f10x_hd.o [1]
  .text              ro code   0x801'0c58     0x4  startup_stm32f10x_hd.o [1]
  .text              ro code   0x801'0c5c     0x4  startup_stm32f10x_hd.o [1]
  .text              ro code   0x801'0c60     0x4  startup_stm32f10x_hd.o [1]
  .text              ro code   0x801'0c64     0x4  startup_stm32f10x_hd.o [1]
  .text              ro code   0x801'0c68     0x4  startup_stm32f10x_hd.o [1]
  .text              ro code   0x801'0c6c     0x4  startup_stm32f10x_hd.o [1]
  .text              ro code   0x801'0c70     0x4  startup_stm32f10x_hd.o [1]
  .text              ro code   0x801'0c74     0x4  startup_stm32f10x_hd.o [1]
  .text              ro code   0x801'0c78     0x4  startup_stm32f10x_hd.o [1]
  .text              ro code   0x801'0c7c     0x4  startup_stm32f10x_hd.o [1]
  .text              ro code   0x801'0c80     0x4  startup_stm32f10x_hd.o [1]
  .text              ro code   0x801'0c84     0x4  startup_stm32f10x_hd.o [1]
  .text              ro code   0x801'0c88     0x4  startup_stm32f10x_hd.o [1]
  .text              ro code   0x801'0c8c     0x4  startup_stm32f10x_hd.o [1]
  .text              ro code   0x801'0c90     0x4  startup_stm32f10x_hd.o [1]
  .rodata            const     0x801'0c94     0x0  zero_init3.o [4]
  .rodata            const     0x801'0c94     0x0  lz77_init_single.o [4]
                             - 0x801'0c94  0xbc60

"P2", part 1 of 3:                           0xac
  P2-1                        0x2000'0000    0xac  <Init block>
    .data            inited   0x2000'0000     0xc  AnyID_SM5001_RTC.o [1]
    .data            inited   0x2000'000c     0x4  AnyID_SM5001_SysCfg.o [1]
    .data            inited   0x2000'0010     0x8  Anyid_SM5001_Water.o [1]
    .data            inited   0x2000'0018    0x10  stm32f10x_rcc.o [1]
    .data            inited   0x2000'0028     0x4  stm32f10x_rcc.o [1]
    .data            inited   0x2000'002c    0x38  xlocale_c.o [2]
    .data            inited   0x2000'0064    0x48  xlocale_c.o [2]
                            - 0x2000'00ac    0xac

"P2", part 2 of 3:                         0x4f58
  .bss               zero     0x2000'00ac  0x1430  AnyID_SM5001_Device.o [1]
  .bss               zero     0x2000'14dc   0x818  AnyID_SM5001_W232.o [1]
  .bss               zero     0x2000'1cf4   0x818  AnyID_Uart_Receive.o [1]
  .bss               zero     0x2000'250c   0x800  AnyID_SM5001_Device.o [1]
  .bss               zero     0x2000'2d0c   0x800  AnyID_SM5001_Device.o [1]
  .bss               zero     0x2000'350c   0x6cc  AnyID_SM5001_Device.o [1]
  .bss               zero     0x2000'3bd8   0x630  AnyID_SM5001_Gate.o [1]
  .bss               zero     0x2000'4208   0x2f0  AnyID_SM5001_Gate.o [1]
  .bss               zero     0x2000'44f8   0x234  Anyid_SM5001_ELECT.o [1]
  .bss               zero     0x2000'472c   0x1ec  AnyID_SM5001_W232.o [1]
  .bss               zero     0x2000'4918   0x144  Anyid_SM5001_Sound.o [1]
  .bss               zero     0x2000'4a5c   0x124  AnyID_SM5001_W232.o [1]
  .bss               zero     0x2000'4b80   0x11c  AnyID_SM5001_Device.o [1]
  .bss               zero     0x2000'4c9c   0x100  Anyid_SM5001_Water.o [1]
  .bss               zero     0x2000'4d9c    0xb4  AnyID_SM5001_FRam.o [1]
  .bss               zero     0x2000'4e50    0x64  AnyID_SM5001_Device.o [1]
  .bss               zero     0x2000'4eb4    0x60  AnyID_SM5001_W232.o [1]
  .bss               zero     0x2000'4f14    0x3c  Anyid_SM5001_Water.o [1]
  .bss               zero     0x2000'4f50    0x24  AnyID_SM5001_Gate.o [1]
  .bss               zero     0x2000'4f74    0x1c  AnyID_SM5001_FRam.o [1]
  .bss               zero     0x2000'4f90    0x14  AnyID_SM5001_W232.o [1]
  .bss               zero     0x2000'4fa4    0x14  AnyID_SM5001_W232.o [1]
  .bss               zero     0x2000'4fb8    0x10  AnyID_SM5001_IO.o [1]
  .bss               zero     0x2000'4fc8     0x8  AnyID_SM5001_Device.o [1]
  .bss               zero     0x2000'4fd0     0x8  AnyID_SM5001_Device.o [1]
  .bss               zero     0x2000'4fd8     0x4  AnyID_SM5001_AD_HL.o [1]
  .bss               zero     0x2000'4fdc     0x4  AnyID_SM5001_SysCfg.o [1]
  .bss               zero     0x2000'4fe0     0x4  AnyID_SM5001_SysCfg.o [1]
  .bss               zero     0x2000'4fe4     0x4  AnyID_SM5001_SysTick_HL.o [1]
  .bss               zero     0x2000'4fe8     0x4  AnyID_SM5001_SysTick_HL.o [1]
  .bss               zero     0x2000'4fec     0x4  xfail_s.o [2]
  .bss               zero     0x2000'4ff0     0x2  stm32f10x_it.o [1]
  .bss               zero     0x2000'4ff2     0x2  stm32f10x_it.o [1]
  .bss               zero     0x2000'4ff4     0x2  stm32f10x_it.o [1]
  .bss               zero     0x2000'4ff6     0x2  stm32f10x_it.o [1]
  .bss               zero     0x2000'4ff8     0x2  stm32f10x_it.o [1]
  .bss               zero     0x2000'4ffa     0x2  stm32f10x_it.o [1]
  .bss               zero     0x2000'4ffc     0x1  AnyID_SM5001_Device.o [1]
  .bss               zero     0x2000'4ffd     0x1  AnyID_SM5001_SysCfg.o [1]
  .bss               zero     0x2000'4ffe     0x1  AnyID_SM5001_SysCfg.o [1]
  .bss               zero     0x2000'4fff     0x1  AnyID_SM5001_SysCfg.o [1]
  .bss               zero     0x2000'5000     0x1  AnyID_SM5001_SysCfg.o [1]
  .bss               zero     0x2000'5001     0x1  AnyID_SM5001_SysCfg.o [1]
  .bss               zero     0x2000'5002     0x1  stm32f10x_it.o [1]
                            - 0x2000'5003  0x4f57

"P2", part 3 of 3:                         0x1200
  CSTACK                      0x2000'5008  0x1200  <Block>
    CSTACK           uninit   0x2000'5008  0x1200  <Block tail>
                            - 0x2000'6208  0x1200

Unused ranges:

         From           To      Size
         ----           --      ----
   0x800'41dd   0x800'4fff     0xe23
   0x800'5032   0x800'5033       0x2
   0x801'0c94   0x803'ffff  0x2'f36c
  0x2000'5004  0x2000'5007       0x4
  0x2000'6208  0x2000'bfff    0x5df8


*******************************************************************************
*** INIT TABLE
***

          Address      Size
          -------      ----
Zero (__iar_zero_init3)
    1 destination range, total size 0x4f57:
          0x2000'00ac  0x4f57

Copy/lz77 (__iar_lz77_init_single3)
    1 source range, total size 0x49 (42% of destination):
           0x800'4194    0x49
    1 destination range, total size 0xac:
          0x2000'0000    0xac



*******************************************************************************
*** MODULE SUMMARY
***

    Module                     ro code  ro data  rw data  ro data
                                                           (abs)
    ------                     -------  -------  -------  -------
command line/config:
    -------------------------------------------------------------
    Total:

E:\AnyID\Git\FY\SM5001\SM5001\Build\Obj: [1]
    AnyID_FRam.o                   566
    AnyID_SM5001_AD.o              136      180
    AnyID_SM5001_AD_HL.o           336       16        4
    AnyID_SM5001_Device.o       14'512      636   11'405       50
    AnyID_SM5001_FRam.o            300               208
    AnyID_SM5001_FRam_HL.o         552       16
    AnyID_SM5001_Gate.o          1'532             2'372
    AnyID_SM5001_Gate_HL.o         640       24
    AnyID_SM5001_IO.o              232                16
    AnyID_SM5001_IO_HL.o           220       72
    AnyID_SM5001_RTC.o                        5       12
    AnyID_SM5001_SysCfg.o        4'652       41       17
    AnyID_SM5001_SysTick_HL.o      164                 8
    AnyID_SM5001_W232.o          3'760    1'116    2'992
    AnyID_SM5001_W232_HL.o         418       32
    AnyID_Stdlib.o                 734      272
    AnyID_Uart_Receive.o                           2'072
    Anyid_SM5001_ELECT.o           510               564
    Anyid_SM5001_ELECT_HL.o        736       24
    Anyid_SM5001_Sound.o         1'182               324
    Anyid_SM5001_Sound_HL.o        328       24
    Anyid_SM5001_Water.o           496        4      324
    Anyid_SM5001_Water_HL.o        694       24
    main.o                          52
    misc.o                         184
    startup_stm32f10x_hd.o         508
    stm32f10x_adc.o                592
    stm32f10x_dma.o                408
    stm32f10x_flash.o               44
    stm32f10x_gpio.o               376
    stm32f10x_it.o                 920                13
    stm32f10x_rcc.o                824        8       20
    stm32f10x_rtc.o                148
    stm32f10x_usart.o              734
    system_stm32f10x.o             272
    -------------------------------------------------------------
    Total:                      37'762    2'494   20'351       50

dl7M_tlf.a: [2]
    abort.o                          6
    exit.o                           4
    low_level_init.o                 4
    sprintf.o                       64
    strstr.o                        44
    xencoding_8859_1.o              30
    xfail_s.o                       64                 4
    xlocale_c.o                    124       60      128
    xmbcurmax.o                     10
    xprintffull.o                4'294
    xsprout.o                       10
    -------------------------------------------------------------
    Total:                       4'654       60      132

m7M_tl.a: [3]
    DblAdd.o                       362
    DblCmpGe.o                      46
    DblCmpLe.o                      46
    DblDiv.o                       582
    DblMul.o                       418
    DblSub.o                       226
    DblToS32.o                      58
    DblToU32.o                      40
    S32ToDbl.o                      34
    U32ToDbl.o                      26
    frexp.o                        112
    ldexp.o                        314
    -------------------------------------------------------------
    Total:                       2'264

rt7M_tl.a: [4]
    ABImemcpy.o                    166
    ABImemset.o                    102
    I64DivMod.o                    560
    I64DivZer.o                      2
    cexit.o                         10
    cmain.o                         30
    cstartup_M.o                    12
    data_init.o                     40
    lz77_init_single.o             120
    memchr.o                        88
    memcmp.o                       104
    strchr.o                        22
    strlen.o                        54
    zero_init3.o                    58
    -------------------------------------------------------------
    Total:                       1'368

shb_l.a: [5]
    exit.o                          20
    -------------------------------------------------------------
    Total:                          20

    Gaps                            45        2
    Linker created                           32    4'608
-----------------------------------------------------------------
    Grand Total:                46'113    2'588   25'091       50


*******************************************************************************
*** ENTRY LIST
***

Entry                       Address    Size  Type      Object
-----                       -------    ----  ----      ------
.iar.init_table$$Base    0x801'0810           --   Gb  - Linker created -
.iar.init_table$$Limit   0x801'0830           --   Gb  - Linker created -
?main                    0x801'08b1          Code  Gb  cmain.o [4]
ADC1_2_IRQHandler        0x800'fe01     0x2  Code  Gb  stm32f10x_it.o [1]
ADCPrescTable           0x2000'0028     0x4  Data  Lc  stm32f10x_rcc.o [1]
ADC_Cmd                  0x800'fa07    0x1c  Code  Gb  stm32f10x_adc.o [1]
ADC_DMACmd               0x800'fa23    0x1c  Code  Gb  stm32f10x_adc.o [1]
ADC_DeInit               0x800'f95d    0x5e  Code  Gb  stm32f10x_adc.o [1]
ADC_GetCalibrationStatus
                         0x800'fa67    0x14  Code  Gb  stm32f10x_adc.o [1]
ADC_GetResetCalibrationStatus
                         0x800'fa49    0x14  Code  Gb  stm32f10x_adc.o [1]
ADC_Init                 0x800'f9bb    0x4c  Code  Gb  stm32f10x_adc.o [1]
ADC_RegularChannelConfig
                         0x800'fa7b   0x11c  Code  Gb  stm32f10x_adc.o [1]
ADC_ResetCalibration     0x800'fa3f     0xa  Code  Gb  stm32f10x_adc.o [1]
ADC_StartCalibration     0x800'fa5d     0xa  Code  Gb  stm32f10x_adc.o [1]
AD_DmaInit               0x800'f127    0x5e  Code  Gb  AnyID_SM5001_AD_HL.o [1]
AD_GetTmpr               0x800'a78b    0x34  Code  Gb  AnyID_SM5001_AD.o [1]
AD_Init                  0x800'f08d    0x9a  Code  Gb  AnyID_SM5001_AD_HL.o [1]
AD_InitInterface         0x800'f051    0x3c  Code  Gb  AnyID_SM5001_AD_HL.o [1]
AD_TEMP1_COM             0x801'0a88     0x8  Data  Gb  AnyID_SM5001_AD_HL.o [1]
AD_TEMP2_COM             0x801'0a90     0x8  Data  Gb  AnyID_SM5001_AD_HL.o [1]
APBAHBPrescTable        0x2000'0018    0x10  Data  Lc  stm32f10x_rcc.o [1]
BusFault_Handler         0x800'fbb3     0x2  Code  Gb  stm32f10x_it.o [1]
CSTACK$$Base            0x2000'5008           --   Gb  - Linker created -
CSTACK$$Limit           0x2000'6208           --   Gb  - Linker created -
CacheMore                0x800'c789    0x28  Code  Lc  xlocale_c.o [2]
DEVICE_VERSION           0x800'5000    0x32  Data  Gb  AnyID_SM5001_Device.o [1]
DEV_INSEN_WAT_FB         0x801'0aa0     0x8  Data  Gb  AnyID_SM5001_Device.o [1]
DMA1_Channel2_IRQHandler
                         0x800'fd65    0x40  Code  Gb  stm32f10x_it.o [1]
DMA1_Channel3_IRQHandler
                         0x800'fd3f    0x26  Code  Gb  stm32f10x_it.o [1]
DMA1_Channel6_IRQHandler
                         0x800'fcc3    0x26  Code  Gb  stm32f10x_it.o [1]
DMA1_Channel7_IRQHandler
                         0x800'fce9    0x1a  Code  Gb  stm32f10x_it.o [1]
DMA2_Channel3_IRQHandler
                         0x800'fe03    0x26  Code  Gb  stm32f10x_it.o [1]
DMA2_Channel4_5_IRQHandler
                         0x800'fe29    0x38  Code  Gb  stm32f10x_it.o [1]
DMA_Cmd                  0x800'c3e1    0x1c  Code  Gb  stm32f10x_dma.o [1]
DMA_DeInit               0x800'c2b5    0xf0  Code  Gb  stm32f10x_dma.o [1]
DMA_ITConfig             0x800'c3fd    0x18  Code  Gb  stm32f10x_dma.o [1]
DMA_Init                 0x800'c3a5    0x3c  Code  Gb  stm32f10x_dma.o [1]
DebugMon_Handler         0x800'fbb9     0x2  Code  Gb  stm32f10x_it.o [1]
Device_BrwRsp            0x800'83b9    0x92  Code  Gb  AnyID_SM5001_Device.o [1]
Device_CheckRsp          0x800'7e95   0x1a2  Code  Gb  AnyID_SM5001_Device.o [1]
Device_ChkTempr          0x800'7a8d    0x62  Code  Gb  AnyID_SM5001_Device.o [1]
Device_Chk_Version       0x800'5237    0x2c  Code  Gb  AnyID_SM5001_Device.o [1]
Device_CommunCheckRsp    0x800'8205    0xca  Code  Gb  AnyID_SM5001_Device.o [1]
Device_CommunStep        0x800'82e1    0x42  Code  Gb  AnyID_SM5001_Device.o [1]
Device_CommunTxCmd       0x800'803d    0xf6  Code  Gb  AnyID_SM5001_Device.o [1]
Device_Ctr_BatVolce      0x800'7b85   0x30a  Code  Gb  AnyID_SM5001_Device.o [1]
Device_GateProceRspFrame
                         0x800'64ed   0x556  Code  Gb  AnyID_SM5001_Device.o [1]
Device_GateResponse      0x800'5719    0x90  Code  Gb  AnyID_SM5001_Device.o [1]
Device_GateRsvSlvInfo    0x800'63d9   0x10e  Code  Gb  AnyID_SM5001_Device.o [1]
Device_Gate_StateInit    0x800'8767    0xb2  Code  Gb  AnyID_SM5001_Device.o [1]
Device_Gate_StateRsp     0x800'8509   0x25e  Code  Gb  AnyID_SM5001_Device.o [1]
Device_HeartFormat       0x800'77b9   0x2d4  Code  Gb  AnyID_SM5001_Device.o [1]
Device_IO_Ctr            0x800'7aef    0x88  Code  Gb  AnyID_SM5001_Device.o [1]
Device_InfoChgRsp        0x800'8459    0x94  Code  Gb  AnyID_SM5001_Device.o [1]
Device_Init              0x800'5035    0x78  Code  Gb  AnyID_SM5001_Device.o [1]
Device_InitInSensor      0x800'63a5    0x2e  Code  Gb  AnyID_SM5001_Device.o [1]
Device_PostRsp           0x800'8141    0xae  Code  Gb  AnyID_SM5001_Device.o [1]
Device_ReadDeviceParamenter
                         0x800'50bf   0x178  Code  Gb  AnyID_SM5001_Device.o [1]
Device_ReadMqttKey       0x800'5263    0xea  Code  Gb  AnyID_SM5001_Device.o [1]
Device_ResponseBat       0x800'566b    0xae  Code  Gb  AnyID_SM5001_Device.o [1]
Device_ResponseBrBat     0x800'5529    0x6a  Code  Gb  AnyID_SM5001_Device.o [1]
Device_ResponseCfg       0x800'57a9   0x224  Code  Gb  AnyID_SM5001_Device.o [1]
Device_ResponseFrame     0x800'53c1    0xfe  Code  Gb  AnyID_SM5001_Device.o [1]
Device_ResponseGateFrame
                         0x800'59ed   0x9b8  Code  Gb  AnyID_SM5001_Device.o [1]
Device_ResponseInfoChg   0x800'5593    0xd8  Code  Gb  AnyID_SM5001_Device.o [1]
Device_ResponseRtBat     0x800'54bf    0x6a  Code  Gb  AnyID_SM5001_Device.o [1]
Device_RtuRsp            0x800'8323    0x92  Code  Gb  AnyID_SM5001_Device.o [1]
Device_ServerProcessRxInfo
                         0x800'7527   0x152  Code  Gb  AnyID_SM5001_Device.o [1]
Device_Set_Cfg           0x800'7361   0x1c6  Code  Gb  AnyID_SM5001_Device.o [1]
Device_UpHeartData       0x800'772b    0x6a  Code  Gb  AnyID_SM5001_Device.o [1]
Device_VoiceCtr          0x800'881d    0x5c  Code  Gb  AnyID_SM5001_Device.o [1]
Device_WaterProceRspFrame
                         0x800'6a43    0x96  Code  Gb  AnyID_SM5001_Device.o [1]
Device_WriteDeviceParamenter
                         0x800'534d    0x3c  Code  Gb  AnyID_SM5001_Device.o [1]
Device_WriteMqttKey      0x800'5389    0x38  Code  Gb  AnyID_SM5001_Device.o [1]
ELECT_PORT_CTRL          0x801'0ab8     0x8  Data  Gb  Anyid_SM5001_ELECT_HL.o [1]
ELECT_PORT_RX            0x801'0ab0     0x8  Data  Gb  Anyid_SM5001_ELECT_HL.o [1]
ELECT_PORT_TX            0x801'0aa8     0x8  Data  Gb  Anyid_SM5001_ELECT_HL.o [1]
Elect_CheckFrame         0x800'ed2d    0x44  Code  Gb  Anyid_SM5001_ELECT.o [1]
Elect_ConfigInt          0x800'f3b1    0x2e  Code  Gb  Anyid_SM5001_ELECT_HL.o [1]
Elect_FormatFrame        0x800'ec05    0x8c  Code  Gb  Anyid_SM5001_ELECT.o [1]
Elect_GetCrc16           0x800'ec91    0x56  Code  Gb  Anyid_SM5001_ELECT.o [1]
Elect_Init               0x800'ebbd    0x48  Code  Gb  Anyid_SM5001_ELECT.o [1]
Elect_InitInterface      0x800'f2e9    0xc8  Code  Gb  Anyid_SM5001_ELECT_HL.o [1]
Elect_InitRxDma          0x800'f46f    0x96  Code  Gb  Anyid_SM5001_ELECT_HL.o [1]
Elect_InitTxDma          0x800'f3df    0x90  Code  Gb  Anyid_SM5001_ELECT_HL.o [1]
Elect_Stop               0x800'f505    0x5c  Code  Gb  Anyid_SM5001_ELECT_HL.o [1]
Elect_TransmitCmd        0x800'ece7    0x36  Code  Gb  Anyid_SM5001_ELECT.o [1]
Elect_WriteBuffer        0x800'f573    0x34  Code  Gb  Anyid_SM5001_ELECT_HL.o [1]
Elect_WriteByte          0x800'f561    0x12  Code  Gb  Anyid_SM5001_ELECT_HL.o [1]
FLASH_PrefetchBufferCmd
                         0x800'e61b    0x14  Code  Gb  stm32f10x_flash.o [1]
FLASH_SetLatency         0x800'e609    0x12  Code  Gb  stm32f10x_flash.o [1]
FRAM_SCL_PORT            0x801'0ac8     0x8  Data  Gb  AnyID_SM5001_FRam_HL.o [1]
FRAM_SDA_PORT            0x801'0ac0     0x8  Data  Gb  AnyID_SM5001_FRam_HL.o [1]
FRam_Delayms             0x800'a9df    0x12  Code  Gb  AnyID_SM5001_FRam_HL.o [1]
FRam_I2CAck              0x800'aa79    0x30  Code  Gb  AnyID_SM5001_FRam_HL.o [1]
FRam_I2CDelay            0x800'a9d1     0xe  Code  Gb  AnyID_SM5001_FRam_HL.o [1]
FRam_I2CNoAck            0x800'aaa9    0x30  Code  Gb  AnyID_SM5001_FRam_HL.o [1]
FRam_I2CReceiveByte      0x800'ab65    0x4e  Code  Gb  AnyID_SM5001_FRam_HL.o [1]
FRam_I2CSendByte         0x800'ab1b    0x4a  Code  Gb  AnyID_SM5001_FRam_HL.o [1]
FRam_I2CStart            0x800'a9f1    0x58  Code  Gb  AnyID_SM5001_FRam_HL.o [1]
FRam_I2CStop             0x800'aa49    0x30  Code  Gb  AnyID_SM5001_FRam_HL.o [1]
FRam_I2CWaitAck          0x800'aad9    0x42  Code  Gb  AnyID_SM5001_FRam_HL.o [1]
FRam_InitInterface       0x800'a995    0x3c  Code  Gb  AnyID_SM5001_FRam_HL.o [1]
FRam_ReadBuffer          0x800'9795    0xe2  Code  Gb  AnyID_FRam.o [1]
FRam_WriteBuffer         0x800'9923    0xa8  Code  Gb  AnyID_FRam.o [1]
FRam_WritePage           0x800'9877    0xac  Code  Gb  AnyID_FRam.o [1]
Float32                  0x800'ed71    0x4a  Code  Gb  Anyid_SM5001_ELECT.o [1]
Fram_ReadBootParamenter
                         0x800'9d15    0xe8  Code  Gb  AnyID_SM5001_FRam.o [1]
Fram_WriteBootParamenter
                         0x800'9dfd    0x3e  Code  Gb  AnyID_SM5001_FRam.o [1]
GATE_PORT_CTRL           0x801'0ae0     0x8  Data  Gb  AnyID_SM5001_Gate_HL.o [1]
GATE_PORT_RX             0x801'0ad8     0x8  Data  Gb  AnyID_SM5001_Gate_HL.o [1]
GATE_PORT_TX             0x801'0ad0     0x8  Data  Gb  AnyID_SM5001_Gate_HL.o [1]
GPIO_Init                0x800'9f51    0xea  Code  Gb  stm32f10x_gpio.o [1]
GPIO_PinRemapConfig      0x800'a03b    0x84  Code  Gb  stm32f10x_gpio.o [1]
Gate_BrwBat              0x800'a671    0x54  Code  Gb  AnyID_SM5001_Gate.o [1]
Gate_CheckRspFrame       0x800'a569    0xe4  Code  Gb  AnyID_SM5001_Gate.o [1]
Gate_ConfigInt           0x800'ac8b    0x2e  Code  Gb  AnyID_SM5001_Gate_HL.o [1]
Gate_FormatCmd           0x800'a3a3   0x102  Code  Gb  AnyID_SM5001_Gate.o [1]
Gate_GetNextOp           0x800'a1e9   0x1ba  Code  Gb  AnyID_SM5001_Gate.o [1]
Gate_Init                0x800'a0c9    0xce  Code  Gb  AnyID_SM5001_Gate.o [1]
Gate_InitInterface       0x800'abbd    0xce  Code  Gb  AnyID_SM5001_Gate_HL.o [1]
Gate_InitRxDma           0x800'ad5d    0x94  Code  Gb  AnyID_SM5001_Gate_HL.o [1]
Gate_InitTxDma           0x800'acb9    0xa4  Code  Gb  AnyID_SM5001_Gate_HL.o [1]
Gate_Stop                0x800'a197    0x52  Code  Gb  AnyID_SM5001_Gate.o [1]
Gate_TxFrame             0x800'a4a5    0xc4  Code  Gb  AnyID_SM5001_Gate.o [1]
Gate_UartCheckErr        0x800'adf1    0x24  Code  Gb  AnyID_SM5001_Gate_HL.o [1]
HardFault_Handler        0x800'fbaf     0x2  Code  Gb  stm32f10x_it.o [1]
IO_FAN_CTL               0x801'0b20     0x8  Data  Gb  AnyID_SM5001_IO_HL.o [1]
IO_Init                  0x800'e635     0xe  Code  Gb  AnyID_SM5001_IO.o [1]
IO_InitInterface         0x800'f881    0xdc  Code  Gb  AnyID_SM5001_IO_HL.o [1]
IO_LED_CTL               0x801'0af0     0x8  Data  Gb  AnyID_SM5001_IO_HL.o [1]
IO_LIMIT_INPUT           0x801'0b08     0x8  Data  Gb  AnyID_SM5001_IO_HL.o [1]
IO_MOTOR_CTL             0x801'0ae8     0x8  Data  Gb  AnyID_SM5001_IO_HL.o [1]
IO_PWR_ERR_INPUT         0x801'0b18     0x8  Data  Gb  AnyID_SM5001_IO_HL.o [1]
IO_PWR_INPUT             0x801'0b10     0x8  Data  Gb  AnyID_SM5001_IO_HL.o [1]
IO_REALY_CTL             0x801'0b28     0x8  Data  Gb  AnyID_SM5001_IO_HL.o [1]
IO_SMOKE_INPUT           0x801'0af8     0x8  Data  Gb  AnyID_SM5001_IO_HL.o [1]
IO_Stat_Chk              0x800'e643    0xc2  Code  Gb  AnyID_SM5001_IO.o [1]
IO_WATER_INPUT           0x801'0b00     0x8  Data  Gb  AnyID_SM5001_IO_HL.o [1]
MemManage_Handler        0x800'fbb1     0x2  Code  Gb  stm32f10x_it.o [1]
Modele_Ctl               0x800'7679    0xb2  Code  Gb  AnyID_SM5001_Device.o [1]
NMI_Handler              0x800'fbad     0x2  Code  Gb  stm32f10x_it.o [1]
NVIC_Init                0x800'c207    0x66  Code  Gb  misc.o [1]
NVIC_PriorityGroupConfig
                         0x800'c1fd     0xa  Code  Gb  misc.o [1]
NVIC_SetVectorTable      0x800'c26d     0xc  Code  Gb  misc.o [1]
PendSV_Handler           0x800'fbbb     0x2  Code  Gb  stm32f10x_it.o [1]
RCC_ADCCLKConfig         0x800'c579    0x10  Code  Gb  stm32f10x_rcc.o [1]
RCC_AHBPeriphClockCmd    0x800'c661    0x1c  Code  Gb  stm32f10x_rcc.o [1]
RCC_APB1PeriphClockCmd   0x800'c699    0x1c  Code  Gb  stm32f10x_rcc.o [1]
RCC_APB1PeriphResetCmd   0x800'c6d1    0x1c  Code  Gb  stm32f10x_rcc.o [1]
RCC_APB2PeriphClockCmd   0x800'c67d    0x1c  Code  Gb  stm32f10x_rcc.o [1]
RCC_APB2PeriphResetCmd   0x800'c6b5    0x1c  Code  Gb  stm32f10x_rcc.o [1]
RCC_DeInit               0x800'c44d    0x40  Code  Gb  stm32f10x_rcc.o [1]
RCC_GetClocksFreq        0x800'c589    0xd8  Code  Gb  stm32f10x_rcc.o [1]
RCC_GetFlagStatus        0x800'c6ed    0x46  Code  Gb  stm32f10x_rcc.o [1]
RCC_GetSYSCLKSource      0x800'c537     0xa  Code  Gb  stm32f10x_rcc.o [1]
RCC_HCLKConfig           0x800'c541    0x10  Code  Gb  stm32f10x_rcc.o [1]
RCC_HSEConfig            0x800'c48d    0x3a  Code  Gb  stm32f10x_rcc.o [1]
RCC_PCLK1Config          0x800'c551    0x10  Code  Gb  stm32f10x_rcc.o [1]
RCC_PCLK2Config          0x800'c561    0x12  Code  Gb  stm32f10x_rcc.o [1]
RCC_PLLCmd               0x800'c51d     0xa  Code  Gb  stm32f10x_rcc.o [1]
RCC_PLLConfig            0x800'c505    0x18  Code  Gb  stm32f10x_rcc.o [1]
RCC_SYSCLKConfig         0x800'c527    0x10  Code  Gb  stm32f10x_rcc.o [1]
RCC_USBCLKConfig         0x800'c573     0x6  Code  Gb  stm32f10x_rcc.o [1]
RCC_WaitForHSEStartUp    0x800'c4c7    0x3e  Code  Gb  stm32f10x_rcc.o [1]
RTC_ClearFlag            0x800'ff97     0xa  Code  Gb  stm32f10x_rtc.o [1]
RTC_EnterConfigMode      0x800'ff45     0xc  Code  Gb  stm32f10x_rtc.o [1]
RTC_ExitConfigMode       0x800'ff51     0xe  Code  Gb  stm32f10x_rtc.o [1]
RTC_GetITStatus          0x800'ffa1    0x26  Code  Gb  stm32f10x_rtc.o [1]
RTC_IRQHandler           0x800'fc5d    0x2a  Code  Gb  stm32f10x_it.o [1]
RTC_SetCounter           0x800'ff5f    0x1a  Code  Gb  stm32f10x_rtc.o [1]
RTC_WaitForLastTask      0x800'ff79     0xa  Code  Gb  stm32f10x_rtc.o [1]
RTC_WaitForSynchro       0x800'ff83    0x14  Code  Gb  stm32f10x_rtc.o [1]
Reader_Delayms           0x800'50ad    0x12  Code  Gb  AnyID_SM5001_Device.o [1]
Reader_ProcessUartFrame
                         0x800'6af1   0x868  Code  Gb  AnyID_SM5001_Device.o [1]
Reader_ProcessUartFrame{2}{3}{44}{45}::snRData
                        0x2000'4fc8     0x8  Data  Lc  AnyID_SM5001_Device.o [1]
Reader_ProcessUartFrame{2}{3}{51}{52}::snBData
                        0x2000'4fd0     0x8  Data  Lc  AnyID_SM5001_Device.o [1]
Region$$Table$$Base      0x801'0810           --   Gb  - Linker created -
Region$$Table$$Limit     0x801'0830           --   Gb  - Linker created -
SOUND_PORT_CTL           0x801'0b40     0x8  Data  Gb  Anyid_SM5001_Sound_HL.o [1]
SOUND_PORT_RX            0x801'0b38     0x8  Data  Gb  Anyid_SM5001_Sound_HL.o [1]
SOUND_PORT_TX            0x801'0b30     0x8  Data  Gb  Anyid_SM5001_Sound_HL.o [1]
STick_InitSysTick        0x800'f009    0x26  Code  Gb  AnyID_SM5001_SysTick_HL.o [1]
SVC_Handler              0x800'fbb7     0x2  Code  Gb  stm32f10x_it.o [1]
SYS_RUN_LED              0x801'0b50     0x8  Data  Gb  AnyID_SM5001_SysCfg.o [1]
SetSysClock              0x801'0015     0x8  Code  Lc  system_stm32f10x.o [1]
SetSysClockTo72          0x801'001d    0xb0  Code  Lc  system_stm32f10x.o [1]
Sound_ConfigInt          0x800'f249    0x2e  Code  Gb  Anyid_SM5001_Sound_HL.o [1]
Sound_ConnectStep        0x800'eb79    0x42  Code  Gb  Anyid_SM5001_Sound.o [1]
Sound_CtrTxCmd           0x800'e907   0x266  Code  Gb  Anyid_SM5001_Sound.o [1]
Sound_EnableInt          0x800'f277    0x30  Code  Gb  Anyid_SM5001_Sound_HL.o [1]
Sound_FormaFrame_ApoVoice
                         0x800'e7c5    0x84  Code  Gb  Anyid_SM5001_Sound.o [1]
Sound_Init               0x800'e71d    0x20  Code  Gb  Anyid_SM5001_Sound.o [1]
Sound_InitInterface      0x800'f1a1    0xa8  Code  Gb  Anyid_SM5001_Sound_HL.o [1]
Sound_ReceiveFrame       0x800'e73d    0x88  Code  Gb  Anyid_SM5001_Sound.o [1]
Sound_Sum                0x800'e849    0x44  Code  Gb  Anyid_SM5001_Sound.o [1]
Sound_TransmitCmd        0x800'e8d7    0x30  Code  Gb  Anyid_SM5001_Sound.o [1]
Sound_WriteBuffer        0x800'f2a7    0x2c  Code  Gb  Anyid_SM5001_Sound_HL.o [1]
Sounde_Chk               0x800'e88d    0x4a  Code  Gb  Anyid_SM5001_Sound.o [1]
SysTick_CLKSourceConfig
                         0x800'c279    0x1c  Code  Gb  misc.o [1]
SysTick_Config           0x800'efd9    0x30  Code  Lc  AnyID_SM5001_SysTick_HL.o [1]
SysTick_Handler          0x800'fbbd    0x6a  Code  Gb  stm32f10x_it.o [1]
Sys_AdTask               0x800'e341    0x18  Code  Gb  AnyID_SM5001_SysCfg.o [1]
Sys_CfgClock             0x800'd3ef    0x76  Code  Gb  AnyID_SM5001_SysCfg.o [1]
Sys_CfgNVIC              0x800'd48d    0x18  Code  Gb  AnyID_SM5001_SysCfg.o [1]
Sys_CfgPeriphClk         0x800'd465    0x28  Code  Gb  AnyID_SM5001_SysCfg.o [1]
Sys_CtrlIOInit           0x800'd4a5    0x38  Code  Gb  AnyID_SM5001_SysCfg.o [1]
Sys_Delayms              0x800'd3dd    0x12  Code  Gb  AnyID_SM5001_SysCfg.o [1]
Sys_ElectTask            0x800'da81   0x142  Code  Gb  AnyID_SM5001_SysCfg.o [1]
Sys_GateTask             0x800'd63d   0x25c  Code  Gb  AnyID_SM5001_SysCfg.o [1]
Sys_HeratTask            0x800'e361   0x11c  Code  Gb  AnyID_SM5001_SysCfg.o [1]
Sys_HeratTask{6}{7}::statTick
                        0x2000'4fff     0x1  Data  Lc  AnyID_SM5001_SysCfg.o [1]
Sys_IOTask               0x800'e2f7    0x46  Code  Gb  AnyID_SM5001_SysCfg.o [1]
Sys_Init                 0x800'd4dd    0xca  Code  Gb  AnyID_SM5001_SysCfg.o [1]
Sys_LedTask              0x800'd5a7    0x96  Code  Gb  AnyID_SM5001_SysCfg.o [1]
Sys_ServerTask           0x800'de51   0x20e  Code  Gb  AnyID_SM5001_SysCfg.o [1]
Sys_SoundTask            0x800'd899   0x1e8  Code  Gb  AnyID_SM5001_SysCfg.o [1]
Sys_SoundTask{16}{17}::sampleTick
                        0x2000'4ffd     0x1  Data  Lc  AnyID_SM5001_SysCfg.o [1]
Sys_TestTask             0x800'e491   0x102  Code  Gb  AnyID_SM5001_SysCfg.o [1]
Sys_TestTask::addr      0x2000'5000     0x1  Data  Lc  AnyID_SM5001_SysCfg.o [1]
Sys_TestTask::tick      0x2000'5001     0x1  Data  Lc  AnyID_SM5001_SysCfg.o [1]
Sys_W232Task             0x800'dbc3   0x27a  Code  Gb  AnyID_SM5001_SysCfg.o [1]
Sys_WaterTask            0x800'e095   0x262  Code  Gb  AnyID_SM5001_SysCfg.o [1]
Sys_WaterTask{8}{9}::time
                        0x2000'4ffe     0x1  Data  Lc  AnyID_SM5001_SysCfg.o [1]
SystemInit               0x800'ffd9    0x3c  Code  Gb  system_stm32f10x.o [1]
UART4_IRQHandler         0x800'fe61    0x3c  Code  Gb  stm32f10x_it.o [1]
UART5_IRQHandler         0x800'fda5    0x5c  Code  Gb  stm32f10x_it.o [1]
USART1_IRQHandler        0x800'fc27    0x36  Code  Gb  stm32f10x_it.o [1]
USART2_IRQHandler        0x800'fc87    0x3c  Code  Gb  stm32f10x_it.o [1]
USART3_IRQHandler        0x800'fd03    0x3c  Code  Gb  stm32f10x_it.o [1]
USART_ClearFlag          0x800'b07b    0x10  Code  Gb  stm32f10x_usart.o [1]
USART_ClearITPendingBit
                         0x800'b0f5    0x26  Code  Gb  stm32f10x_usart.o [1]
USART_Cmd                0x800'afb9    0x1e  Code  Gb  stm32f10x_usart.o [1]
USART_DMACmd             0x800'b047    0x18  Code  Gb  stm32f10x_usart.o [1]
USART_DeInit             0x800'ae3d    0x90  Code  Gb  stm32f10x_usart.o [1]
USART_GetFlagStatus      0x800'b05f    0x1c  Code  Gb  stm32f10x_usart.o [1]
USART_GetITStatus        0x800'b08b    0x6a  Code  Gb  stm32f10x_usart.o [1]
USART_ITConfig           0x800'afd7    0x70  Code  Gb  stm32f10x_usart.o [1]
USART_Init               0x800'aecd    0xd6  Code  Gb  stm32f10x_usart.o [1]
UsageFault_Handler       0x800'fbb5     0x2  Code  Gb  stm32f10x_it.o [1]
W232_ConfigInt           0x800'a8b5    0x22  Code  Gb  AnyID_SM5001_W232_HL.o [1]
W232_ConnectCheckClose   0x800'9309    0x28  Code  Gb  AnyID_SM5001_W232.o [1]
W232_ConnectCheckRsp     0x800'902d   0x240  Code  Gb  AnyID_SM5001_W232.o [1]
W232_ConnectGetCClk      0x800'933d   0x224  Code  Gb  AnyID_SM5001_W232.o [1]
W232_ConnectInit         0x800'88fd   0x454  Code  Gb  AnyID_SM5001_W232.o [1]
W232_ConnectStep         0x800'926d    0x9c  Code  Gb  AnyID_SM5001_W232.o [1]
W232_ConnectTxCmd        0x800'8d51   0x2d8  Code  Gb  AnyID_SM5001_W232.o [1]
W232_DataHandle          0x800'9561   0x17c  Code  Gb  AnyID_SM5001_W232.o [1]
W232_Delayms             0x800'a919    0x12  Code  Gb  AnyID_SM5001_W232_HL.o [1]
W232_EnableInt           0x800'a8d7    0x30  Code  Gb  AnyID_SM5001_W232_HL.o [1]
W232_Init                0x800'88e5    0x18  Code  Gb  AnyID_SM5001_W232.o [1]
W232_InitInterface       0x800'a7f1    0xc4  Code  Gb  AnyID_SM5001_W232_HL.o [1]
W232_PORT_CTRL           0x801'0bb8     0x8  Data  Gb  AnyID_SM5001_W232_HL.o [1]
W232_PORT_KEY            0x801'0bb0     0x8  Data  Gb  AnyID_SM5001_W232_HL.o [1]
W232_PORT_RX             0x801'0ba8     0x8  Data  Gb  AnyID_SM5001_W232_HL.o [1]
W232_PORT_TX             0x801'0ba0     0x8  Data  Gb  AnyID_SM5001_W232_HL.o [1]
W232_WriteBuffer         0x800'a92b    0x2c  Code  Gb  AnyID_SM5001_W232_HL.o [1]
W232_WriteByte           0x800'a907    0x12  Code  Gb  AnyID_SM5001_W232_HL.o [1]
W232_WriteCmd            0x800'a971    0x22  Code  Gb  AnyID_SM5001_W232_HL.o [1]
WATER_PORT_CTRL          0x801'0bd0     0x8  Data  Gb  Anyid_SM5001_Water_HL.o [1]
WATER_PORT_RX            0x801'0bc8     0x8  Data  Gb  Anyid_SM5001_Water_HL.o [1]
WATER_PORT_TX            0x801'0bc0     0x8  Data  Gb  Anyid_SM5001_Water_HL.o [1]
Water_ConfigInt          0x800'f691    0x2e  Code  Gb  Anyid_SM5001_Water_HL.o [1]
Water_FormatFarme        0x800'ee05    0xf2  Code  Gb  Anyid_SM5001_Water.o [1]
Water_Init               0x800'edbd    0x48  Code  Gb  Anyid_SM5001_Water.o [1]
Water_InitInterface      0x800'f5c9    0xc8  Code  Gb  Anyid_SM5001_Water_HL.o [1]
Water_InitRxDma          0x800'f75d    0x96  Code  Gb  Anyid_SM5001_Water_HL.o [1]
Water_InitTxDma          0x800'f6bf    0x9e  Code  Gb  Anyid_SM5001_Water_HL.o [1]
Water_TransmitCmd        0x800'eef7    0xa2  Code  Gb  Anyid_SM5001_Water.o [1]
Water_WriteBuffer        0x800'f805    0x34  Code  Gb  Anyid_SM5001_Water_HL.o [1]
Water_WriteByte          0x800'f7f3    0x12  Code  Gb  Anyid_SM5001_Water_HL.o [1]
Water_WriteStr           0x800'f85d    0x22  Code  Gb  Anyid_SM5001_Water_HL.o [1]
Win_CalAvg               0x800'a73d    0x4e  Code  Gb  AnyID_SM5001_AD.o [1]
_Encoding_8859_1_Mbrlen
                         0x800'417d     0x2  Code  Gb  xencoding_8859_1.o [2]
_Encoding_8859_1_Wctomb
                         0x800'416b    0x12  Code  Gb  xencoding_8859_1.o [2]
_LitobFull               0x800'c02f   0x10a  Code  Lc  xprintffull.o [2]
_Locale_lconv           0x2000'002c    0x38  Data  Lc  xlocale_c.o [2]
_PrintfFull              0x800'b11d   0xcc4  Code  Gb  xprintffull.o [2]
_PutcharsFull            0x800'c1a1    0x2e  Code  Lc  xprintffull.o [2]
_PutstrFull              0x800'bf6f    0xc0  Code  Lc  xprintffull.o [2]
_PuttxtFull              0x800'be63   0x10c  Code  Lc  xprintffull.o [2]
_SProut                  0x800'4189     0xa  Code  Gb  xsprout.o [2]
__ICFEDIT_region_RAM_end__ {Abs}
                        0x2000'bfff          Data  Gb  <internal module>
__ICFEDIT_region_RAM_start__ {Abs}
                        0x2000'0000          Data  Gb  <internal module>
__NVIC_SetPriority       0x800'efad    0x2c  Code  Lc  AnyID_SM5001_SysTick_HL.o [1]
__aeabi_cdcmple          0x800'c909          Code  Gb  DblCmpLe.o [3]
__aeabi_cdrcmple         0x800'c939          Code  Gb  DblCmpGe.o [3]
__aeabi_d2iz             0x800'caa5          Code  Gb  DblToS32.o [3]
__aeabi_d2uiz            0x800'ce31          Code  Gb  DblToU32.o [3]
__aeabi_ddiv             0x800'cbe9          Code  Gb  DblDiv.o [3]
__aeabi_dmul             0x800'ce75          Code  Gb  DblMul.o [3]
__aeabi_dsub             0x800'cb05          Code  Gb  DblSub.o [3]
__aeabi_i2d              0x800'cae1          Code  Gb  S32ToDbl.o [3]
__aeabi_ldiv0            0x800'd3c5          Code  Gb  I64DivZer.o [4]
__aeabi_memcpy           0x800'9e41          Code  Gb  ABImemcpy.o [4]
__aeabi_memcpy4          0x800'9e61          Code  Gb  ABImemcpy.o [4]
__aeabi_memcpy8          0x800'9e61          Code  Gb  ABImemcpy.o [4]
__aeabi_memset           0x800'9cad          Code  Gb  ABImemset.o [4]
__aeabi_ui2d             0x800'ce59          Code  Gb  U32ToDbl.o [3]
__aeabi_uldivmod         0x800'd021          Code  Gb  I64DivMod.o [4]
__cmain                  0x801'08b1          Code  Gb  cmain.o [4]
__exit                   0x800'd3c9    0x14  Code  Gb  exit.o [5]
__iar_Fail_s             0x800'c801    0x1c  Code  Gb  xfail_s.o [2]
__iar_Mbcurmax           0x800'd017     0xa  Code  Gb  xmbcurmax.o [2]
__iar_Memchr             0x800'c841          Code  Gb  memchr.o [4]
__iar_Memset             0x800'9cad          Code  Gb  ABImemset.o [4]
__iar_Memset_word        0x800'9cb5          Code  Gb  ABImemset.o [4]
__iar_Strchr             0x800'c1e5          Code  Gb  strchr.o [4]
__iar_dadd               0x800'cb15          Code  Gb  DblSub.o [3]
__iar_data_init3         0x801'07c5    0x28  Code  Gb  data_init.o [4]
__iar_dsub               0x800'd259          Code  Gb  DblAdd.o [3]
__iar_dsubStart          0x800'd26b          Code  Gb  DblAdd.o [3]
__iar_frexp              0x800'c8a5          Code  Gb  frexp.o [3]
__iar_frexp64            0x800'c899          Code  Gb  frexp.o [3]
__iar_frexpl             0x800'c8a5          Code  Gb  frexp.o [3]
__iar_globLocale        0x2000'0064    0x48  Data  Lc  xlocale_c.o [2]
__iar_global_Locale      0x800'c785     0x4  Code  Gb  xlocale_c.o [2]
__iar_ldexp64            0x800'c969          Code  Gb  ldexp.o [3]
__iar_lz77_init_single3
                         0x801'029d    0x78  Code  Gb  lz77_init_single.o [4]
__iar_program_start      0x801'0a7d          Code  Gb  cstartup_M.o [4]
__iar_scalbln64          0x800'c969          Code  Gb  ldexp.o [3]
__iar_scalbn64           0x800'c969          Code  Gb  ldexp.o [3]
__iar_zero_init3         0x800'4131    0x3a  Code  Gb  zero_init3.o [4]
__low_level_init         0x801'08cf     0x4  Code  Gb  low_level_init.o [2]
__vector_table           0x800'4000          Data  Gb  startup_stm32f10x_hd.o [1]
_call_main               0x801'08bd          Code  Gb  cmain.o [4]
_exit                    0x801'08d9          Code  Gb  cexit.o [4]
_gLocale_mblen           0x800'c7ed     0x4  Code  Gb  xlocale_c.o [2]
_gLocale_mblenInt        0x800'c7b1    0x2c  Code  Gb  xlocale_c.o [2]
_gLocale_wctomb          0x800'c7f1     0x4  Code  Gb  xlocale_c.o [2]
_gLocale_wctombInt       0x800'c7e9     0x4  Code  Gb  xlocale_c.o [2]
_main                    0x801'08cb          Code  Gb  cmain.o [4]
a_GetCrc                 0x800'99cd    0x48  Code  Gb  AnyID_Stdlib.o [1]
a_Hex2Str                0x800'9a7b    0x54  Code  Gb  AnyID_Stdlib.o [1]
a_IndexOf                0x800'9c79    0x32  Code  Gb  AnyID_Stdlib.o [1]
a_Str2Hex                0x800'9a15    0x66  Code  Gb  AnyID_Stdlib.o [1]
a_atoi                   0x800'9ad9   0x1a0  Code  Gb  AnyID_Stdlib.o [1]
abort                    0x800'd251     0x6  Code  Gb  abort.o [2]
exit                     0x801'08d3     0x4  Code  Gb  exit.o [2]
frexp                    0x800'c899          Code  Gb  frexp.o [3]
frexpl                   0x800'c899          Code  Gb  frexp.o [3]
g_aADTmprBuf             0x801'01e8    0xb4  Data  Gb  AnyID_SM5001_AD.o [1]
g_aAdBuffer             0x2000'4fd8     0x4  Data  Gb  AnyID_SM5001_AD_HL.o [1]
g_aAsicto                0x801'00e8   0x100  Data  Gb  AnyID_Stdlib.o [1]
g_aGateSlvInfo          0x2000'3bd8   0x630  Data  Gb  AnyID_SM5001_Gate.o [1]
g_aGateSlvStat          0x2000'4f50    0x24  Data  Gb  AnyID_SM5001_Gate.o [1]
g_aGprsServerInfo       0x2000'4eb4    0x60  Data  Gb  AnyID_SM5001_W232.o [1]
g_aHextoAsic             0x801'09cc    0x10  Data  Gb  AnyID_Stdlib.o [1]
g_nDeviceImpRspInfo     0x2000'4e50    0x64  Data  Gb  AnyID_SM5001_Device.o [1]
g_nDeviceServerTxBuf    0x2000'350c   0x6cc  Data  Gb  AnyID_SM5001_Device.o [1]
g_nElectDr              0x2000'4ff2     0x2  Data  Gb  stm32f10x_it.o [1]
g_nElectSr              0x2000'4ff0     0x2  Data  Gb  stm32f10x_it.o [1]
g_nGateDr               0x2000'4ffa     0x2  Data  Gb  stm32f10x_it.o [1]
g_nGateSr               0x2000'4ff8     0x2  Data  Gb  stm32f10x_it.o [1]
g_nImei                 0x2000'4f90    0x14  Data  Gb  AnyID_SM5001_W232.o [1]
g_nImsiStr              0x2000'4fa4    0x14  Data  Gb  AnyID_SM5001_W232.o [1]
g_nLedDelayTime         0x2000'4fdc     0x4  Data  Gb  AnyID_SM5001_SysCfg.o [1]
g_nMasterFlag           0x2000'4ffc     0x1  Data  Gb  AnyID_SM5001_Device.o [1]
g_nMqttAtBuf            0x2000'250c   0x800  Data  Gb  AnyID_SM5001_Device.o [1]
g_nMqttBuf              0x2000'2d0c   0x800  Data  Gb  AnyID_SM5001_Device.o [1]
g_nSysDelay             0x2000'4fe8     0x4  Data  Gb  AnyID_SM5001_SysTick_HL.o [1]
g_nSysState             0x2000'000c     0x4  Data  Gb  AnyID_SM5001_SysCfg.o [1]
g_nSysTick              0x2000'4fe4     0x4  Data  Gb  AnyID_SM5001_SysTick_HL.o [1]
g_nTestIndex            0x2000'4fe0     0x4  Data  Gb  AnyID_SM5001_SysCfg.o [1]
g_nW232RxByte           0x2000'5002     0x1  Data  Gb  stm32f10x_it.o [1]
g_nWaterDr              0x2000'4ff6     0x2  Data  Gb  stm32f10x_it.o [1]
g_nWaterGetUidBuffer    0x2000'0010     0x8  Data  Gb  Anyid_SM5001_Water.o [1]
g_nWaterSr              0x2000'4ff4     0x2  Data  Gb  stm32f10x_it.o [1]
g_sDeviceParams         0x2000'4b80   0x11c  Data  Gb  AnyID_SM5001_Device.o [1]
g_sDeviceRspFrame       0x2000'00ac  0x1430  Data  Gb  AnyID_SM5001_Device.o [1]
g_sElectInfo            0x2000'44f8   0x234  Data  Gb  Anyid_SM5001_ELECT.o [1]
g_sFramBootParamenter   0x2000'4f74    0x1c  Data  Gb  AnyID_SM5001_FRam.o [1]
g_sGateOpInfo           0x2000'4208   0x2f0  Data  Gb  AnyID_SM5001_Gate.o [1]
g_sIoInfo               0x2000'4fb8    0x10  Data  Gb  AnyID_SM5001_IO.o [1]
g_sMqttKey              0x2000'4d9c    0xb4  Data  Gb  AnyID_SM5001_FRam.o [1]
g_sRtcTime              0x2000'0000     0xc  Data  Gb  AnyID_SM5001_RTC.o [1]
g_sSoundInfo            0x2000'4918   0x144  Data  Gb  Anyid_SM5001_Sound.o [1]
g_sUartRcvFrame         0x2000'1cf4   0x818  Data  Gb  AnyID_Uart_Receive.o [1]
g_sW232Connect          0x2000'472c   0x1ec  Data  Gb  AnyID_SM5001_W232.o [1]
g_sW232RcvBuffer        0x2000'4a5c   0x124  Data  Gb  AnyID_SM5001_W232.o [1]
g_sW232RcvFrame         0x2000'14dc   0x818  Data  Gb  AnyID_SM5001_W232.o [1]
g_sWaterInfo            0x2000'4c9c   0x100  Data  Gb  Anyid_SM5001_Water.o [1]
g_sWaterTempRcv         0x2000'4f14    0x3c  Data  Gb  Anyid_SM5001_Water.o [1]
ldexp                    0x800'c969          Code  Gb  ldexp.o [3]
ldexpl                   0x800'c969          Code  Gb  ldexp.o [3]
localeconv               0x800'c7f5     0x4  Code  Gb  xlocale_c.o [2]
main                     0x801'06dd    0x34  Code  Gb  main.o [1]
memchr                   0x800'c841          Code  Gb  memchr.o [4]
memcmp                   0x800'9ee9          Code  Gb  memcmp.o [4]
scalbln                  0x800'c969          Code  Gb  ldexp.o [3]
scalblnl                 0x800'c969          Code  Gb  ldexp.o [3]
scalbn                   0x800'c969          Code  Gb  ldexp.o [3]
scalbnl                  0x800'c969          Code  Gb  ldexp.o [3]
scale                    0x800'c139    0x46  Code  Lc  xprintffull.o [2]
sec_hand                0x2000'4fec     0x4  Data  Lc  xfail_s.o [2]
sprintf                  0x800'a6fd    0x40  Code  Gb  sprintf.o [2]
strchr                   0x800'c1e5          Code  Gb  strchr.o [4]
strlen                   0x800'a6c5          Code  Gb  strlen.o [4]
strstr                   0x800'a7c5    0x2c  Code  Gb  strstr.o [2]


[1] = E:\AnyID\Git\FY\SM5001\SM5001\Build\Obj
[2] = dl7M_tlf.a
[3] = m7M_tl.a
[4] = rt7M_tl.a
[5] = shb_l.a

  46'113 bytes of readonly  code memory
   2'588 bytes of readonly  data memory (+ 50 absolute)
  25'091 bytes of readwrite data memory

Errors: none
Warnings: none
